Archive member included because of file (symbol)

calypso/libcalypso.a(clock.o)
                              fb/fb_ssd1783.o (calypso_reset_set)
calypso/libcalypso.a(dma.o)   board/compal_e99/init.o (dma_init)
calypso/libcalypso.a(dsp.o)   apps/compal_dsp_dump/main.o (dsp_dump)
calypso/libcalypso.a(irq.o)   abb/twl3025.o (irq_enable)
calypso/libcalypso.a(rtc.o)   board/compal_e99/init.o (rtc_init)
calypso/libcalypso.a(spi.o)   abb/twl3025.o (spi_init)
calypso/libcalypso.a(tpu.o)   abb/twl3025.o (tpu_enqueue)
calypso/libcalypso.a(tsp.o)   abb/twl3025.o (tsp_write)
calypso/libcalypso.a(keypad.o)
                              board/compal_e99/init.o (keypad_init)
calypso/libcalypso.a(misc.o)  apps/compal_dsp_dump/main.o (dump_dev_id)
calypso/libcalypso.a(timer.o)
                              board/compal_e99/init.o (hwtimer_init)
calypso/libcalypso.a(backlight.o)
                              board/compal_e99/init.o (bl_mode_pwl)
calypso/libcalypso.a(uart.o)  board/compal_e99/init.o (uart_init)
calypso/libcalypso.a(uwire.o)
                              fb/fb_ssd1783.o (uwire_init)
calypso/libcalypso.a(arm.o)   calypso/libcalypso.a(irq.o) (arm_enable_interrupts)
lib/libmini.a(vsprintf.o)     apps/compal_dsp_dump/main.o (puts)
lib/libmini.a(string.o)       lib/libmini.a(vsprintf.o) (strnlen)
lib/libmini.a(ctype.o)        lib/libmini.a(vsprintf.o) (_ctype)
lib/libmini.a(printf.o)       abb/twl3025.o (printf)
lib/libmini.a(console.o)      board/compal_e99/init.o (cons_bind_uart)
lib/libmini.a(ctors.o)        board/compal/start.ram.o (do_global_ctors)
lib/libmini.a(delay.o)        calypso/libcalypso.a(tpu.o) (delay_us)
lib/libmini.a(div64.o)        lib/libmini.a(vsprintf.o) (__do_div64)
lib/libmini.a(lib1funcs.o)    rf/trf6151.o (__udivsi3)
lib/libmini.a(memcpy.o)       fb/fb_ssd1783.o (memcpy)
lib/libmini.a(memset.o)       lib/libmini.a(console.o) (memset)
comm/libcomm.a(sercomm.o)     board/compal_e99/init.o (sercomm_bind_uart)
comm/libcomm.a(sercomm_cons.o)
                              lib/libmini.a(vsprintf.o) (sercomm_puts)
comm/libcomm.a(timer.o)       calypso/libcalypso.a(keypad.o) (jiffies)
../../shared/libosmocore/build-target/src/.libs/libosmocore.a(msgb.o)
                              comm/libcomm.a(sercomm.o) (msgb_alloc)
../../shared/libosmocore/build-target/src/.libs/libosmocore.a(panic.o)
                              comm/libcomm.a(sercomm.o) (osmo_panic)
../../shared/libosmocore/build-target/src/gsm/.libs/libosmogsm.a(gsm_utils.o)
                              rf/trf6151.o (gsm_arfcn2band)
comm/libcomm.a(msgb.o)        ../../shared/libosmocore/build-target/src/.libs/libosmocore.a(msgb.o) (_talloc_zero)

Allocating common symbols
Common symbol       size              file

tall_msgb_ctx       0x4               ../../shared/libosmocore/build-target/src/.libs/libosmocore.a(msgb.o)
battery_info        0x14              battery/dummy.o
jiffies             0x4               comm/libcomm.a(timer.o)

Memory Configuration

Name             Origin             Length             Attributes
XRAM             0x0000000000800000 0x0000000000020000 rw
RAM              0x0000000000820000 0x0000000000030000 rw
*default*        0x0000000000000000 0xffffffffffffffff

Linker script and memory map

                0x0000000000820000                . = 0x820000

.text.start     0x0000000000820000       0x6c
                0x0000000000820000                PROVIDE (_start, .)
 *(.text.start)
 .text.start    0x0000000000820000       0x6c board/compal/start.ram.o
                0x0000000000820000                _start
 *(.text.start)

.text.exceptions
                0x000000000080001c       0x1c load address 0x000000000082006c
 *(.text.exceptions)
 .text.exceptions
                0x000000000080001c       0x1c board/compal/exceptions_redirected.o
 *(.text.exceptions)
                0x0000000000800038                . = ALIGN (0x4)
                0x000000000082006c                PROVIDE (_exceptions, LOADADDR (.text.exceptions))
                0x0000000000800038                . = ALIGN (0x4)

.text           0x0000000000820088     0x4700 load address 0x0000000000820088
 *(.text*)
 .text.fb_putstr
                0x0000000000820088       0x1c apps/compal_dsp_dump/main.o
 .text.main     0x00000000008200a4      0x110 apps/compal_dsp_dump/main.o
                0x00000000008200a4                main
 .text.twl3025_reg_write
                0x00000000008201b4       0x68 abb/twl3025.o
                0x00000000008201b4                twl3025_reg_write
 .text.twl3025_unit_enable
                0x000000000082021c       0x6c abb/twl3025.o
                0x000000000082021c                twl3025_unit_enable
 .text.twl3025_switch_page
                0x0000000000820288       0x30 abb/twl3025.o
 .text.twl3025_reg_read
                0x00000000008202b8       0x80 abb/twl3025.o
                0x00000000008202b8                twl3025_reg_read
 .text.twl3025_power_off
                0x0000000000820338       0x30 abb/twl3025.o
                0x0000000000820338                twl3025_power_off
 .text.twl3025_irq
                0x0000000000820368       0x70 abb/twl3025.o
 .text.twl3025_wait_ibic_access
                0x00000000008203d8        0x8 abb/twl3025.o
 .text.twl3025_clk13m
                0x00000000008203e0       0x38 abb/twl3025.o
                0x00000000008203e0                twl3025_clk13m
 .text.twl3025_init
                0x0000000000820418       0x9c abb/twl3025.o
                0x0000000000820418                twl3025_init
 .text.twl3025_get_pwon
                0x00000000008204b4       0x58 abb/twl3025.o
                0x00000000008204b4                twl3025_get_pwon
 .text          0x000000000082050c       0xfc board/common/calypso_uart.o
                0x0000000000820518                phex
                0x000000000082054c                puts_asm
                0x0000000000820598                memdump_asm
                0x0000000000820588                putchar_asm
 .text.board_init
                0x0000000000820608      0x1ec board/compal_e99/init.o
                0x0000000000820608                board_init
 .text.fb_font_get_char
                0x00000000008207f4       0x50 fb/font.o
                0x00000000008207f4                fb_font_get_char
 .text.fb_limit_fb_range
                0x0000000000820844       0x38 fb/fb_rgb332.o
 .text.fb_sanitize_box
                0x000000000082087c       0x50 fb/fb_rgb332.o
 .text.fb_rgb332_clear
                0x00000000008208cc       0x74 fb/fb_rgb332.o
                0x00000000008208cc                fb_rgb332_clear
 .text.fb_rgb332_update_damage
                0x0000000000820940       0xd8 fb/fb_rgb332.o
 .text.rgb_to_pixel
                0x0000000000820a18       0x24 fb/fb_rgb332.o
 .text.set_pix  0x0000000000820a3c       0x24 fb/fb_rgb332.o
 .text.fb_rgb332_boxto
                0x0000000000820a60      0x11c fb/fb_rgb332.o
                0x0000000000820a60                fb_rgb332_boxto
 .text.fb_rgb332_lineto
                0x0000000000820b7c      0x138 fb/fb_rgb332.o
                0x0000000000820b7c                fb_rgb332_lineto
 .text.fb_rgb332_putstr
                0x0000000000820cb4      0x2b8 fb/fb_rgb332.o
                0x0000000000820cb4                fb_rgb332_putstr
 .text.fb_ssd1783_send_cmdlist
                0x0000000000820f6c       0x50 fb/fb_ssd1783.o
 .text.fb_ssd1783_init
                0x0000000000820fbc       0x48 fb/fb_ssd1783.o
 .text.fb_ssd1783_flush
                0x0000000000821004      0x198 fb/fb_ssd1783.o
 .text          0x000000000082119c       0x90 board/compal/handlers.o
                0x000000000082119c                handle_abort
                0x00000000008211dc                irq_entry
                0x0000000000821204                fiq_entry
 .text.calypso_pll_set
                0x000000000082122c       0x38 calypso/libcalypso.a(clock.o)
                0x000000000082122c                calypso_pll_set
 .text.calypso_reset_set
                0x0000000000821264       0x2c calypso/libcalypso.a(clock.o)
                0x0000000000821264                calypso_reset_set
 .text.calypso_clock_set
                0x0000000000821290       0xa0 calypso/libcalypso.a(clock.o)
                0x0000000000821290                calypso_clock_set
 .text.calypso_mem_cfg
                0x0000000000821330       0x20 calypso/libcalypso.a(clock.o)
                0x0000000000821330                calypso_mem_cfg
 .text.calypso_bootrom
                0x0000000000821350       0x28 calypso/libcalypso.a(clock.o)
                0x0000000000821350                calypso_bootrom
 .text.calypso_rhea_cfg
                0x0000000000821378       0x58 calypso/libcalypso.a(clock.o)
                0x0000000000821378                calypso_rhea_cfg
 .text.dma_init
                0x00000000008213d0       0x14 calypso/libcalypso.a(dma.o)
                0x00000000008213d0                dma_init
 .text.dsp_upload_sections_api
                0x00000000008213e4       0x88 calypso/libcalypso.a(dsp.o)
 .text.dsp_pre_boot
                0x000000000082146c       0x90 calypso/libcalypso.a(dsp.o)
 .text.dsp_dump
                0x00000000008214fc      0x1d0 calypso/libcalypso.a(dsp.o)
                0x00000000008214fc                dsp_dump
 .text._irq_enable
                0x00000000008216cc       0x48 calypso/libcalypso.a(irq.o)
 .text.irq_enable
                0x0000000000821714        0x8 calypso/libcalypso.a(irq.o)
                0x0000000000821714                irq_enable
 .text.irq_disable
                0x000000000082171c        0x8 calypso/libcalypso.a(irq.o)
                0x000000000082171c                irq_disable
 .text.irq_config
                0x0000000000821724       0x50 calypso/libcalypso.a(irq.o)
                0x0000000000821724                irq_config
 .text.irq      0x0000000000821774       0x44 calypso/libcalypso.a(irq.o)
                0x0000000000821774                irq
 .text.fiq      0x00000000008217b8       0x44 calypso/libcalypso.a(irq.o)
                0x00000000008217b8                fiq
 .text.irq_register_handler
                0x00000000008217fc       0x14 calypso/libcalypso.a(irq.o)
                0x00000000008217fc                irq_register_handler
 .text.calypso_exceptions_install
                0x0000000000821810       0x30 calypso/libcalypso.a(irq.o)
                0x0000000000821810                calypso_exceptions_install
 .text.irq_init
                0x0000000000821840       0x6c calypso/libcalypso.a(irq.o)
                0x0000000000821840                irq_init
 .text.rtc_irq_tick
                0x00000000008218ac       0x18 calypso/libcalypso.a(rtc.o)
 .text.rtc_init
                0x00000000008218c4       0x5c calypso/libcalypso.a(rtc.o)
                0x00000000008218c4                rtc_init
 .text.spi_init
                0x0000000000821920       0x20 calypso/libcalypso.a(spi.o)
                0x0000000000821920                spi_init
 .text.spi_xfer
                0x0000000000821940      0x120 calypso/libcalypso.a(spi.o)
                0x0000000000821940                spi_xfer
 .text.emit_key
                0x0000000000821a60       0x58 calypso/libcalypso.a(keypad.o)
                0x0000000000821a60                emit_key
 .text.dispatch_buttons
                0x0000000000821ab8       0xd4 calypso/libcalypso.a(keypad.o)
                0x0000000000821ab8                dispatch_buttons
 .text.keypad_irq
                0x0000000000821b8c       0x18 calypso/libcalypso.a(keypad.o)
 .text.keypad_init
                0x0000000000821ba4       0x88 calypso/libcalypso.a(keypad.o)
                0x0000000000821ba4                keypad_init
 .text.keypad_poll
                0x0000000000821c2c      0x250 calypso/libcalypso.a(keypad.o)
                0x0000000000821c2c                keypad_poll
 .text.dump_dev_id
                0x0000000000821e7c       0xa4 calypso/libcalypso.a(misc.o)
                0x0000000000821e7c                dump_dev_id
 .text.hwtimer_enable
                0x0000000000821f20       0x70 calypso/libcalypso.a(timer.o)
                0x0000000000821f20                hwtimer_enable
 .text.hwtimer_config
                0x0000000000821f90       0x30 calypso/libcalypso.a(timer.o)
                0x0000000000821f90                hwtimer_config
 .text.hwtimer_load
                0x0000000000821fc0       0x28 calypso/libcalypso.a(timer.o)
                0x0000000000821fc0                hwtimer_load
 .text.hwtimer_init
                0x0000000000821fe8       0x1c calypso/libcalypso.a(timer.o)
                0x0000000000821fe8                hwtimer_init
 .text.wdog_irq
                0x0000000000822004        0xc calypso/libcalypso.a(timer.o)
 .text.wdog_enable
                0x0000000000822010       0x64 calypso/libcalypso.a(timer.o)
                0x0000000000822010                wdog_enable
 .text.bl_mode_pwl
                0x0000000000822074       0x44 calypso/libcalypso.a(backlight.o)
                0x0000000000822074                bl_mode_pwl
 .text.bl_level
                0x00000000008220b8       0x34 calypso/libcalypso.a(backlight.o)
                0x00000000008220b8                bl_level
 .text.uart_set_lcr7bit
                0x00000000008220ec       0x28 calypso/libcalypso.a(uart.o)
 .text.uart_set_lcr_bf
                0x0000000000822114       0x34 calypso/libcalypso.a(uart.o)
 .text.uart_set_mcr6bit
                0x0000000000822148       0x28 calypso/libcalypso.a(uart.o)
 .text.uart_reg_write
                0x0000000000822170       0x9c calypso/libcalypso.a(uart.o)
 .text.uart_reg_read
                0x000000000082220c       0x9c calypso/libcalypso.a(uart.o)
 .text.uart_irq_handler_cons
                0x00000000008222a8       0x5c calypso/libcalypso.a(uart.o)
 .text.uart_irq_enable
                0x0000000000822304       0x58 calypso/libcalypso.a(uart.o)
                0x0000000000822304                uart_irq_enable
 .text.uart_tx_busy
                0x000000000082235c       0x18 calypso/libcalypso.a(uart.o)
                0x000000000082235c                uart_tx_busy
 .text.uart_putchar_nb
                0x0000000000822374       0x34 calypso/libcalypso.a(uart.o)
                0x0000000000822374                uart_putchar_nb
 .text.uart_getchar_nb
                0x00000000008223a8       0x88 calypso/libcalypso.a(uart.o)
                0x00000000008223a8                uart_getchar_nb
 .text.uart_irq_handler_sercomm
                0x0000000000822430      0x118 calypso/libcalypso.a(uart.o)
 .text.uart_init
                0x0000000000822548      0x188 calypso/libcalypso.a(uart.o)
                0x0000000000822548                uart_init
 .text.uart_putchar_wait
                0x00000000008226d0       0x2c calypso/libcalypso.a(uart.o)
                0x00000000008226d0                uart_putchar_wait
 .text.uart_baudrate
                0x00000000008226fc       0x74 calypso/libcalypso.a(uart.o)
                0x00000000008226fc                uart_baudrate
 .text.uwire_init
                0x0000000000822770       0x40 calypso/libcalypso.a(uwire.o)
                0x0000000000822770                uwire_init
 .text.uwire_xfer
                0x00000000008227b0      0x114 calypso/libcalypso.a(uwire.o)
                0x00000000008227b0                uwire_xfer
 .text.arm_enable_interrupts
                0x00000000008228c4       0x10 calypso/libcalypso.a(arm.o)
                0x00000000008228c4                arm_enable_interrupts
 .text.skip_atoi
                0x00000000008228d4       0x48 lib/libmini.a(vsprintf.o)
 .text.number   0x000000000082291c      0x2a0 lib/libmini.a(vsprintf.o)
 .text.vsnprintf
                0x0000000000822bbc      0x540 lib/libmini.a(vsprintf.o)
                0x0000000000822bbc                vsnprintf
 .text.puts     0x00000000008230fc        0x4 lib/libmini.a(vsprintf.o)
                0x00000000008230fc                puts
 .text.strnlen  0x0000000000823100       0x2c lib/libmini.a(string.o)
                0x0000000000823100                strnlen
 .text.strlen   0x000000000082312c       0x20 lib/libmini.a(string.o)
                0x000000000082312c                strlen
 .text.printf   0x000000000082314c       0x50 lib/libmini.a(printf.o)
                0x000000000082314c                printf
 .text.cons_bind_uart
                0x000000000082319c       0x18 lib/libmini.a(console.o)
                0x000000000082319c                cons_bind_uart
 .text.cons_get_uart
                0x00000000008231b4       0x18 lib/libmini.a(console.o)
                0x00000000008231b4                cons_get_uart
 .text.cons_init
                0x00000000008231cc       0x40 lib/libmini.a(console.o)
                0x00000000008231cc                cons_init
 .text.cons_rb_pull
                0x000000000082320c       0x6c lib/libmini.a(console.o)
 .text.cons_rb_flush
                0x0000000000823278       0x58 lib/libmini.a(console.o)
                0x0000000000823278                cons_rb_flush
 .text.__cons_rb_append
                0x00000000008232d0       0x6c lib/libmini.a(console.o)
 .text.cons_rb_append
                0x000000000082333c       0xe4 lib/libmini.a(console.o)
                0x000000000082333c                cons_rb_append
 .text.cons_puts
                0x0000000000823420       0x70 lib/libmini.a(console.o)
                0x0000000000823420                cons_puts
 .text.do_global_ctors
                0x0000000000823490       0x30 lib/libmini.a(ctors.o)
                0x0000000000823490                do_global_ctors
 .text.delay_ms
                0x00000000008234c0       0x3c lib/libmini.a(delay.o)
                0x00000000008234c0                delay_ms
 .text          0x00000000008234fc      0x130 lib/libmini.a(div64.o)
                0x00000000008234fc                __do_div64
 .text          0x000000000082362c      0x3d4 lib/libmini.a(lib1funcs.o)
                0x000000000082362c                __udivsi3
                0x0000000000823714                __umodsi3
                0x00000000008237d0                __aeabi_idiv
                0x00000000008239fc                __div0
                0x000000000082362c                __aeabi_uidiv
                0x00000000008237d0                __divsi3
                0x00000000008239bc                __aeabi_uidivmod
                0x00000000008238e8                __modsi3
                0x00000000008239d4                __aeabi_idivmod
 .text          0x0000000000823a00      0x29c lib/libmini.a(memcpy.o)
                0x0000000000823a00                memcpy
 *fill*         0x0000000000823c9c        0x4 00
 .text          0x0000000000823ca0       0xc0 lib/libmini.a(memset.o)
                0x0000000000823cc0                memset
 .text.msgb_tailroom
                0x0000000000823d60       0x18 comm/libcomm.a(sercomm.o)
 .text.msgb_put
                0x0000000000823d78       0x50 comm/libcomm.a(sercomm.o)
 .text.sercomm_alloc_msgb
                0x0000000000823dc8       0x40 comm/libcomm.a(sercomm.o)
 .text.sercomm_bind_uart
                0x0000000000823e08       0x10 comm/libcomm.a(sercomm.o)
                0x0000000000823e08                sercomm_bind_uart
 .text.sercomm_get_uart
                0x0000000000823e18       0x10 comm/libcomm.a(sercomm.o)
                0x0000000000823e18                sercomm_get_uart
 .text.sercomm_register_rx_cb
                0x0000000000823e28       0x34 comm/libcomm.a(sercomm.o)
                0x0000000000823e28                sercomm_register_rx_cb
 .text.sercomm_init
                0x0000000000823e5c       0x4c comm/libcomm.a(sercomm.o)
                0x0000000000823e5c                sercomm_init
 .text.sercomm_initialized
                0x0000000000823ea8       0x10 comm/libcomm.a(sercomm.o)
                0x0000000000823ea8                sercomm_initialized
 .text.sercomm_drv_rx_char
                0x0000000000823eb8      0x17c comm/libcomm.a(sercomm.o)
                0x0000000000823eb8                sercomm_drv_rx_char
 .text.sercomm_drv_pull
                0x0000000000824034      0x11c comm/libcomm.a(sercomm.o)
                0x0000000000824034                sercomm_drv_pull
 .text.sercomm_tx_queue_depth
                0x0000000000824150       0x34 comm/libcomm.a(sercomm.o)
                0x0000000000824150                sercomm_tx_queue_depth
 .text.sercomm_sendmsg
                0x0000000000824184       0x94 comm/libcomm.a(sercomm.o)
                0x0000000000824184                sercomm_sendmsg
 .text.msgb_tailroom
                0x0000000000824218       0x18 comm/libcomm.a(sercomm_cons.o)
 .text.raw_puts
                0x0000000000824230       0x3c comm/libcomm.a(sercomm_cons.o)
 .text.sercomm_puts
                0x000000000082426c      0x180 comm/libcomm.a(sercomm_cons.o)
                0x000000000082426c                sercomm_puts
 .text.sercomm_putchar
                0x00000000008243ec       0x30 comm/libcomm.a(sercomm_cons.o)
                0x00000000008243ec                sercomm_putchar
 .text.osmo_timer_del
                0x000000000082441c       0x4c comm/libcomm.a(timer.o)
                0x000000000082441c                osmo_timer_del
 .text.timer_irq
                0x0000000000824468       0x18 comm/libcomm.a(timer.o)
 .text.timer_init
                0x0000000000824480       0x6c comm/libcomm.a(timer.o)
                0x0000000000824480                timer_init
 .text.osmo_timers_update
                0x00000000008244ec       0xe4 comm/libcomm.a(timer.o)
                0x00000000008244ec                osmo_timers_update
 .text.msgb_alloc
                0x00000000008245d0       0x5c ../../shared/libosmocore/build-target/src/.libs/libosmocore.a(msgb.o)
                0x00000000008245d0                msgb_alloc
 .text.msgb_free
                0x000000000082462c        0x4 ../../shared/libosmocore/build-target/src/.libs/libosmocore.a(msgb.o)
                0x000000000082462c                msgb_free
 .text.msgb_enqueue
                0x0000000000824630       0x18 ../../shared/libosmocore/build-target/src/.libs/libosmocore.a(msgb.o)
                0x0000000000824630                msgb_enqueue
 .text.msgb_dequeue
                0x0000000000824648       0x40 ../../shared/libosmocore/build-target/src/.libs/libosmocore.a(msgb.o)
                0x0000000000824648                msgb_dequeue
 .text.osmo_panic
                0x0000000000824688       0x58 ../../shared/libosmocore/build-target/src/.libs/libosmocore.a(panic.o)
                0x0000000000824688                osmo_panic
 .text._talloc_zero
                0x00000000008246e0       0x9c comm/libcomm.a(msgb.o)
                0x00000000008246e0                _talloc_zero
 .text.talloc_free
                0x000000000082477c        0xc comm/libcomm.a(msgb.o)
                0x000000000082477c                talloc_free
 *(.ramtext*)
 *(.glue_7t)
 *(.glue_7)
 *(.vfp11_veneer)
 *(.v4_bx)
                0x0000000000824788                . = ALIGN (0x4)
                0x0000000000820088                PROVIDE (_text_start, LOADADDR (.text))
                0x0000000000824788                PROVIDE (_text_end, (LOADADDR (.text) + SIZEOF (.text)))

.ctors          0x0000000000824788        0x8
                0x0000000000824788        0x4 LONG 0x0 ((SIZEOF (.ctors) / 0x4) - 0x2)
 *(SORT(.ctors))
 *(SORT(.init_array))
                0x000000000082478c        0x4 LONG 0x0
                0x0000000000824788                PROVIDE (_ctor_start, LOADADDR (.ctors))
                0x0000000000824790                PROVIDE (_ctor_end, (LOADADDR (.ctors) + SIZEOF (.ctors)))

.dtors          0x0000000000824790        0x8
                0x0000000000824790        0x4 LONG 0x0 ((SIZEOF (.dtors) / 0x4) - 0x2)
 *(SORT(.dtors))
                0x0000000000824794        0x4 LONG 0x0
                0x0000000000824790                PROVIDE (_dtor_start, LOADADDR (.dtors))
                0x0000000000824798                PROVIDE (_dtor_end, (LOADADDR (.dtors) + SIZEOF (.dtors)))
                0x0000000000824798                . = ALIGN (0x4)

.rodata         0x0000000000824798     0x194d
 *(.rodata*)
 .rodata.str1.4
                0x0000000000824798       0xa7 apps/compal_dsp_dump/main.o
                                         0xa8 (size before relaxing)
 *fill*         0x000000000082483f        0x1 00
 .rodata.str1.4
                0x0000000000824840       0x5d abb/twl3025.o
                                         0x60 (size before relaxing)
 .rodata        0x000000000082489d       0x18 board/compal_e99/init.o
 *fill*         0x00000000008248b5        0x3 00
 .rodata        0x00000000008248b8      0x4bc fb/helvR08.o
                0x00000000008248b8                font_helvR08
 .rodata        0x0000000000824d74      0x70c fb/helvB14.o
                0x0000000000824d74                font_helvB14
 .rodata        0x0000000000825480      0x5b0 fb/c64.o
                0x0000000000825480                font_c64
 .rodata        0x0000000000825a30       0x98 fb/symbols.o
                0x0000000000825a30                font_symbols
 .rodata        0x0000000000825ac8       0x94 fb/fb_ssd1783.o
 .rodata.str1.4
                0x0000000000825b5c       0x27 fb/fb_ssd1783.o
                                         0x28 (size before relaxing)
 *fill*         0x0000000000825b83        0x1 00
 .rodata        0x0000000000825b84       0x98 calypso/libcalypso.a(dsp.o)
 .rodata.str1.4
                0x0000000000825c1c      0x216 calypso/libcalypso.a(dsp.o)
                                        0x21c (size before relaxing)
 *fill*         0x0000000000825e32        0x2 00
 .rodata.str1.4
                0x0000000000825e34       0x1f calypso/libcalypso.a(keypad.o)
                                         0x20 (size before relaxing)
 *fill*         0x0000000000825e53        0x1 00
 .rodata.str1.4
                0x0000000000825e54      0x10d calypso/libcalypso.a(misc.o)
                                        0x118 (size before relaxing)
 *fill*         0x0000000000825f61        0x3 00
 .rodata.str1.4
                0x0000000000825f64       0x21 calypso/libcalypso.a(timer.o)
                                         0x24 (size before relaxing)
 *fill*         0x0000000000825f85        0x1 00
 .rodata        0x0000000000825f86       0x10 calypso/libcalypso.a(uart.o)
 *fill*         0x0000000000825f96        0x2 00
 .rodata.str1.4
                0x0000000000825f98       0x6d calypso/libcalypso.a(uart.o)
                                         0x70 (size before relaxing)
 *fill*         0x0000000000826005        0x3 00
 .rodata        0x0000000000826008       0x50 lib/libmini.a(vsprintf.o)
 .rodata.str1.4
                0x0000000000826058       0x73 comm/libcomm.a(sercomm.o)
                                         0x74 (size before relaxing)
 .rodata.str1.4
                0x00000000008260cb        0x0 comm/libcomm.a(sercomm_cons.o)
                                         0x40 (size before relaxing)
 *fill*         0x00000000008260cb        0x1 00
 .rodata.str1.4
                0x00000000008260cc       0x19 comm/libcomm.a(msgb.o)
                                         0x1c (size before relaxing)
                0x0000000000824798                PROVIDE (_rodata_start, LOADADDR (.rodata))
                0x00000000008260e5                PROVIDE (_rodata_end, (LOADADDR (.rodata) + SIZEOF (.rodata)))
                0x00000000008260e8                . = ALIGN (0x4)

.data           0x00000000008260e8      0x37c
 *(.data)
 .data          0x00000000008260e8        0x4 apps/compal_dsp_dump/main.o
                0x00000000008260e8                hr
 .data          0x00000000008260ec       0x10 fb/font.o
                0x00000000008260ec                fb_fonts
 .data          0x00000000008260fc       0x4c fb/fb_ssd1783.o
                0x00000000008260fc                fb_rgb332
                0x000000000082610c                framebuffer
 .data          0x0000000000826148      0x1fc calypso/libcalypso.a(dsp.o)
                0x0000000000826148                dsp_api
 .data          0x0000000000826344       0x15 calypso/libcalypso.a(irq.o)
 .data          0x0000000000826359      0x100 lib/libmini.a(ctype.o)
                0x0000000000826359                _ctype
 *fill*         0x0000000000826459        0x3 00
 .data          0x000000000082645c        0x8 comm/libcomm.a(timer.o)
                0x00000000008260e8                PROVIDE (_data_start, LOADADDR (.data))
                0x0000000000826464                PROVIDE (_data_end, (LOADADDR (.data) + SIZEOF (.data)))
                0x0000000000826464                . = ALIGN (0x4)

.got            0x0000000000826464       0x14
 *(.got)
 .got           0x0000000000826464        0x8 ../../shared/libosmocore/build-target/src/.libs/libosmocore.a(msgb.o)
 *(.got.plt)
 .got.plt       0x000000000082646c        0xc ../../shared/libosmocore/build-target/src/.libs/libosmocore.a(msgb.o)
                0x000000000082646c                _GLOBAL_OFFSET_TABLE_
 *(.igot.plt)
 *(.got)
 *(.igot)
                0x0000000000826464                PROVIDE (_got_start, LOADADDR (.got))
                0x0000000000826478                PROVIDE (_got_end, (LOADADDR (.got) + SIZEOF (.got)))

.bss            0x0000000000826478     0x5e2c
                0x0000000000826478                . = ALIGN (0x4)
                0x0000000000826478                __bss_start = .
 *(.bss)
 .bss           0x0000000000826478        0x8 abb/twl3025.o
 .bss           0x0000000000826480     0x19a6 fb/fb_ssd1783.o
 *fill*         0x0000000000827e26        0x2 00
 .bss           0x0000000000827e28        0x4 calypso/libcalypso.a(dsp.o)
 .bss           0x0000000000827e2c       0x80 calypso/libcalypso.a(irq.o)
 .bss           0x0000000000827eac        0x4 calypso/libcalypso.a(rtc.o)
 .bss           0x0000000000827eb0       0x24 calypso/libcalypso.a(keypad.o)
                0x0000000000827eb0                power_hold
                0x0000000000827eb4                lastbuttons
 .bss           0x0000000000827ed4        0x1 calypso/libcalypso.a(uart.o)
 .bss           0x0000000000827ed5      0x400 lib/libmini.a(printf.o)
 *fill*         0x00000000008282d5        0x3 00
 .bss           0x00000000008282d8     0x1010 lib/libmini.a(console.o)
 .bss           0x00000000008292e8      0x62c comm/libcomm.a(sercomm.o)
 .bss           0x0000000000829914        0x4 comm/libcomm.a(sercomm_cons.o)
 .bss           0x0000000000829918        0x4 ../../shared/libosmocore/build-target/src/.libs/libosmocore.a(panic.o)
 .bss           0x000000000082991c     0x2980 comm/libcomm.a(msgb.o)
 COMMON         0x000000000082c29c        0x4 comm/libcomm.a(timer.o)
                0x000000000082c29c                jiffies
 COMMON         0x000000000082c2a0        0x4 ../../shared/libosmocore/build-target/src/.libs/libosmocore.a(msgb.o)
                0x000000000082c2a0                tall_msgb_ctx
                0x000000000082c2a4                . = ALIGN (0x4)
                0x000000000082c2a4                __bss_end = .
                0x0000000000826478                PROVIDE (_bss_start, __bss_start)
                0x000000000082c2a4                PROVIDE (_bss_end, __bss_end)
                0x000000000082c2a4                . = ALIGN (0x4)
                0x000000000082c2a4                _end = .
                0x000000000082c2a4                PROVIDE (end, .)

.rel.dyn
START GROUP
LOAD apps/compal_dsp_dump/main.o
LOAD abb/twl3025.o
LOAD rf/trf6151.o
LOAD flash/cfi_flash.o
LOAD board/common/calypso_uart.o
LOAD board/common/calypso_pwl.o
LOAD board/common/tx_calchan.o
LOAD board/compal/rffe_dualband.o
LOAD board/compal/rf_tables.o
LOAD board/compal/readcal_common.o
LOAD board/compal_e99/init.o
LOAD board/compal_e99/readcal.o
LOAD board/compal_e88/tx_ramps.o
LOAD battery/dummy.o
LOAD fb/framebuffer.o
LOAD fb/font.o
LOAD fb/helvR08.o
LOAD fb/helvB14.o
LOAD fb/c64.o
LOAD fb/symbols.o
LOAD fb/fb_rgb332.o
LOAD fb/fb_ssd1783.o
LOAD board/compal/start.ram.o
LOAD board/compal/exceptions_redirected.o
LOAD board/compal/handlers.o
LOAD board/compal_e99/compal_dsp_dump.highram.manifest.o
LOAD calypso/libcalypso.a
LOAD layer1/liblayer1.a
LOAD lib/libmini.a
LOAD comm/libcomm.a
LOAD tiffs/libtiffs.a
LOAD ../../shared/libosmocore/build-target/src/.libs/libosmocore.a
LOAD ../../shared/libosmocore/build-target/src/gsm/.libs/libosmogsm.a
LOAD ../../shared/libosmocore/build-target/src/codec/.libs/libosmocodec.a
END GROUP
OUTPUT(board/compal_e99/compal_dsp_dump.highram.elf elf32-littlearm)

.debug_abbrev   0x0000000000000000     0x3765
 .debug_abbrev  0x0000000000000000      0x179 apps/compal_dsp_dump/main.o
 .debug_abbrev  0x0000000000000179      0x290 abb/twl3025.o
 .debug_abbrev  0x0000000000000409      0x25f rf/trf6151.o
 .debug_abbrev  0x0000000000000668      0x285 flash/cfi_flash.o
 .debug_abbrev  0x00000000000008ed       0x78 board/common/tx_calchan.o
 .debug_abbrev  0x0000000000000965       0xf5 board/compal/rffe_dualband.o
 .debug_abbrev  0x0000000000000a5a       0x87 board/compal/rf_tables.o
 .debug_abbrev  0x0000000000000ae1      0x115 board/compal/readcal_common.o
 .debug_abbrev  0x0000000000000bf6      0x14d board/compal_e99/init.o
 .debug_abbrev  0x0000000000000d43       0x3b board/compal_e99/readcal.o
 .debug_abbrev  0x0000000000000d7e       0x89 board/compal_e88/tx_ramps.o
 .debug_abbrev  0x0000000000000e07       0x75 battery/dummy.o
 .debug_abbrev  0x0000000000000e7c       0xc0 fb/framebuffer.o
 .debug_abbrev  0x0000000000000f3c       0xe2 fb/font.o
 .debug_abbrev  0x000000000000101e       0xaf fb/helvR08.o
 .debug_abbrev  0x00000000000010cd       0xaf fb/helvB14.o
 .debug_abbrev  0x000000000000117c       0xaf fb/c64.o
 .debug_abbrev  0x000000000000122b       0x97 fb/symbols.o
 .debug_abbrev  0x00000000000012c2      0x245 fb/fb_rgb332.o
 .debug_abbrev  0x0000000000001507      0x1a2 fb/fb_ssd1783.o
 .debug_abbrev  0x00000000000016a9       0x40 board/compal_e99/compal_dsp_dump.highram.manifest.o
 .debug_abbrev  0x00000000000016e9      0x137 calypso/libcalypso.a(clock.o)
 .debug_abbrev  0x0000000000001820       0x25 calypso/libcalypso.a(dma.o)
 .debug_abbrev  0x0000000000001845      0x361 calypso/libcalypso.a(dsp.o)
 .debug_abbrev  0x0000000000001ba6      0x196 calypso/libcalypso.a(irq.o)
 .debug_abbrev  0x0000000000001d3c       0x86 calypso/libcalypso.a(rtc.o)
 .debug_abbrev  0x0000000000001dc2       0xbf calypso/libcalypso.a(spi.o)
 .debug_abbrev  0x0000000000001e81      0x222 calypso/libcalypso.a(tpu.o)
 .debug_abbrev  0x00000000000020a3       0xe1 calypso/libcalypso.a(tsp.o)
 .debug_abbrev  0x0000000000002184      0x136 calypso/libcalypso.a(keypad.o)
 .debug_abbrev  0x00000000000022ba       0xa4 calypso/libcalypso.a(misc.o)
 .debug_abbrev  0x000000000000235e       0xfd calypso/libcalypso.a(timer.o)
 .debug_abbrev  0x000000000000245b       0x8c calypso/libcalypso.a(backlight.o)
 .debug_abbrev  0x00000000000024e7      0x1dc calypso/libcalypso.a(uart.o)
 .debug_abbrev  0x00000000000026c3       0xef calypso/libcalypso.a(uwire.o)
 .debug_abbrev  0x00000000000027b2       0x74 calypso/libcalypso.a(arm.o)
 .debug_abbrev  0x0000000000002826      0x25a lib/libmini.a(vsprintf.o)
 .debug_abbrev  0x0000000000002a80       0xa8 lib/libmini.a(string.o)
 .debug_abbrev  0x0000000000002b28       0x42 lib/libmini.a(ctype.o)
 .debug_abbrev  0x0000000000002b6a       0xb6 lib/libmini.a(printf.o)
 .debug_abbrev  0x0000000000002c20      0x1e4 lib/libmini.a(console.o)
 .debug_abbrev  0x0000000000002e04       0x81 lib/libmini.a(ctors.o)
 .debug_abbrev  0x0000000000002e85       0x6c lib/libmini.a(delay.o)
 .debug_abbrev  0x0000000000002ef1      0x2ab comm/libcomm.a(sercomm.o)
 .debug_abbrev  0x000000000000319c      0x24f comm/libcomm.a(sercomm_cons.o)
 .debug_abbrev  0x00000000000033eb      0x1f9 comm/libcomm.a(timer.o)
 .debug_abbrev  0x00000000000035e4      0x181 comm/libcomm.a(msgb.o)

.debug_info     0x0000000000000000     0xa49f
 .debug_info    0x0000000000000000      0x42d apps/compal_dsp_dump/main.o
 .debug_info    0x000000000000042d      0x5fc abb/twl3025.o
 .debug_info    0x0000000000000a29      0x887 rf/trf6151.o
 .debug_info    0x00000000000012b0      0x95d flash/cfi_flash.o
 .debug_info    0x0000000000001c0d      0x110 board/common/tx_calchan.o
 .debug_info    0x0000000000001d1d      0x275 board/compal/rffe_dualband.o
 .debug_info    0x0000000000001f92      0x147 board/compal/rf_tables.o
 .debug_info    0x00000000000020d9      0x225 board/compal/readcal_common.o
 .debug_info    0x00000000000022fe      0x2a1 board/compal_e99/init.o
 .debug_info    0x000000000000259f       0x78 board/compal_e99/readcal.o
 .debug_info    0x0000000000002617      0x122 board/compal_e88/tx_ramps.o
 .debug_info    0x0000000000002739       0xc2 battery/dummy.o
 .debug_info    0x00000000000027fb      0x1fc fb/framebuffer.o
 .debug_info    0x00000000000029f7      0x23a fb/font.o
 .debug_info    0x0000000000002c31      0x186 fb/helvR08.o
 .debug_info    0x0000000000002db7      0x186 fb/helvB14.o
 .debug_info    0x0000000000002f3d      0x186 fb/c64.o
 .debug_info    0x00000000000030c3      0x183 fb/symbols.o
 .debug_info    0x0000000000003246      0x801 fb/fb_rgb332.o
 .debug_info    0x0000000000003a47      0x485 fb/fb_ssd1783.o
 .debug_info    0x0000000000003ecc       0x80 board/compal_e99/compal_dsp_dump.highram.manifest.o
 .debug_info    0x0000000000003f4c      0x402 calypso/libcalypso.a(clock.o)
 .debug_info    0x000000000000434e       0x32 calypso/libcalypso.a(dma.o)
 .debug_info    0x0000000000004380     0x1aa3 calypso/libcalypso.a(dsp.o)
 .debug_info    0x0000000000005e23      0x41f calypso/libcalypso.a(irq.o)
 .debug_info    0x0000000000006242      0x14c calypso/libcalypso.a(rtc.o)
 .debug_info    0x000000000000638e      0x132 calypso/libcalypso.a(spi.o)
 .debug_info    0x00000000000064c0      0x46a calypso/libcalypso.a(tpu.o)
 .debug_info    0x000000000000692a      0x2a9 calypso/libcalypso.a(tsp.o)
 .debug_info    0x0000000000006bd3      0x434 calypso/libcalypso.a(keypad.o)
 .debug_info    0x0000000000007007      0x110 calypso/libcalypso.a(misc.o)
 .debug_info    0x0000000000007117      0x290 calypso/libcalypso.a(timer.o)
 .debug_info    0x00000000000073a7       0xd0 calypso/libcalypso.a(backlight.o)
 .debug_info    0x0000000000007477      0x689 calypso/libcalypso.a(uart.o)
 .debug_info    0x0000000000007b00      0x1ae calypso/libcalypso.a(uwire.o)
 .debug_info    0x0000000000007cae       0x8b calypso/libcalypso.a(arm.o)
 .debug_info    0x0000000000007d39      0xa94 lib/libmini.a(vsprintf.o)
 .debug_info    0x00000000000087cd      0x11d lib/libmini.a(string.o)
 .debug_info    0x00000000000088ea       0x56 lib/libmini.a(ctype.o)
 .debug_info    0x0000000000008940       0xfe lib/libmini.a(printf.o)
 .debug_info    0x0000000000008a3e      0x383 lib/libmini.a(console.o)
 .debug_info    0x0000000000008dc1       0x98 lib/libmini.a(ctors.o)
 .debug_info    0x0000000000008e59       0x8e lib/libmini.a(delay.o)
 .debug_info    0x0000000000008ee7      0x81a comm/libcomm.a(sercomm.o)
 .debug_info    0x0000000000009701      0x50e comm/libcomm.a(sercomm_cons.o)
 .debug_info    0x0000000000009c0f      0x57d comm/libcomm.a(timer.o)
 .debug_info    0x000000000000a18c      0x313 comm/libcomm.a(msgb.o)

.debug_line     0x0000000000000000     0x37a9
 .debug_line    0x0000000000000000      0x150 apps/compal_dsp_dump/main.o
 .debug_line    0x0000000000000150      0x2ef abb/twl3025.o
 .debug_line    0x000000000000043f      0x30e rf/trf6151.o
 .debug_line    0x000000000000074d      0x1bf flash/cfi_flash.o
 .debug_line    0x000000000000090c       0xa3 board/common/tx_calchan.o
 .debug_line    0x00000000000009af      0x178 board/compal/rffe_dualband.o
 .debug_line    0x0000000000000b27       0xa2 board/compal/rf_tables.o
 .debug_line    0x0000000000000bc9       0xf5 board/compal/readcal_common.o
 .debug_line    0x0000000000000cbe      0x12f board/compal_e99/init.o
 .debug_line    0x0000000000000ded       0x48 board/compal_e99/readcal.o
 .debug_line    0x0000000000000e35       0xa5 board/compal_e88/tx_ramps.o
 .debug_line    0x0000000000000eda       0x59 battery/dummy.o
 .debug_line    0x0000000000000f33       0x96 fb/framebuffer.o
 .debug_line    0x0000000000000fc9       0xad fb/font.o
 .debug_line    0x0000000000001076       0x95 fb/helvR08.o
 .debug_line    0x000000000000110b       0x95 fb/helvB14.o
 .debug_line    0x00000000000011a0       0x91 fb/c64.o
 .debug_line    0x0000000000001231       0x95 fb/symbols.o
 .debug_line    0x00000000000012c6      0x24d fb/fb_rgb332.o
 .debug_line    0x0000000000001513      0x125 fb/fb_ssd1783.o
 .debug_line    0x0000000000001638       0x2e board/compal_e99/compal_dsp_dump.highram.manifest.o
 .debug_line    0x0000000000001666      0x191 calypso/libcalypso.a(clock.o)
 .debug_line    0x00000000000017f7       0x3c calypso/libcalypso.a(dma.o)
 .debug_line    0x0000000000001833      0x40b calypso/libcalypso.a(dsp.o)
 .debug_line    0x0000000000001c3e      0x178 calypso/libcalypso.a(irq.o)
 .debug_line    0x0000000000001db6       0x6c calypso/libcalypso.a(rtc.o)
 .debug_line    0x0000000000001e22       0xd0 calypso/libcalypso.a(spi.o)
 .debug_line    0x0000000000001ef2      0x24a calypso/libcalypso.a(tpu.o)
 .debug_line    0x000000000000213c      0x172 calypso/libcalypso.a(tsp.o)
 .debug_line    0x00000000000022ae      0x194 calypso/libcalypso.a(keypad.o)
 .debug_line    0x0000000000002442       0x78 calypso/libcalypso.a(misc.o)
 .debug_line    0x00000000000024ba      0x154 calypso/libcalypso.a(timer.o)
 .debug_line    0x000000000000260e       0xbd calypso/libcalypso.a(backlight.o)
 .debug_line    0x00000000000026cb      0x280 calypso/libcalypso.a(uart.o)
 .debug_line    0x000000000000294b       0xdd calypso/libcalypso.a(uwire.o)
 .debug_line    0x0000000000002a28       0x49 calypso/libcalypso.a(arm.o)
 .debug_line    0x0000000000002a71      0x38a lib/libmini.a(vsprintf.o)
 .debug_line    0x0000000000002dfb       0x9f lib/libmini.a(string.o)
 .debug_line    0x0000000000002e9a       0x29 lib/libmini.a(ctype.o)
 .debug_line    0x0000000000002ec3       0x7d lib/libmini.a(printf.o)
 .debug_line    0x0000000000002f40      0x122 lib/libmini.a(console.o)
 .debug_line    0x0000000000003062       0x3b lib/libmini.a(ctors.o)
 .debug_line    0x000000000000309d       0x4e lib/libmini.a(delay.o)
 .debug_line    0x00000000000030eb      0x2bb comm/libcomm.a(sercomm.o)
 .debug_line    0x00000000000033a6      0x18c comm/libcomm.a(sercomm_cons.o)
 .debug_line    0x0000000000003532      0x177 comm/libcomm.a(timer.o)
 .debug_line    0x00000000000036a9      0x100 comm/libcomm.a(msgb.o)

.debug_frame    0x0000000000000000     0x16c4
 .debug_frame   0x0000000000000000       0x44 apps/compal_dsp_dump/main.o
 .debug_frame   0x0000000000000044      0x1dc abb/twl3025.o
 .debug_frame   0x0000000000000220      0x18c rf/trf6151.o
 .debug_frame   0x00000000000003ac       0xc4 flash/cfi_flash.o
 .debug_frame   0x0000000000000470       0xb8 board/compal/rffe_dualband.o
 .debug_frame   0x0000000000000528       0x40 board/compal/readcal_common.o
 .debug_frame   0x0000000000000568       0x30 board/compal_e99/init.o
 .debug_frame   0x0000000000000598       0x20 board/compal_e99/readcal.o
 .debug_frame   0x00000000000005b8       0x20 battery/dummy.o
 .debug_frame   0x00000000000005d8       0x20 fb/font.o
 .debug_frame   0x00000000000005f8      0x100 fb/fb_rgb332.o
 .debug_frame   0x00000000000006f8       0x68 fb/fb_ssd1783.o
 .debug_frame   0x0000000000000760       0xc0 calypso/libcalypso.a(clock.o)
 .debug_frame   0x0000000000000820       0x20 calypso/libcalypso.a(dma.o)
 .debug_frame   0x0000000000000840      0x18c calypso/libcalypso.a(dsp.o)
 .debug_frame   0x00000000000009cc       0xb8 calypso/libcalypso.a(irq.o)
 .debug_frame   0x0000000000000a84       0x38 calypso/libcalypso.a(rtc.o)
 .debug_frame   0x0000000000000abc       0x3c calypso/libcalypso.a(spi.o)
 .debug_frame   0x0000000000000af8      0x150 calypso/libcalypso.a(tpu.o)
 .debug_frame   0x0000000000000c48       0xc0 calypso/libcalypso.a(tsp.o)
 .debug_frame   0x0000000000000d08       0xa4 calypso/libcalypso.a(keypad.o)
 .debug_frame   0x0000000000000dac       0x5c calypso/libcalypso.a(misc.o)
 .debug_frame   0x0000000000000e08       0xa0 calypso/libcalypso.a(timer.o)
 .debug_frame   0x0000000000000ea8       0x30 calypso/libcalypso.a(backlight.o)
 .debug_frame   0x0000000000000ed8      0x174 calypso/libcalypso.a(uart.o)
 .debug_frame   0x000000000000104c       0x30 calypso/libcalypso.a(uwire.o)
 .debug_frame   0x000000000000107c       0x30 calypso/libcalypso.a(arm.o)
 .debug_frame   0x00000000000010ac      0x1d0 lib/libmini.a(vsprintf.o)
 .debug_frame   0x000000000000127c       0x30 lib/libmini.a(string.o)
 .debug_frame   0x00000000000012ac       0x38 lib/libmini.a(printf.o)
 .debug_frame   0x00000000000012e4       0xfc lib/libmini.a(console.o)
 .debug_frame   0x00000000000013e0       0x2c lib/libmini.a(ctors.o)
 .debug_frame   0x000000000000140c       0x38 lib/libmini.a(delay.o)
 .debug_frame   0x0000000000001444      0x10c comm/libcomm.a(sercomm.o)
 .debug_frame   0x0000000000001550       0x84 comm/libcomm.a(sercomm_cons.o)
 .debug_frame   0x00000000000015d4       0xb0 comm/libcomm.a(timer.o)
 .debug_frame   0x0000000000001684       0x40 comm/libcomm.a(msgb.o)

.debug_loc      0x0000000000000000     0x3c5c
 .debug_loc     0x0000000000000000       0x26 apps/compal_dsp_dump/main.o
 .debug_loc     0x0000000000000026      0x331 abb/twl3025.o
 .debug_loc     0x0000000000000357      0x47f rf/trf6151.o
 .debug_loc     0x00000000000007d6      0x252 flash/cfi_flash.o
 .debug_loc     0x0000000000000a28       0xc1 board/compal/rffe_dualband.o
 .debug_loc     0x0000000000000ae9       0x44 board/compal/readcal_common.o
 .debug_loc     0x0000000000000b2d       0x7d board/compal_e99/init.o
 .debug_loc     0x0000000000000baa       0x31 fb/font.o
 .debug_loc     0x0000000000000bdb      0x4f8 fb/fb_rgb332.o
 .debug_loc     0x00000000000010d3       0x7c fb/fb_ssd1783.o
 .debug_loc     0x000000000000114f      0x1fd calypso/libcalypso.a(clock.o)
 .debug_loc     0x000000000000134c      0x44e calypso/libcalypso.a(dsp.o)
 .debug_loc     0x000000000000179a      0x11e calypso/libcalypso.a(irq.o)
 .debug_loc     0x00000000000018b8      0x10c calypso/libcalypso.a(spi.o)
 .debug_loc     0x00000000000019c4      0x1dd calypso/libcalypso.a(tpu.o)
 .debug_loc     0x0000000000001ba1      0x1bc calypso/libcalypso.a(tsp.o)
 .debug_loc     0x0000000000001d5d       0xbf calypso/libcalypso.a(keypad.o)
 .debug_loc     0x0000000000001e1c       0x31 calypso/libcalypso.a(misc.o)
 .debug_loc     0x0000000000001e4d      0x103 calypso/libcalypso.a(timer.o)
 .debug_loc     0x0000000000001f50       0x34 calypso/libcalypso.a(backlight.o)
 .debug_loc     0x0000000000001f84      0x39f calypso/libcalypso.a(uart.o)
 .debug_loc     0x0000000000002323       0xc2 calypso/libcalypso.a(uwire.o)
 .debug_loc     0x00000000000023e5       0x13 calypso/libcalypso.a(arm.o)
 .debug_loc     0x00000000000023f8     0x10d5 lib/libmini.a(vsprintf.o)
 .debug_loc     0x00000000000034cd       0x62 lib/libmini.a(string.o)
 .debug_loc     0x000000000000352f       0x3f lib/libmini.a(printf.o)
 .debug_loc     0x000000000000356e      0x1b6 lib/libmini.a(console.o)
 .debug_loc     0x0000000000003724       0x3c lib/libmini.a(ctors.o)
 .debug_loc     0x0000000000003760       0x66 lib/libmini.a(delay.o)
 .debug_loc     0x00000000000037c6      0x168 comm/libcomm.a(sercomm.o)
 .debug_loc     0x000000000000392e      0x1aa comm/libcomm.a(sercomm_cons.o)
 .debug_loc     0x0000000000003ad8       0xf9 comm/libcomm.a(timer.o)
 .debug_loc     0x0000000000003bd1       0x8b comm/libcomm.a(msgb.o)

.debug_pubnames
                0x0000000000000000     0x13b3
 .debug_pubnames
                0x0000000000000000       0x22 apps/compal_dsp_dump/main.o
 .debug_pubnames
                0x0000000000000022      0x16b abb/twl3025.o
 .debug_pubnames
                0x000000000000018d      0x164 rf/trf6151.o
 .debug_pubnames
                0x00000000000002f1       0xb7 flash/cfi_flash.o
 .debug_pubnames
                0x00000000000003a8       0x70 board/common/tx_calchan.o
 .debug_pubnames
                0x0000000000000418       0xd6 board/compal/rffe_dualband.o
 .debug_pubnames
                0x00000000000004ee       0x90 board/compal/rf_tables.o
 .debug_pubnames
                0x000000000000057e       0x32 board/compal/readcal_common.o
 .debug_pubnames
                0x00000000000005b0       0x21 board/compal_e99/init.o
 .debug_pubnames
                0x00000000000005d1       0x32 board/compal_e99/readcal.o
 .debug_pubnames
                0x0000000000000603       0x73 board/compal_e88/tx_ramps.o
 .debug_pubnames
                0x0000000000000676       0x3a battery/dummy.o
 .debug_pubnames
                0x00000000000006b0       0x34 fb/font.o
 .debug_pubnames
                0x00000000000006e4       0x23 fb/helvR08.o
 .debug_pubnames
                0x0000000000000707       0x23 fb/helvB14.o
 .debug_pubnames
                0x000000000000072a       0x1f fb/c64.o
 .debug_pubnames
                0x0000000000000749       0x23 fb/symbols.o
 .debug_pubnames
                0x000000000000076c       0x64 fb/fb_rgb332.o
 .debug_pubnames
                0x00000000000007d0       0x30 fb/fb_ssd1783.o
 .debug_pubnames
                0x0000000000000800       0x6d board/compal_e99/compal_dsp_dump.highram.manifest.o
 .debug_pubnames
                0x000000000000086d       0xd0 calypso/libcalypso.a(clock.o)
 .debug_pubnames
                0x000000000000093d       0x1f calypso/libcalypso.a(dma.o)
 .debug_pubnames
                0x000000000000095c      0x12b calypso/libcalypso.a(dsp.o)
 .debug_pubnames
                0x0000000000000a87       0x95 calypso/libcalypso.a(irq.o)
 .debug_pubnames
                0x0000000000000b1c       0x1f calypso/libcalypso.a(rtc.o)
 .debug_pubnames
                0x0000000000000b3b       0x2c calypso/libcalypso.a(spi.o)
 .debug_pubnames
                0x0000000000000b67      0x12d calypso/libcalypso.a(tpu.o)
 .debug_pubnames
                0x0000000000000c94       0x9a calypso/libcalypso.a(tsp.o)
 .debug_pubnames
                0x0000000000000d2e       0x8a calypso/libcalypso.a(keypad.o)
 .debug_pubnames
                0x0000000000000db8       0x41 calypso/libcalypso.a(misc.o)
 .debug_pubnames
                0x0000000000000df9       0x8a calypso/libcalypso.a(timer.o)
 .debug_pubnames
                0x0000000000000e83       0x2f calypso/libcalypso.a(backlight.o)
 .debug_pubnames
                0x0000000000000eb2       0xa3 calypso/libcalypso.a(uart.o)
 .debug_pubnames
                0x0000000000000f55       0x30 calypso/libcalypso.a(uwire.o)
 .debug_pubnames
                0x0000000000000f85       0x47 calypso/libcalypso.a(arm.o)
 .debug_pubnames
                0x0000000000000fcc       0xb3 lib/libmini.a(vsprintf.o)
 .debug_pubnames
                0x000000000000107f       0x29 lib/libmini.a(string.o)
 .debug_pubnames
                0x00000000000010a8       0x1d lib/libmini.a(ctype.o)
 .debug_pubnames
                0x00000000000010c5       0x1d lib/libmini.a(printf.o)
 .debug_pubnames
                0x00000000000010e2       0x89 lib/libmini.a(console.o)
 .debug_pubnames
                0x000000000000116b       0x26 lib/libmini.a(ctors.o)
 .debug_pubnames
                0x0000000000001191       0x2c lib/libmini.a(delay.o)
 .debug_pubnames
                0x00000000000011bd       0xdd comm/libcomm.a(sercomm.o)
 .debug_pubnames
                0x000000000000129a       0x37 comm/libcomm.a(sercomm_cons.o)
 .debug_pubnames
                0x00000000000012d1       0xaf comm/libcomm.a(timer.o)
 .debug_pubnames
                0x0000000000001380       0x33 comm/libcomm.a(msgb.o)

.debug_aranges  0x0000000000000000      0xbf8
 .debug_aranges
                0x0000000000000000       0x30 apps/compal_dsp_dump/main.o
 .debug_aranges
                0x0000000000000030       0xc0 abb/twl3025.o
 .debug_aranges
                0x00000000000000f0       0xb0 rf/trf6151.o
 .debug_aranges
                0x00000000000001a0       0x60 flash/cfi_flash.o
 .debug_aranges
                0x0000000000000200       0x68 board/compal/rffe_dualband.o
 .debug_aranges
                0x0000000000000268       0x30 board/compal/readcal_common.o
 .debug_aranges
                0x0000000000000298       0x28 board/compal_e99/init.o
 .debug_aranges
                0x00000000000002c0       0x28 board/compal_e99/readcal.o
 .debug_aranges
                0x00000000000002e8       0x28 battery/dummy.o
 .debug_aranges
                0x0000000000000310       0x28 fb/font.o
 .debug_aranges
                0x0000000000000338       0x68 fb/fb_rgb332.o
 .debug_aranges
                0x00000000000003a0       0x38 fb/fb_ssd1783.o
 .debug_aranges
                0x00000000000003d8       0x70 calypso/libcalypso.a(clock.o)
 .debug_aranges
                0x0000000000000448       0x28 calypso/libcalypso.a(dma.o)
 .debug_aranges
                0x0000000000000470       0xa0 calypso/libcalypso.a(dsp.o)
 .debug_aranges
                0x0000000000000510       0x68 calypso/libcalypso.a(irq.o)
 .debug_aranges
                0x0000000000000578       0x30 calypso/libcalypso.a(rtc.o)
 .debug_aranges
                0x00000000000005a8       0x30 calypso/libcalypso.a(spi.o)
 .debug_aranges
                0x00000000000005d8       0xa8 calypso/libcalypso.a(tpu.o)
 .debug_aranges
                0x0000000000000680       0x68 calypso/libcalypso.a(tsp.o)
 .debug_aranges
                0x00000000000006e8       0x50 calypso/libcalypso.a(keypad.o)
 .debug_aranges
                0x0000000000000738       0x38 calypso/libcalypso.a(misc.o)
 .debug_aranges
                0x0000000000000770       0x60 calypso/libcalypso.a(timer.o)
 .debug_aranges
                0x00000000000007d0       0x30 calypso/libcalypso.a(backlight.o)
 .debug_aranges
                0x0000000000000800       0x98 calypso/libcalypso.a(uart.o)
 .debug_aranges
                0x0000000000000898       0x30 calypso/libcalypso.a(uwire.o)
 .debug_aranges
                0x00000000000008c8       0x30 calypso/libcalypso.a(arm.o)
 .debug_aranges
                0x00000000000008f8       0x98 lib/libmini.a(vsprintf.o)
 .debug_aranges
                0x0000000000000990       0x30 lib/libmini.a(string.o)
 .debug_aranges
                0x00000000000009c0       0x28 lib/libmini.a(printf.o)
 .debug_aranges
                0x00000000000009e8       0x68 lib/libmini.a(console.o)
 .debug_aranges
                0x0000000000000a50       0x28 lib/libmini.a(ctors.o)
 .debug_aranges
                0x0000000000000a78       0x30 lib/libmini.a(delay.o)
 .debug_aranges
                0x0000000000000aa8       0x80 comm/libcomm.a(sercomm.o)
 .debug_aranges
                0x0000000000000b28       0x40 comm/libcomm.a(sercomm_cons.o)
 .debug_aranges
                0x0000000000000b68       0x60 comm/libcomm.a(timer.o)
 .debug_aranges
                0x0000000000000bc8       0x30 comm/libcomm.a(msgb.o)

.debug_str      0x0000000000000000     0x3551
 .debug_str     0x0000000000000000      0x195 apps/compal_dsp_dump/main.o
                                        0x210 (size before relaxing)
 .debug_str     0x0000000000000195      0x39f abb/twl3025.o
                                        0x4a6 (size before relaxing)
 .debug_str     0x0000000000000534      0x2de rf/trf6151.o
                                        0x449 (size before relaxing)
 .debug_str     0x0000000000000812      0x319 flash/cfi_flash.o
                                        0x428 (size before relaxing)
 .debug_str     0x0000000000000b2b       0x83 board/common/tx_calchan.o
                                        0x161 (size before relaxing)
 .debug_str     0x0000000000000bae      0x115 board/compal/rffe_dualband.o
                                        0x240 (size before relaxing)
 .debug_str     0x0000000000000cc3       0xa8 board/compal/rf_tables.o
                                        0x185 (size before relaxing)
 .debug_str     0x0000000000000d6b       0xc9 board/compal/readcal_common.o
                                        0x220 (size before relaxing)
 .debug_str     0x0000000000000e34       0x49 board/compal_e99/init.o
                                        0x1e5 (size before relaxing)
 .debug_str     0x0000000000000e7d       0x37 board/compal_e99/readcal.o
                                         0xfb (size before relaxing)
 .debug_str     0x0000000000000eb4       0x8a board/compal_e88/tx_ramps.o
                                        0x156 (size before relaxing)
 .debug_str     0x0000000000000f3e       0xc5 battery/dummy.o
                                        0x10b (size before relaxing)
 .debug_str     0x0000000000001003       0x11 fb/framebuffer.o
                                        0x1a5 (size before relaxing)
 .debug_str     0x0000000000001014       0xb3 fb/font.o
                                        0x1ab (size before relaxing)
 .debug_str     0x00000000000010c7       0x34 fb/helvR08.o
                                        0x164 (size before relaxing)
 .debug_str     0x00000000000010fb       0x34 fb/helvB14.o
                                        0x164 (size before relaxing)
 .debug_str     0x000000000000112f       0x28 fb/c64.o
                                        0x154 (size before relaxing)
 .debug_str     0x0000000000001157       0x34 fb/symbols.o
                                        0x164 (size before relaxing)
 .debug_str     0x000000000000118b      0x186 fb/fb_rgb332.o
                                        0x3b0 (size before relaxing)
 .debug_str     0x0000000000001311       0xee fb/fb_ssd1783.o
                                        0x2c6 (size before relaxing)
 .debug_str     0x00000000000013ff       0x5c board/compal_e99/compal_dsp_dump.highram.manifest.o
                                         0xa1 (size before relaxing)
 .debug_str     0x000000000000145b      0x273 calypso/libcalypso.a(clock.o)
                                        0x38d (size before relaxing)
 .debug_str     0x00000000000016ce       0x17 calypso/libcalypso.a(dma.o)
                                         0x57 (size before relaxing)
 .debug_str     0x00000000000016e5      0xfbb calypso/libcalypso.a(dsp.o)
                                       0x10db (size before relaxing)
 .debug_str     0x00000000000026a0       0xd7 calypso/libcalypso.a(irq.o)
                                        0x313 (size before relaxing)
 .debug_str     0x0000000000002777       0x2d calypso/libcalypso.a(rtc.o)
                                        0x218 (size before relaxing)
 .debug_str     0x00000000000027a4       0x57 calypso/libcalypso.a(spi.o)
                                        0x131 (size before relaxing)
 .debug_str     0x00000000000027fb      0x14b calypso/libcalypso.a(tpu.o)
                                        0x264 (size before relaxing)
 .debug_str     0x0000000000002946       0xbb calypso/libcalypso.a(tsp.o)
                                        0x1cb (size before relaxing)
 .debug_str     0x0000000000002a01      0x1ef calypso/libcalypso.a(keypad.o)
                                        0x41c (size before relaxing)
 .debug_str     0x0000000000002bf0       0x32 calypso/libcalypso.a(misc.o)
                                         0xfb (size before relaxing)
 .debug_str     0x0000000000002c22       0x8b calypso/libcalypso.a(timer.o)
                                        0x287 (size before relaxing)
 .debug_str     0x0000000000002cad       0x29 calypso/libcalypso.a(backlight.o)
                                        0x104 (size before relaxing)
 .debug_str     0x0000000000002cd6      0x1f6 calypso/libcalypso.a(uart.o)
                                        0x407 (size before relaxing)
 .debug_str     0x0000000000002ecc       0x32 calypso/libcalypso.a(uwire.o)
                                        0x115 (size before relaxing)
 .debug_str     0x0000000000002efe       0x3b calypso/libcalypso.a(arm.o)
                                         0x92 (size before relaxing)
 .debug_str     0x0000000000002f39       0xfe lib/libmini.a(vsprintf.o)
                                        0x224 (size before relaxing)
 .debug_str     0x0000000000003037       0x1c lib/libmini.a(string.o)
                                         0xf9 (size before relaxing)
 .debug_str     0x0000000000003053        0xc lib/libmini.a(ctype.o)
                                         0x73 (size before relaxing)
 .debug_str     0x000000000000305f       0x1b lib/libmini.a(printf.o)
                                        0x107 (size before relaxing)
 .debug_str     0x000000000000307a       0xe4 lib/libmini.a(console.o)
                                        0x1e2 (size before relaxing)
 .debug_str     0x000000000000315e       0x41 lib/libmini.a(ctors.o)
                                         0x92 (size before relaxing)
 .debug_str     0x000000000000319f       0x1e lib/libmini.a(delay.o)
                                         0x6b (size before relaxing)
 .debug_str     0x00000000000031bd      0x1f7 comm/libcomm.a(sercomm.o)
                                        0x345 (size before relaxing)
 .debug_str     0x00000000000033b4       0x5d comm/libcomm.a(sercomm_cons.o)
                                        0x212 (size before relaxing)
 .debug_str     0x0000000000003411       0xf8 comm/libcomm.a(timer.o)
                                        0x34a (size before relaxing)
 .debug_str     0x0000000000003509       0x48 comm/libcomm.a(msgb.o)
                                        0x190 (size before relaxing)

.comment        0x0000000000000000      0x384
 .comment       0x0000000000000000       0x12 apps/compal_dsp_dump/main.o
 .comment       0x0000000000000012       0x12 abb/twl3025.o
 .comment       0x0000000000000024       0x12 rf/trf6151.o
 .comment       0x0000000000000036       0x12 flash/cfi_flash.o
 .comment       0x0000000000000048       0x12 board/common/tx_calchan.o
 .comment       0x000000000000005a       0x12 board/compal/rffe_dualband.o
 .comment       0x000000000000006c       0x12 board/compal/rf_tables.o
 .comment       0x000000000000007e       0x12 board/compal/readcal_common.o
 .comment       0x0000000000000090       0x12 board/compal_e99/init.o
 .comment       0x00000000000000a2       0x12 board/compal_e99/readcal.o
 .comment       0x00000000000000b4       0x12 board/compal_e88/tx_ramps.o
 .comment       0x00000000000000c6       0x12 battery/dummy.o
 .comment       0x00000000000000d8       0x12 fb/framebuffer.o
 .comment       0x00000000000000ea       0x12 fb/font.o
 .comment       0x00000000000000fc       0x12 fb/helvR08.o
 .comment       0x000000000000010e       0x12 fb/helvB14.o
 .comment       0x0000000000000120       0x12 fb/c64.o
 .comment       0x0000000000000132       0x12 fb/symbols.o
 .comment       0x0000000000000144       0x12 fb/fb_rgb332.o
 .comment       0x0000000000000156       0x12 fb/fb_ssd1783.o
 .comment       0x0000000000000168       0x12 board/compal_e99/compal_dsp_dump.highram.manifest.o
 .comment       0x000000000000017a       0x12 calypso/libcalypso.a(clock.o)
 .comment       0x000000000000018c       0x12 calypso/libcalypso.a(dma.o)
 .comment       0x000000000000019e       0x12 calypso/libcalypso.a(dsp.o)
 .comment       0x00000000000001b0       0x12 calypso/libcalypso.a(irq.o)
 .comment       0x00000000000001c2       0x12 calypso/libcalypso.a(rtc.o)
 .comment       0x00000000000001d4       0x12 calypso/libcalypso.a(spi.o)
 .comment       0x00000000000001e6       0x12 calypso/libcalypso.a(tpu.o)
 .comment       0x00000000000001f8       0x12 calypso/libcalypso.a(tsp.o)
 .comment       0x000000000000020a       0x12 calypso/libcalypso.a(keypad.o)
 .comment       0x000000000000021c       0x12 calypso/libcalypso.a(misc.o)
 .comment       0x000000000000022e       0x12 calypso/libcalypso.a(timer.o)
 .comment       0x0000000000000240       0x12 calypso/libcalypso.a(backlight.o)
 .comment       0x0000000000000252       0x12 calypso/libcalypso.a(uart.o)
 .comment       0x0000000000000264       0x12 calypso/libcalypso.a(uwire.o)
 .comment       0x0000000000000276       0x12 calypso/libcalypso.a(arm.o)
 .comment       0x0000000000000288       0x12 lib/libmini.a(vsprintf.o)
 .comment       0x000000000000029a       0x12 lib/libmini.a(string.o)
 .comment       0x00000000000002ac       0x12 lib/libmini.a(ctype.o)
 .comment       0x00000000000002be       0x12 lib/libmini.a(printf.o)
 .comment       0x00000000000002d0       0x12 lib/libmini.a(console.o)
 .comment       0x00000000000002e2       0x12 lib/libmini.a(ctors.o)
 .comment       0x00000000000002f4       0x12 lib/libmini.a(delay.o)
 .comment       0x0000000000000306       0x12 comm/libcomm.a(sercomm.o)
 .comment       0x0000000000000318       0x12 comm/libcomm.a(sercomm_cons.o)
 .comment       0x000000000000032a       0x12 comm/libcomm.a(timer.o)
 .comment       0x000000000000033c       0x12 ../../shared/libosmocore/build-target/src/.libs/libosmocore.a(msgb.o)
 .comment       0x000000000000034e       0x12 ../../shared/libosmocore/build-target/src/.libs/libosmocore.a(panic.o)
 .comment       0x0000000000000360       0x12 ../../shared/libosmocore/build-target/src/gsm/.libs/libosmogsm.a(gsm_utils.o)
 .comment       0x0000000000000372       0x12 comm/libcomm.a(msgb.o)

.debug_ranges   0x0000000000000000      0x220
 .debug_ranges  0x0000000000000000       0x18 abb/twl3025.o
 .debug_ranges  0x0000000000000018       0x38 flash/cfi_flash.o
 .debug_ranges  0x0000000000000050       0x18 board/compal_e99/init.o
 .debug_ranges  0x0000000000000068       0x40 fb/fb_ssd1783.o
 .debug_ranges  0x00000000000000a8       0x80 calypso/libcalypso.a(dsp.o)
 .debug_ranges  0x0000000000000128       0x20 calypso/libcalypso.a(uart.o)
 .debug_ranges  0x0000000000000148       0x58 lib/libmini.a(vsprintf.o)
 .debug_ranges  0x00000000000001a0       0x38 lib/libmini.a(console.o)
 .debug_ranges  0x00000000000001d8       0x18 comm/libcomm.a(sercomm.o)
 .debug_ranges  0x00000000000001f0       0x30 comm/libcomm.a(sercomm_cons.o)

Cross Reference Table

Symbol                                            File
_GLOBAL_OFFSET_TABLE_                             ../../shared/libosmocore/build-target/src/.libs/libosmocore.a(msgb.o)
                                                  ../../shared/libosmocore/build-target/src/gsm/.libs/libosmogsm.a(gsm_utils.o)
                                                  ../../shared/libosmocore/build-target/src/.libs/libosmocore.a(panic.o)
__aeabi_idiv                                      lib/libmini.a(lib1funcs.o)
__aeabi_idivmod                                   lib/libmini.a(lib1funcs.o)
__aeabi_uidiv                                     lib/libmini.a(lib1funcs.o)
__aeabi_uidivmod                                  lib/libmini.a(lib1funcs.o)
__bss_end                                         board/compal/start.ram.o
__bss_start                                       board/compal/start.ram.o
__div0                                            lib/libmini.a(lib1funcs.o)
                                                  lib/libmini.a(div64.o)
__divsi3                                          lib/libmini.a(lib1funcs.o)
                                                  ../../shared/libosmocore/build-target/src/gsm/.libs/libosmogsm.a(gsm_utils.o)
                                                  comm/libcomm.a(timer.o)
__do_div64                                        lib/libmini.a(div64.o)
                                                  lib/libmini.a(vsprintf.o)
__modsi3                                          lib/libmini.a(lib1funcs.o)
                                                  ../../shared/libosmocore/build-target/src/gsm/.libs/libosmogsm.a(gsm_utils.o)
                                                  calypso/libcalypso.a(tpu.o)
__udivsi3                                         lib/libmini.a(lib1funcs.o)
                                                  ../../shared/libosmocore/build-target/src/gsm/.libs/libosmogsm.a(gsm_utils.o)
                                                  rf/trf6151.o
__umodsi3                                         lib/libmini.a(lib1funcs.o)
                                                  ../../shared/libosmocore/build-target/src/gsm/.libs/libosmogsm.a(gsm_utils.o)
                                                  calypso/libcalypso.a(dsp.o)
_ctor_end                                         board/compal/start.ram.o
_ctor_start                                       board/compal/start.ram.o
_ctype                                            lib/libmini.a(ctype.o)
                                                  ../../shared/libosmocore/build-target/src/gsm/.libs/libosmogsm.a(gsm_utils.o)
                                                  lib/libmini.a(vsprintf.o)
_exceptions                                       calypso/libcalypso.a(irq.o)
_start                                            board/compal/start.ram.o
_talloc_zero                                      comm/libcomm.a(msgb.o)
                                                  ../../shared/libosmocore/build-target/src/.libs/libosmocore.a(msgb.o)
add_mod5000                                       calypso/libcalypso.a(tpu.o)
                                                  rf/trf6151.o
afc_initial_dac_value                             board/compal/rf_tables.o
afc_slope                                         board/compal/rf_tables.o
apc_offset                                        board/compal_e88/tx_ramps.o
arm_disable_interrupts                            calypso/libcalypso.a(arm.o)
arm_enable_interrupts                             calypso/libcalypso.a(arm.o)
                                                  calypso/libcalypso.a(irq.o)
battery_dummy_init                                battery/dummy.o
battery_info                                      battery/dummy.o
bl_level                                          calypso/libcalypso.a(backlight.o)
                                                  board/compal_e99/init.o
bl_mode_pwl                                       calypso/libcalypso.a(backlight.o)
                                                  board/compal_e99/init.o
board_init                                        board/compal_e99/init.o
                                                  apps/compal_dsp_dump/main.o
calloc                                            ../../shared/libosmocore/build-target/src/gsm/.libs/libosmogsm.a(gsm_utils.o)
calypso_bootrom                                   calypso/libcalypso.a(clock.o)
                                                  board/compal_e99/init.o
calypso_clk_dump                                  calypso/libcalypso.a(clock.o)
calypso_clock_set                                 calypso/libcalypso.a(clock.o)
                                                  board/compal_e99/init.o
calypso_debugunit                                 calypso/libcalypso.a(clock.o)
calypso_exceptions_install                        calypso/libcalypso.a(irq.o)
                                                  board/compal_e99/init.o
calypso_mem_cfg                                   calypso/libcalypso.a(clock.o)
                                                  board/compal_e99/init.o
calypso_pll_set                                   calypso/libcalypso.a(clock.o)
calypso_reset_get                                 calypso/libcalypso.a(clock.o)
calypso_reset_set                                 calypso/libcalypso.a(clock.o)
                                                  calypso/libcalypso.a(dsp.o)
                                                  fb/fb_ssd1783.o
calypso_rhea_cfg                                  calypso/libcalypso.a(clock.o)
                                                  board/compal_e99/init.o
cons_bind_uart                                    lib/libmini.a(console.o)
                                                  board/compal_e99/init.o
cons_get_uart                                     lib/libmini.a(console.o)
                                                  calypso/libcalypso.a(uart.o)
cons_init                                         lib/libmini.a(console.o)
                                                  calypso/libcalypso.a(uart.o)
cons_putchar                                      lib/libmini.a(console.o)
cons_puts                                         lib/libmini.a(console.o)
                                                  comm/libcomm.a(msgb.o)
cons_rb_append                                    lib/libmini.a(console.o)
cons_rb_flush                                     lib/libmini.a(console.o)
                                                  calypso/libcalypso.a(uart.o)
dbm2rxlev                                         ../../shared/libosmocore/build-target/src/gsm/.libs/libosmogsm.a(gsm_utils.o)
delay_ms                                          lib/libmini.a(delay.o)
                                                  calypso/libcalypso.a(spi.o)
                                                  calypso/libcalypso.a(dsp.o)
                                                  fb/fb_ssd1783.o
                                                  abb/twl3025.o
delay_us                                          lib/libmini.a(delay.o)
                                                  calypso/libcalypso.a(tpu.o)
dispatch_buttons                                  calypso/libcalypso.a(keypad.o)
dma_init                                          calypso/libcalypso.a(dma.o)
                                                  board/compal_e99/init.o
do_global_ctors                                   lib/libmini.a(ctors.o)
                                                  board/compal/start.ram.o
dsp_api                                           calypso/libcalypso.a(dsp.o)
dsp_api_memset                                    calypso/libcalypso.a(dsp.o)
dsp_checksum_task                                 calypso/libcalypso.a(dsp.o)
dsp_dump                                          calypso/libcalypso.a(dsp.o)
                                                  apps/compal_dsp_dump/main.o
dsp_dump_version                                  calypso/libcalypso.a(dsp.o)
dsp_end_scenario                                  calypso/libcalypso.a(dsp.o)
dsp_load_apc_dac                                  calypso/libcalypso.a(dsp.o)
dsp_load_ciph_param                               calypso/libcalypso.a(dsp.o)
dsp_load_rx_task                                  calypso/libcalypso.a(dsp.o)
dsp_load_tch_param                                calypso/libcalypso.a(dsp.o)
dsp_load_tx_task                                  calypso/libcalypso.a(dsp.o)
dsp_memcpy_from_api                               calypso/libcalypso.a(dsp.o)
dsp_memcpy_to_api                                 calypso/libcalypso.a(dsp.o)
dsp_power_on                                      calypso/libcalypso.a(dsp.o)
dump_dev_id                                       calypso/libcalypso.a(misc.o)
                                                  apps/compal_dsp_dump/main.o
dump_mem                                          calypso/libcalypso.a(misc.o)
emit_key                                          calypso/libcalypso.a(keypad.o)
fb_font_get_char                                  fb/font.o
                                                  fb/fb_rgb332.o
fb_fonts                                          fb/font.o
                                                  fb/fb_rgb332.o
fb_rgb332                                         fb/fb_ssd1783.o
                                                  fb/fb_rgb332.o
fb_rgb332_boxto                                   fb/fb_rgb332.o
                                                  fb/fb_ssd1783.o
fb_rgb332_clear                                   fb/fb_rgb332.o
                                                  fb/fb_ssd1783.o
fb_rgb332_lineto                                  fb/fb_rgb332.o
                                                  fb/fb_ssd1783.o
fb_rgb332_putstr                                  fb/fb_rgb332.o
                                                  fb/fb_ssd1783.o
fiq                                               calypso/libcalypso.a(irq.o)
                                                  board/compal/handlers.o
fiq_entry                                         board/compal/handlers.o
                                                  board/compal/exceptions_redirected.o
flash_block_erase                                 flash/cfi_flash.o
flash_block_getlock                               flash/cfi_flash.o
flash_block_lock                                  flash/cfi_flash.o
flash_block_lockdown                              flash/cfi_flash.o
flash_block_unlock                                flash/cfi_flash.o
flash_get_id                                      flash/cfi_flash.o
flash_init                                        flash/cfi_flash.o
flash_program                                     flash/cfi_flash.o
font_c64                                          fb/c64.o
                                                  fb/font.o
font_helvB14                                      fb/helvB14.o
                                                  fb/font.o
font_helvR08                                      fb/helvR08.o
                                                  fb/font.o
font_symbols                                      fb/symbols.o
                                                  fb/font.o
framebuffer                                       fb/fb_ssd1783.o
                                                  fb/fb_rgb332.o
                                                  board/compal_e99/init.o
                                                  apps/compal_dsp_dump/main.o
free                                              ../../shared/libosmocore/build-target/src/gsm/.libs/libosmogsm.a(gsm_utils.o)
gprs_tlli_type                                    ../../shared/libosmocore/build-target/src/gsm/.libs/libosmogsm.a(gsm_utils.o)
gprs_tmsi2tlli                                    ../../shared/libosmocore/build-target/src/gsm/.libs/libosmogsm.a(gsm_utils.o)
gsm_7bit_decode                                   ../../shared/libosmocore/build-target/src/gsm/.libs/libosmogsm.a(gsm_utils.o)
gsm_7bit_decode_hdr                               ../../shared/libosmocore/build-target/src/gsm/.libs/libosmogsm.a(gsm_utils.o)
gsm_7bit_encode                                   ../../shared/libosmocore/build-target/src/gsm/.libs/libosmogsm.a(gsm_utils.o)
gsm_arfcn2band                                    ../../shared/libosmocore/build-target/src/gsm/.libs/libosmogsm.a(gsm_utils.o)
                                                  rf/trf6151.o
gsm_arfcn2freq10                                  ../../shared/libosmocore/build-target/src/gsm/.libs/libosmogsm.a(gsm_utils.o)
                                                  rf/trf6151.o
gsm_band_name                                     ../../shared/libosmocore/build-target/src/gsm/.libs/libosmogsm.a(gsm_utils.o)
gsm_band_parse                                    ../../shared/libosmocore/build-target/src/gsm/.libs/libosmogsm.a(gsm_utils.o)
gsm_fn2gsmtime                                    ../../shared/libosmocore/build-target/src/gsm/.libs/libosmogsm.a(gsm_utils.o)
gsm_get_octet_len                                 ../../shared/libosmocore/build-target/src/gsm/.libs/libosmogsm.a(gsm_utils.o)
gsm_gsmtime2fn                                    ../../shared/libosmocore/build-target/src/gsm/.libs/libosmogsm.a(gsm_utils.o)
gsm_septet_encode                                 ../../shared/libosmocore/build-target/src/gsm/.libs/libosmogsm.a(gsm_utils.o)
gsm_septets2octets                                ../../shared/libosmocore/build-target/src/gsm/.libs/libosmogsm.a(gsm_utils.o)
[...]
manifest_environment                              board/compal_e99/compal_dsp_dump.highram.manifest.o
manifest_revision                                 board/compal_e99/compal_dsp_dump.highram.manifest.o
memcpy                                            lib/libmini.a(memcpy.o)
                                                  ../../shared/libosmocore/build-target/src/gsm/.libs/libosmogsm.a(gsm_utils.o)
                                                  lib/libmini.a(console.o)
                                                  fb/fb_ssd1783.o
memdump_asm                                       board/common/calypso_uart.o
memdump_range                                     calypso/libcalypso.a(misc.o)
memset                                            lib/libmini.a(memset.o)
                                                  comm/libcomm.a(msgb.o)
                                                  ../../shared/libosmocore/build-target/src/.libs/libosmocore.a(msgb.o)
                                                  lib/libmini.a(console.o)
ms_class_gmsk_dbm                                 ../../shared/libosmocore/build-target/src/gsm/.libs/libosmogsm.a(gsm_utils.o)
ms_pwr_ctl_lvl                                    ../../shared/libosmocore/build-target/src/gsm/.libs/libosmogsm.a(gsm_utils.o)
ms_pwr_dbm                                        ../../shared/libosmocore/build-target/src/gsm/.libs/libosmogsm.a(gsm_utils.o)
msgb_alloc                                        ../../shared/libosmocore/build-target/src/.libs/libosmocore.a(msgb.o)
                                                  comm/libcomm.a(sercomm_cons.o)
                                                  comm/libcomm.a(sercomm.o)
msgb_data                                         ../../shared/libosmocore/build-target/src/.libs/libosmocore.a(msgb.o)
msgb_dequeue                                      ../../shared/libosmocore/build-target/src/.libs/libosmocore.a(msgb.o)
                                                  comm/libcomm.a(sercomm.o)
msgb_enqueue                                      ../../shared/libosmocore/build-target/src/.libs/libosmocore.a(msgb.o)
                                                  comm/libcomm.a(sercomm.o)
msgb_free                                         ../../shared/libosmocore/build-target/src/.libs/libosmocore.a(msgb.o)
                                                  comm/libcomm.a(sercomm.o)
msgb_length                                       ../../shared/libosmocore/build-target/src/.libs/libosmocore.a(msgb.o)
msgb_reset                                        ../../shared/libosmocore/build-target/src/.libs/libosmocore.a(msgb.o)
msgb_set_talloc_ctx                               ../../shared/libosmocore/build-target/src/.libs/libosmocore.a(msgb.o)
osmo_panic                                        ../../shared/libosmocore/build-target/src/.libs/libosmocore.a(panic.o)
                                                  comm/libcomm.a(sercomm_cons.o)
                                                  comm/libcomm.a(sercomm.o)
osmo_set_panic_handler                            ../../shared/libosmocore/build-target/src/.libs/libosmocore.a(panic.o)
osmo_timer_add                                    comm/libcomm.a(timer.o)
osmo_timer_del                                    comm/libcomm.a(timer.o)
osmo_timer_pending                                comm/libcomm.a(timer.o)
osmo_timer_schedule                               comm/libcomm.a(timer.o)
osmo_timers_check                                 comm/libcomm.a(timer.o)
osmo_timers_update                                comm/libcomm.a(timer.o)
                                                  apps/compal_dsp_dump/main.o
phex                                              board/common/calypso_uart.o
                                                  board/compal/handlers.o
phexubf                                           board/common/calypso_uart.o
power_hold                                        calypso/libcalypso.a(keypad.o)
printf                                            lib/libmini.a(printf.o)
                                                  calypso/libcalypso.a(timer.o)
                                                  calypso/libcalypso.a(misc.o)
                                                  calypso/libcalypso.a(keypad.o)
                                                  calypso/libcalypso.a(dsp.o)
                                                  calypso/libcalypso.a(clock.o)
                                                  fb/fb_ssd1783.o
                                                  board/compal/readcal_common.o
                                                  flash/cfi_flash.o
                                                  abb/twl3025.o
putchar_asm                                       board/common/calypso_uart.o
                                                  board/compal/handlers.o
puts                                              lib/libmini.a(vsprintf.o)
                                                  lib/libmini.a(printf.o)
                                                  calypso/libcalypso.a(uart.o)
                                                  calypso/libcalypso.a(timer.o)
                                                  calypso/libcalypso.a(misc.o)
                                                  calypso/libcalypso.a(tpu.o)
                                                  calypso/libcalypso.a(dsp.o)
                                                  rf/trf6151.o
                                                  abb/twl3025.o
                                                  apps/compal_dsp_dump/main.o
puts_asm                                          board/common/calypso_uart.o
pwl_init                                          board/common/calypso_pwl.o
pwl_set_level                                     board/common/calypso_pwl.o
read_compal_factory_records                       board/compal/readcal_common.o
                                                  board/compal_e99/readcal.o
read_factory_rf_calibration                       board/compal_e99/readcal.o
rf_arfcn                                          rf/trf6151.o
rf_tx_chan_cal_1800                               board/common/tx_calchan.o
rf_tx_chan_cal_1900                               board/common/tx_calchan.o
rf_tx_chan_cal_850                                board/common/tx_calchan.o
rf_tx_chan_cal_900                                board/common/tx_calchan.o
rf_tx_levels_1800                                 board/compal/rf_tables.o
                                                  board/compal/readcal_common.o
rf_tx_levels_1900                                 board/compal/rf_tables.o
                                                  board/compal/readcal_common.o
rf_tx_levels_850                                  board/compal/rf_tables.o
                                                  board/compal/readcal_common.o
rf_tx_levels_900                                  board/compal/rf_tables.o
                                                  board/compal/readcal_common.o
rf_tx_ramps_1800                                  board/compal_e88/tx_ramps.o
rf_tx_ramps_1900                                  board/compal_e88/tx_ramps.o
rf_tx_ramps_850                                   board/compal_e88/tx_ramps.o
rf_tx_ramps_900                                   board/compal_e88/tx_ramps.o
rffe_compute_gain                                 board/compal/rffe_dualband.o
rffe_get_gain                                     board/compal/rffe_dualband.o
rffe_get_rx_ports                                 board/compal/rffe_dualband.o
                                                  rf/trf6151.o
rffe_get_tx_ports                                 board/compal/rffe_dualband.o
rffe_init                                         board/compal/rffe_dualband.o
rffe_iq_swapped                                   board/compal/rffe_dualband.o
rffe_mode                                         board/compal/rffe_dualband.o
rffe_rx_win_ctrl                                  board/compal/rffe_dualband.o
rffe_set_gain                                     board/compal/rffe_dualband.o
rtc_init                                          calypso/libcalypso.a(rtc.o)
                                                  board/compal_e99/init.o
rxlev2dbm                                         ../../shared/libosmocore/build-target/src/gsm/.libs/libosmogsm.a(gsm_utils.o)
scnprintf                                         lib/libmini.a(vsprintf.o)
sercomm_bind_uart                                 comm/libcomm.a(sercomm.o)
                                                  board/compal_e99/init.o
sercomm_drv_pull                                  comm/libcomm.a(sercomm.o)
                                                  calypso/libcalypso.a(uart.o)
sercomm_drv_rx_char                               comm/libcomm.a(sercomm.o)
                                                  calypso/libcalypso.a(uart.o)
sercomm_get_uart                                  comm/libcomm.a(sercomm.o)
                                                  comm/libcomm.a(sercomm_cons.o)
                                                  calypso/libcalypso.a(uart.o)
sercomm_init                                      comm/libcomm.a(sercomm.o)
                                                  calypso/libcalypso.a(uart.o)
sercomm_initialized                               comm/libcomm.a(sercomm.o)
                                                  comm/libcomm.a(sercomm_cons.o)
sercomm_putchar                                   comm/libcomm.a(sercomm_cons.o)
                                                  calypso/libcalypso.a(misc.o)
sercomm_puts                                      comm/libcomm.a(sercomm_cons.o)
                                                  lib/libmini.a(vsprintf.o)
sercomm_register_rx_cb                            comm/libcomm.a(sercomm.o)
sercomm_sendmsg                                   comm/libcomm.a(sercomm.o)
                                                  comm/libcomm.a(sercomm_cons.o)
sercomm_tx_queue_depth                            comm/libcomm.a(sercomm.o)
                                                  comm/libcomm.a(sercomm_cons.o)
snprintf                                          lib/libmini.a(vsprintf.o)
spi_init                                          calypso/libcalypso.a(spi.o)
                                                  abb/twl3025.o
spi_xfer                                          calypso/libcalypso.a(spi.o)
                                                  abb/twl3025.o
sprintf                                           lib/libmini.a(vsprintf.o)
sscanf                                            lib/libmini.a(vsprintf.o)
strlen                                            lib/libmini.a(string.o)
                                                  ../../shared/libosmocore/build-target/src/gsm/.libs/libosmogsm.a(gsm_utils.o)
                                                  comm/libcomm.a(sercomm_cons.o)
                                                  lib/libmini.a(console.o)
strnlen                                           lib/libmini.a(string.o)
                                                  lib/libmini.a(vsprintf.o)
strtol                                            lib/libmini.a(vsprintf.o)
                                                  ../../shared/libosmocore/build-target/src/gsm/.libs/libosmogsm.a(gsm_utils.o)
strtoll                                           lib/libmini.a(vsprintf.o)
strtoul                                           lib/libmini.a(vsprintf.o)
strtoull                                          lib/libmini.a(vsprintf.o)
system_inherent_gain                              board/compal/rffe_dualband.o
                                                  rf/trf6151.o
tall_msgb_ctx                                     ../../shared/libosmocore/build-target/src/.libs/libosmocore.a(msgb.o)
talloc_free                                       comm/libcomm.a(msgb.o)
                                                  ../../shared/libosmocore/build-target/src/.libs/libosmocore.a(msgb.o)
timer_init                                        comm/libcomm.a(timer.o)
                                                  board/compal_e99/init.o
tpu_clk_enable                                    calypso/libcalypso.a(tpu.o)
tpu_dsp_fameirq_pending                           calypso/libcalypso.a(tpu.o)
tpu_dsp_frameirq_enable                           calypso/libcalypso.a(tpu.o)
                                                  calypso/libcalypso.a(dsp.o)
tpu_enable                                        calypso/libcalypso.a(tpu.o)
                                                  rf/trf6151.o
tpu_enqueue                                       calypso/libcalypso.a(tpu.o)
                                                  calypso/libcalypso.a(tsp.o)
                                                  rf/trf6151.o
                                                  abb/twl3025.o
tpu_force_dsp_frame_irq                           calypso/libcalypso.a(tpu.o)
tpu_frame_irq_en                                  calypso/libcalypso.a(tpu.o)
                                                  calypso/libcalypso.a(dsp.o)
tpu_get_offset                                    calypso/libcalypso.a(tpu.o)
tpu_get_synchro                                   calypso/libcalypso.a(tpu.o)
tpu_init                                          calypso/libcalypso.a(tpu.o)
tpu_reset                                         calypso/libcalypso.a(tpu.o)
tpu_rewind                                        calypso/libcalypso.a(tpu.o)
tpu_test                                          calypso/libcalypso.a(tpu.o)
tpu_wait_idle                                     calypso/libcalypso.a(tpu.o)
                                                  rf/trf6151.o
trf6151_calib_dc_offs                             rf/trf6151.o
trf6151_compute_gain                              rf/trf6151.o
                                                  board/compal/rffe_dualband.o
trf6151_get_gain                                  rf/trf6151.o
                                                  board/compal/rffe_dualband.o
trf6151_get_gain_reg                              rf/trf6151.o
trf6151_init                                      rf/trf6151.o
                                                  board/compal/rffe_dualband.o
trf6151_iq_swapped                                rf/trf6151.o
                                                  board/compal/rffe_dualband.o
trf6151_power                                     rf/trf6151.o
trf6151_rx_window                                 rf/trf6151.o
trf6151_set_arfcn                                 rf/trf6151.o
trf6151_set_gain                                  rf/trf6151.o
                                                  board/compal/rffe_dualband.o
trf6151_set_gain_reg                              rf/trf6151.o
trf6151_set_mode                                  rf/trf6151.o
trf6151_test                                      rf/trf6151.o
trf6151_tx_test                                   rf/trf6151.o
trf6151_tx_window                                 rf/trf6151.o
tsp_act_disable                                   calypso/libcalypso.a(tsp.o)
                                                  calypso/libcalypso.a(tpu.o)
                                                  rf/trf6151.o
tsp_act_enable                                    calypso/libcalypso.a(tsp.o)
                                                  calypso/libcalypso.a(tpu.o)
                                                  rf/trf6151.o
tsp_act_state                                     calypso/libcalypso.a(tsp.o)
                                                  board/compal/rffe_dualband.o
tsp_act_toggle                                    calypso/libcalypso.a(tsp.o)
tsp_act_update                                    calypso/libcalypso.a(tsp.o)
                                                  board/compal/rffe_dualband.o
tsp_init                                          calypso/libcalypso.a(tsp.o)
tsp_setup                                         calypso/libcalypso.a(tsp.o)
                                                  board/compal/rffe_dualband.o
                                                  rf/trf6151.o
tsp_write                                         calypso/libcalypso.a(tsp.o)
                                                  rf/trf6151.o
                                                  abb/twl3025.o
twl3025_afc_get                                   abb/twl3025.o
twl3025_afc_set                                   abb/twl3025.o
twl3025_afcout_get                                abb/twl3025.o
twl3025_afcout_set                                abb/twl3025.o
twl3025_clk13m                                    abb/twl3025.o
twl3025_default_ramp                              abb/twl3025.o
twl3025_downlink                                  abb/twl3025.o
twl3025_get_pwon                                  abb/twl3025.o
                                                  calypso/libcalypso.a(keypad.o)
twl3025_init                                      abb/twl3025.o
                                                  board/compal_e99/init.o
twl3025_power_off                                 abb/twl3025.o
                                                  calypso/libcalypso.a(keypad.o)
twl3025_power_off_now                             abb/twl3025.o
twl3025_reg_read                                  abb/twl3025.o
twl3025_reg_write                                 abb/twl3025.o
twl3025_tsp_write                                 abb/twl3025.o
twl3025_unit_enable                               abb/twl3025.o
twl3025_uplink                                    abb/twl3025.o
uart_baudrate                                     calypso/libcalypso.a(uart.o)
                                                  board/compal_e99/init.o
uart_getchar_nb                                   calypso/libcalypso.a(uart.o)
uart_init                                         calypso/libcalypso.a(uart.o)
                                                  board/compal_e99/init.o
uart_irq_enable                                   calypso/libcalypso.a(uart.o)
                                                  comm/libcomm.a(sercomm.o)
                                                  lib/libmini.a(console.o)
uart_poll                                         calypso/libcalypso.a(uart.o)
uart_putchar_nb                                   calypso/libcalypso.a(uart.o)
                                                  lib/libmini.a(console.o)
uart_putchar_wait                                 calypso/libcalypso.a(uart.o)
                                                  comm/libcomm.a(sercomm_cons.o)
                                                  lib/libmini.a(console.o)
uart_tx_busy                                      calypso/libcalypso.a(uart.o)
                                                  lib/libmini.a(console.o)
uwire_init                                        calypso/libcalypso.a(uwire.o)
                                                  fb/fb_ssd1783.o
uwire_xfer                                        calypso/libcalypso.a(uwire.o)
                                                  fb/fb_ssd1783.o
vscnprintf                                        lib/libmini.a(vsprintf.o)
vsnprintf                                         lib/libmini.a(vsprintf.o)
                                                  lib/libmini.a(printf.o)
vsprintf                                          lib/libmini.a(vsprintf.o)
vsscanf                                           lib/libmini.a(vsprintf.o)
wdog_enable                                       calypso/libcalypso.a(timer.o)
                                                  board/compal_e99/init.o
wdog_reset                                        calypso/libcalypso.a(timer.o)
