Archive member included because of file (symbol)

calypso/libcalypso.a(clock.o)
                              board/pirelli_dpl10/init.o (calypso_clock_set)
calypso/libcalypso.a(dma.o)   board/pirelli_dpl10/init.o (dma_init)
calypso/libcalypso.a(dsp.o)   apps/compal_dsp_dump/main.o (dsp_dump)
calypso/libcalypso.a(irq.o)   abb/twl3025.o (irq_enable)
calypso/libcalypso.a(rtc.o)   board/pirelli_dpl10/init.o (rtc_init)
calypso/libcalypso.a(spi.o)   abb/twl3025.o (spi_init)
calypso/libcalypso.a(tpu.o)   abb/twl3025.o (tpu_enqueue)
calypso/libcalypso.a(tsp.o)   abb/twl3025.o (tsp_write)
calypso/libcalypso.a(keypad.o)
                              board/pirelli_dpl10/init.o (keypad_init)
calypso/libcalypso.a(misc.o)  apps/compal_dsp_dump/main.o (dump_dev_id)
calypso/libcalypso.a(timer.o)
                              board/pirelli_dpl10/init.o (hwtimer_init)
calypso/libcalypso.a(backlight.o)
                              board/pirelli_dpl10/init.o (bl_mode_pwl)
calypso/libcalypso.a(uart.o)  board/pirelli_dpl10/init.o (uart_init)
calypso/libcalypso.a(arm.o)   calypso/libcalypso.a(irq.o) (arm_enable_interrupts)
lib/libmini.a(vsprintf.o)     apps/compal_dsp_dump/main.o (puts)
lib/libmini.a(string.o)       lib/libmini.a(vsprintf.o) (strnlen)
lib/libmini.a(ctype.o)        lib/libmini.a(vsprintf.o) (_ctype)
lib/libmini.a(printf.o)       abb/twl3025.o (printf)
lib/libmini.a(console.o)      board/pirelli_dpl10/init.o (cons_bind_uart)
lib/libmini.a(ctors.o)        board/compal/start.ram.o (do_global_ctors)
lib/libmini.a(delay.o)        calypso/libcalypso.a(tpu.o) (delay_us)
lib/libmini.a(div64.o)        lib/libmini.a(vsprintf.o) (__do_div64)
lib/libmini.a(lib1funcs.o)    rf/trf6151.o (__udivsi3)
lib/libmini.a(memcpy.o)       board/pirelli_dpl10/readcal.o (memcpy)
lib/libmini.a(memset.o)       lib/libmini.a(console.o) (memset)
comm/libcomm.a(sercomm.o)     board/pirelli_dpl10/init.o (sercomm_bind_uart)
comm/libcomm.a(sercomm_cons.o)
                              lib/libmini.a(vsprintf.o) (sercomm_puts)
comm/libcomm.a(timer.o)       calypso/libcalypso.a(keypad.o) (jiffies)
tiffs/libtiffs.a(init.o)      board/pirelli_dpl10/init.o (tiffs_init)
tiffs/libtiffs.a(globals.o)   tiffs/libtiffs.a(init.o) (tiffs_init_done)
../../shared/libosmocore/build-target/src/.libs/libosmocore.a(msgb.o)
                              comm/libcomm.a(sercomm.o) (msgb_alloc)
../../shared/libosmocore/build-target/src/.libs/libosmocore.a(panic.o)
                              comm/libcomm.a(sercomm.o) (osmo_panic)
../../shared/libosmocore/build-target/src/gsm/.libs/libosmogsm.a(gsm_utils.o)
                              rf/trf6151.o (gsm_arfcn2band)
lib/libmini.a(memcmp.o)       tiffs/libtiffs.a(init.o) (memcmp)
comm/libcomm.a(msgb.o)        ../../shared/libosmocore/build-target/src/.libs/libosmocore.a(msgb.o) (_talloc_zero)

Allocating common symbols
Common symbol       size              file

tall_msgb_ctx       0x4               ../../shared/libosmocore/build-target/src/.libs/libosmocore.a(msgb.o)
tiffs_nsectors      0x4               tiffs/libtiffs.a(globals.o)
tiffs_init_done     0x4               tiffs/libtiffs.a(globals.o)
tiffs_base_addr     0x4               tiffs/libtiffs.a(globals.o)
battery_info        0x14              battery/dummy.o
tiffs_sector_size   0x4               tiffs/libtiffs.a(globals.o)
tiffs_root_ino      0x4               tiffs/libtiffs.a(globals.o)
jiffies             0x4               comm/libcomm.a(timer.o)
tiffs_active_index  0x4               tiffs/libtiffs.a(globals.o)

Memory Configuration

Name             Origin             Length             Attributes
XRAM             0x0000000000800000 0x0000000000020000 rw
RAM              0x0000000000820000 0x0000000000030000 rw
*default*        0x0000000000000000 0xffffffffffffffff

Linker script and memory map

                0x0000000000820000                . = 0x820000

.text.start     0x0000000000820000       0x6c
                0x0000000000820000                PROVIDE (_start, .)
 *(.text.start)
 .text.start    0x0000000000820000       0x6c board/compal/start.ram.o
                0x0000000000820000                _start
 *(.text.start)

.text.exceptions
                0x000000000080001c       0x1c load address 0x000000000082006c
 *(.text.exceptions)
 .text.exceptions
                0x000000000080001c       0x1c board/compal/exceptions_redirected.o
 *(.text.exceptions)
                0x0000000000800038                . = ALIGN (0x4)
                0x000000000082006c                PROVIDE (_exceptions, LOADADDR (.text.exceptions))
                0x0000000000800038                . = ALIGN (0x4)

.text           0x0000000000820088     0x477c load address 0x0000000000820088
 *(.text*)
 .text.fb_putstr
                0x0000000000820088       0x1c apps/compal_dsp_dump/main.o
 .text.main     0x00000000008200a4      0x110 apps/compal_dsp_dump/main.o
                0x00000000008200a4                main
 .text.twl3025_reg_write
                0x00000000008201b4       0x68 abb/twl3025.o
                0x00000000008201b4                twl3025_reg_write
 .text.twl3025_unit_enable
                0x000000000082021c       0x6c abb/twl3025.o
                0x000000000082021c                twl3025_unit_enable
 .text.twl3025_switch_page
                0x0000000000820288       0x30 abb/twl3025.o
 .text.twl3025_reg_read
                0x00000000008202b8       0x80 abb/twl3025.o
                0x00000000008202b8                twl3025_reg_read
 .text.twl3025_power_off
                0x0000000000820338       0x30 abb/twl3025.o
                0x0000000000820338                twl3025_power_off
 .text.twl3025_irq
                0x0000000000820368       0x70 abb/twl3025.o
 .text.twl3025_wait_ibic_access
                0x00000000008203d8        0x8 abb/twl3025.o
 .text.twl3025_clk13m
                0x00000000008203e0       0x38 abb/twl3025.o
                0x00000000008203e0                twl3025_clk13m
 .text.twl3025_init
                0x0000000000820418       0x9c abb/twl3025.o
                0x0000000000820418                twl3025_init
 .text.twl3025_get_pwon
                0x00000000008204b4       0x58 abb/twl3025.o
                0x00000000008204b4                twl3025_get_pwon
 .text          0x000000000082050c       0xfc board/common/calypso_uart.o
                0x0000000000820518                phex
                0x000000000082054c                puts_asm
                0x0000000000820598                memdump_asm
                0x0000000000820588                putchar_asm
 .text.board_init
                0x0000000000820608      0x230 board/pirelli_dpl10/init.o
                0x0000000000820608                board_init
 .text.fb_font_get_char
                0x0000000000820838       0x50 fb/font.o
                0x0000000000820838                fb_font_get_char
 .text.fb_limit_fb_range
                0x0000000000820888       0x38 fb/fb_rgb332.o
 .text.fb_sanitize_box
                0x00000000008208c0       0x50 fb/fb_rgb332.o
 .text.fb_rgb332_clear
                0x0000000000820910       0x74 fb/fb_rgb332.o
                0x0000000000820910                fb_rgb332_clear
 .text.fb_rgb332_update_damage
                0x0000000000820984       0xd8 fb/fb_rgb332.o
 .text.rgb_to_pixel
                0x0000000000820a5c       0x24 fb/fb_rgb332.o
 .text.set_pix  0x0000000000820a80       0x24 fb/fb_rgb332.o
 .text.fb_rgb332_boxto
                0x0000000000820aa4      0x11c fb/fb_rgb332.o
                0x0000000000820aa4                fb_rgb332_boxto
 .text.fb_rgb332_lineto
                0x0000000000820bc0      0x138 fb/fb_rgb332.o
                0x0000000000820bc0                fb_rgb332_lineto
 .text.fb_rgb332_putstr
                0x0000000000820cf8      0x2b8 fb/fb_rgb332.o
                0x0000000000820cf8                fb_rgb332_putstr
 .text.fb_spca_write
                0x0000000000820fb0       0x34 fb/fb_s6b33b1x.o
 .text.fb_s6b33b1x_flush
                0x0000000000820fe4      0x17c fb/fb_s6b33b1x.o
 .text.fb_s6b33b1x_init
                0x0000000000821160       0xf0 fb/fb_s6b33b1x.o
 .text          0x0000000000821250       0x90 board/compal/handlers.o
                0x0000000000821250                handle_abort
                0x0000000000821290                irq_entry
                0x00000000008212b8                fiq_entry
 .text.calypso_pll_set
                0x00000000008212e0       0x38 calypso/libcalypso.a(clock.o)
                0x00000000008212e0                calypso_pll_set
 .text.calypso_reset_set
                0x0000000000821318       0x2c calypso/libcalypso.a(clock.o)
                0x0000000000821318                calypso_reset_set
 .text.calypso_clock_set
                0x0000000000821344       0xa0 calypso/libcalypso.a(clock.o)
                0x0000000000821344                calypso_clock_set
 .text.calypso_mem_cfg
                0x00000000008213e4       0x20 calypso/libcalypso.a(clock.o)
                0x00000000008213e4                calypso_mem_cfg
 .text.calypso_bootrom
                0x0000000000821404       0x28 calypso/libcalypso.a(clock.o)
                0x0000000000821404                calypso_bootrom
 .text.calypso_rhea_cfg
                0x000000000082142c       0x58 calypso/libcalypso.a(clock.o)
                0x000000000082142c                calypso_rhea_cfg
 .text.dma_init
                0x0000000000821484       0x14 calypso/libcalypso.a(dma.o)
                0x0000000000821484                dma_init
 .text.dsp_upload_sections_api
                0x0000000000821498       0x88 calypso/libcalypso.a(dsp.o)
 .text.dsp_pre_boot
                0x0000000000821520       0x90 calypso/libcalypso.a(dsp.o)
 .text.dsp_dump
                0x00000000008215b0      0x1d0 calypso/libcalypso.a(dsp.o)
                0x00000000008215b0                dsp_dump
 .text._irq_enable
                0x0000000000821780       0x48 calypso/libcalypso.a(irq.o)
 .text.irq_enable
                0x00000000008217c8        0x8 calypso/libcalypso.a(irq.o)
                0x00000000008217c8                irq_enable
 .text.irq_disable
                0x00000000008217d0        0x8 calypso/libcalypso.a(irq.o)
                0x00000000008217d0                irq_disable
 .text.irq_config
                0x00000000008217d8       0x50 calypso/libcalypso.a(irq.o)
                0x00000000008217d8                irq_config
 .text.irq      0x0000000000821828       0x44 calypso/libcalypso.a(irq.o)
                0x0000000000821828                irq
 .text.fiq      0x000000000082186c       0x44 calypso/libcalypso.a(irq.o)
                0x000000000082186c                fiq
 .text.irq_register_handler
                0x00000000008218b0       0x14 calypso/libcalypso.a(irq.o)
                0x00000000008218b0                irq_register_handler
 .text.calypso_exceptions_install
                0x00000000008218c4       0x30 calypso/libcalypso.a(irq.o)
                0x00000000008218c4                calypso_exceptions_install
 .text.irq_init
                0x00000000008218f4       0x6c calypso/libcalypso.a(irq.o)
                0x00000000008218f4                irq_init
 .text.rtc_irq_tick
                0x0000000000821960       0x18 calypso/libcalypso.a(rtc.o)
 .text.rtc_init
                0x0000000000821978       0x5c calypso/libcalypso.a(rtc.o)
                0x0000000000821978                rtc_init
 .text.spi_init
                0x00000000008219d4       0x20 calypso/libcalypso.a(spi.o)
                0x00000000008219d4                spi_init
 .text.spi_xfer
                0x00000000008219f4      0x120 calypso/libcalypso.a(spi.o)
                0x00000000008219f4                spi_xfer
 .text.emit_key
                0x0000000000821b14       0x58 calypso/libcalypso.a(keypad.o)
                0x0000000000821b14                emit_key
 .text.dispatch_buttons
                0x0000000000821b6c       0xd4 calypso/libcalypso.a(keypad.o)
                0x0000000000821b6c                dispatch_buttons
 .text.keypad_irq
                0x0000000000821c40       0x18 calypso/libcalypso.a(keypad.o)
 .text.keypad_init
                0x0000000000821c58       0x88 calypso/libcalypso.a(keypad.o)
                0x0000000000821c58                keypad_init
 .text.keypad_poll
                0x0000000000821ce0      0x250 calypso/libcalypso.a(keypad.o)
                0x0000000000821ce0                keypad_poll
 .text.dump_dev_id
                0x0000000000821f30       0xa4 calypso/libcalypso.a(misc.o)
                0x0000000000821f30                dump_dev_id
 .text.hwtimer_enable
                0x0000000000821fd4       0x70 calypso/libcalypso.a(timer.o)
                0x0000000000821fd4                hwtimer_enable
 .text.hwtimer_config
                0x0000000000822044       0x30 calypso/libcalypso.a(timer.o)
                0x0000000000822044                hwtimer_config
 .text.hwtimer_load
                0x0000000000822074       0x28 calypso/libcalypso.a(timer.o)
                0x0000000000822074                hwtimer_load
 .text.hwtimer_init
                0x000000000082209c       0x1c calypso/libcalypso.a(timer.o)
                0x000000000082209c                hwtimer_init
 .text.bl_mode_pwl
                0x00000000008220b8       0x44 calypso/libcalypso.a(backlight.o)
                0x00000000008220b8                bl_mode_pwl
 .text.bl_level
                0x00000000008220fc       0x34 calypso/libcalypso.a(backlight.o)
                0x00000000008220fc                bl_level
 .text.uart_set_lcr7bit
                0x0000000000822130       0x28 calypso/libcalypso.a(uart.o)
 .text.uart_set_lcr_bf
                0x0000000000822158       0x34 calypso/libcalypso.a(uart.o)
 .text.uart_set_mcr6bit
                0x000000000082218c       0x28 calypso/libcalypso.a(uart.o)
 .text.uart_reg_write
                0x00000000008221b4       0x9c calypso/libcalypso.a(uart.o)
 .text.uart_reg_read
                0x0000000000822250       0x9c calypso/libcalypso.a(uart.o)
 .text.uart_irq_handler_cons
                0x00000000008222ec       0x5c calypso/libcalypso.a(uart.o)
 .text.uart_irq_enable
                0x0000000000822348       0x58 calypso/libcalypso.a(uart.o)
                0x0000000000822348                uart_irq_enable
 .text.uart_tx_busy
                0x00000000008223a0       0x18 calypso/libcalypso.a(uart.o)
                0x00000000008223a0                uart_tx_busy
 .text.uart_putchar_nb
                0x00000000008223b8       0x34 calypso/libcalypso.a(uart.o)
                0x00000000008223b8                uart_putchar_nb
 .text.uart_getchar_nb
                0x00000000008223ec       0x88 calypso/libcalypso.a(uart.o)
                0x00000000008223ec                uart_getchar_nb
 .text.uart_irq_handler_sercomm
                0x0000000000822474      0x118 calypso/libcalypso.a(uart.o)
 .text.uart_init
                0x000000000082258c      0x188 calypso/libcalypso.a(uart.o)
                0x000000000082258c                uart_init
 .text.uart_putchar_wait
                0x0000000000822714       0x2c calypso/libcalypso.a(uart.o)
                0x0000000000822714                uart_putchar_wait
 .text.uart_baudrate
                0x0000000000822740       0x74 calypso/libcalypso.a(uart.o)
                0x0000000000822740                uart_baudrate
 .text.arm_enable_interrupts
                0x00000000008227b4       0x10 calypso/libcalypso.a(arm.o)
                0x00000000008227b4                arm_enable_interrupts
 .text.skip_atoi
                0x00000000008227c4       0x48 lib/libmini.a(vsprintf.o)
 .text.number   0x000000000082280c      0x2a0 lib/libmini.a(vsprintf.o)
 .text.vsnprintf
                0x0000000000822aac      0x540 lib/libmini.a(vsprintf.o)
                0x0000000000822aac                vsnprintf
 .text.puts     0x0000000000822fec        0x4 lib/libmini.a(vsprintf.o)
                0x0000000000822fec                puts
 .text.strnlen  0x0000000000822ff0       0x2c lib/libmini.a(string.o)
                0x0000000000822ff0                strnlen
 .text.strlen   0x000000000082301c       0x20 lib/libmini.a(string.o)
                0x000000000082301c                strlen
 .text.printf   0x000000000082303c       0x50 lib/libmini.a(printf.o)
                0x000000000082303c                printf
 .text.cons_bind_uart
                0x000000000082308c       0x18 lib/libmini.a(console.o)
                0x000000000082308c                cons_bind_uart
 .text.cons_get_uart
                0x00000000008230a4       0x18 lib/libmini.a(console.o)
                0x00000000008230a4                cons_get_uart
 .text.cons_init
                0x00000000008230bc       0x40 lib/libmini.a(console.o)
                0x00000000008230bc                cons_init
 .text.cons_rb_pull
                0x00000000008230fc       0x6c lib/libmini.a(console.o)
 .text.cons_rb_flush
                0x0000000000823168       0x58 lib/libmini.a(console.o)
                0x0000000000823168                cons_rb_flush
 .text.__cons_rb_append
                0x00000000008231c0       0x6c lib/libmini.a(console.o)
 .text.cons_rb_append
                0x000000000082322c       0xe4 lib/libmini.a(console.o)
                0x000000000082322c                cons_rb_append
 .text.cons_puts
                0x0000000000823310       0x70 lib/libmini.a(console.o)
                0x0000000000823310                cons_puts
 .text.do_global_ctors
                0x0000000000823380       0x30 lib/libmini.a(ctors.o)
                0x0000000000823380                do_global_ctors
 .text.delay_ms
                0x00000000008233b0       0x3c lib/libmini.a(delay.o)
                0x00000000008233b0                delay_ms
 .text          0x00000000008233ec      0x130 lib/libmini.a(div64.o)
                0x00000000008233ec                __do_div64
 .text          0x000000000082351c      0x3d4 lib/libmini.a(lib1funcs.o)
                0x000000000082351c                __udivsi3
                0x0000000000823604                __umodsi3
                0x00000000008236c0                __aeabi_idiv
                0x00000000008238ec                __div0
                0x000000000082351c                __aeabi_uidiv
                0x00000000008236c0                __divsi3
                0x00000000008238ac                __aeabi_uidivmod
                0x00000000008237d8                __modsi3
                0x00000000008238c4                __aeabi_idivmod
 .text          0x00000000008238f0      0x29c lib/libmini.a(memcpy.o)
                0x00000000008238f0                memcpy
 *fill*         0x0000000000823b8c       0x14 00
 .text          0x0000000000823ba0       0xc0 lib/libmini.a(memset.o)
                0x0000000000823bc0                memset
 .text.msgb_tailroom
                0x0000000000823c60       0x18 comm/libcomm.a(sercomm.o)
 .text.msgb_put
                0x0000000000823c78       0x50 comm/libcomm.a(sercomm.o)
 .text.sercomm_alloc_msgb
                0x0000000000823cc8       0x40 comm/libcomm.a(sercomm.o)
 .text.sercomm_bind_uart
                0x0000000000823d08       0x10 comm/libcomm.a(sercomm.o)
                0x0000000000823d08                sercomm_bind_uart
 .text.sercomm_get_uart
                0x0000000000823d18       0x10 comm/libcomm.a(sercomm.o)
                0x0000000000823d18                sercomm_get_uart
 .text.sercomm_register_rx_cb
                0x0000000000823d28       0x34 comm/libcomm.a(sercomm.o)
                0x0000000000823d28                sercomm_register_rx_cb
 .text.sercomm_init
                0x0000000000823d5c       0x4c comm/libcomm.a(sercomm.o)
                0x0000000000823d5c                sercomm_init
 .text.sercomm_initialized
                0x0000000000823da8       0x10 comm/libcomm.a(sercomm.o)
                0x0000000000823da8                sercomm_initialized
 .text.sercomm_drv_rx_char
                0x0000000000823db8      0x17c comm/libcomm.a(sercomm.o)
                0x0000000000823db8                sercomm_drv_rx_char
 .text.sercomm_drv_pull
                0x0000000000823f34      0x11c comm/libcomm.a(sercomm.o)
                0x0000000000823f34                sercomm_drv_pull
 .text.sercomm_tx_queue_depth
                0x0000000000824050       0x34 comm/libcomm.a(sercomm.o)
                0x0000000000824050                sercomm_tx_queue_depth
 .text.sercomm_sendmsg
                0x0000000000824084       0x94 comm/libcomm.a(sercomm.o)
                0x0000000000824084                sercomm_sendmsg
 .text.msgb_tailroom
                0x0000000000824118       0x18 comm/libcomm.a(sercomm_cons.o)
 .text.raw_puts
                0x0000000000824130       0x3c comm/libcomm.a(sercomm_cons.o)
 .text.sercomm_puts
                0x000000000082416c      0x180 comm/libcomm.a(sercomm_cons.o)
                0x000000000082416c                sercomm_puts
 .text.sercomm_putchar
                0x00000000008242ec       0x30 comm/libcomm.a(sercomm_cons.o)
                0x00000000008242ec                sercomm_putchar
 .text.osmo_timer_del
                0x000000000082431c       0x4c comm/libcomm.a(timer.o)
                0x000000000082431c                osmo_timer_del
 .text.timer_irq
                0x0000000000824368       0x18 comm/libcomm.a(timer.o)
 .text.timer_init
                0x0000000000824380       0x6c comm/libcomm.a(timer.o)
                0x0000000000824380                timer_init
 .text.osmo_timers_update
                0x00000000008243ec       0xe4 comm/libcomm.a(timer.o)
                0x00000000008243ec                osmo_timers_update
 .text.tiffs_init
                0x00000000008244d0      0x14c tiffs/libtiffs.a(init.o)
                0x00000000008244d0                tiffs_init
 .text.msgb_alloc
                0x000000000082461c       0x5c ../../shared/libosmocore/build-target/src/.libs/libosmocore.a(msgb.o)
                0x000000000082461c                msgb_alloc
 .text.msgb_free
                0x0000000000824678        0x4 ../../shared/libosmocore/build-target/src/.libs/libosmocore.a(msgb.o)
                0x0000000000824678                msgb_free
 .text.msgb_enqueue
                0x000000000082467c       0x18 ../../shared/libosmocore/build-target/src/.libs/libosmocore.a(msgb.o)
                0x000000000082467c                msgb_enqueue
 .text.msgb_dequeue
                0x0000000000824694       0x40 ../../shared/libosmocore/build-target/src/.libs/libosmocore.a(msgb.o)
                0x0000000000824694                msgb_dequeue
 .text.osmo_panic
                0x00000000008246d4       0x58 ../../shared/libosmocore/build-target/src/.libs/libosmocore.a(panic.o)
                0x00000000008246d4                osmo_panic
 .text          0x000000000082472c       0x30 lib/libmini.a(memcmp.o)
                0x000000000082472c                memcmp
 .text._talloc_zero
                0x000000000082475c       0x9c comm/libcomm.a(msgb.o)
                0x000000000082475c                _talloc_zero
 .text.talloc_free
                0x00000000008247f8        0xc comm/libcomm.a(msgb.o)
                0x00000000008247f8                talloc_free
 *(.ramtext*)
 *(.glue_7t)
 *(.glue_7)
 *(.vfp11_veneer)
 *(.v4_bx)
                0x0000000000824804                . = ALIGN (0x4)
                0x0000000000820088                PROVIDE (_text_start, LOADADDR (.text))
                0x0000000000824804                PROVIDE (_text_end, (LOADADDR (.text) + SIZEOF (.text)))

.ctors          0x0000000000824804        0x8
                0x0000000000824804        0x4 LONG 0x0 ((SIZEOF (.ctors) / 0x4) - 0x2)
 *(SORT(.ctors))
 *(SORT(.init_array))
                0x0000000000824808        0x4 LONG 0x0
                0x0000000000824804                PROVIDE (_ctor_start, LOADADDR (.ctors))
                0x000000000082480c                PROVIDE (_ctor_end, (LOADADDR (.ctors) + SIZEOF (.ctors)))

.dtors          0x000000000082480c        0x8
                0x000000000082480c        0x4 LONG 0x0 ((SIZEOF (.dtors) / 0x4) - 0x2)
 *(SORT(.dtors))
                0x0000000000824810        0x4 LONG 0x0
                0x000000000082480c                PROVIDE (_dtor_start, LOADADDR (.dtors))
                0x0000000000824814                PROVIDE (_dtor_end, (LOADADDR (.dtors) + SIZEOF (.dtors)))
                0x0000000000824814                . = ALIGN (0x4)

.rodata         0x0000000000824814     0x1a25
 *(.rodata*)
 .rodata.str1.4
                0x0000000000824814       0xa7 apps/compal_dsp_dump/main.o
                                         0xa8 (size before relaxing)
 *fill*         0x00000000008248bb        0x1 00
 .rodata.str1.4
                0x00000000008248bc       0x5d abb/twl3025.o
                                         0x60 (size before relaxing)
 .rodata        0x0000000000824919       0x18 board/pirelli_dpl10/init.o
 *fill*         0x0000000000824931        0x3 00
 .rodata        0x0000000000824934      0x4bc fb/helvR08.o
                0x0000000000824934                font_helvR08
 .rodata        0x0000000000824df0      0x70c fb/helvB14.o
                0x0000000000824df0                font_helvB14
 .rodata        0x00000000008254fc      0x5b0 fb/c64.o
                0x00000000008254fc                font_c64
 .rodata        0x0000000000825aac       0x98 fb/symbols.o
                0x0000000000825aac                font_symbols
 .rodata        0x0000000000825b44       0x70 fb/fb_s6b33b1x.o
 .rodata.str1.4
                0x0000000000825bb4       0x27 fb/fb_s6b33b1x.o
                                         0x28 (size before relaxing)
 *fill*         0x0000000000825bdb        0x1 00
 .rodata        0x0000000000825bdc       0x98 calypso/libcalypso.a(dsp.o)
 .rodata.str1.4
                0x0000000000825c74      0x216 calypso/libcalypso.a(dsp.o)
                                        0x21c (size before relaxing)
 *fill*         0x0000000000825e8a        0x2 00
 .rodata.str1.4
                0x0000000000825e8c       0x1f calypso/libcalypso.a(keypad.o)
                                         0x20 (size before relaxing)
 *fill*         0x0000000000825eab        0x1 00
 .rodata.str1.4
                0x0000000000825eac      0x10d calypso/libcalypso.a(misc.o)
                                        0x118 (size before relaxing)
 *fill*         0x0000000000825fb9        0x3 00
 .rodata.str1.4
                0x0000000000825fbc       0x21 calypso/libcalypso.a(timer.o)
                                         0x24 (size before relaxing)
 *fill*         0x0000000000825fdd        0x1 00
 .rodata        0x0000000000825fde       0x10 calypso/libcalypso.a(uart.o)
 *fill*         0x0000000000825fee        0x2 00
 .rodata.str1.4
                0x0000000000825ff0       0x6d calypso/libcalypso.a(uart.o)
                                         0x70 (size before relaxing)
 *fill*         0x000000000082605d        0x3 00
 .rodata        0x0000000000826060       0x50 lib/libmini.a(vsprintf.o)
 .rodata.str1.4
                0x00000000008260b0       0x73 comm/libcomm.a(sercomm.o)
                                         0x74 (size before relaxing)
 .rodata.str1.4
                0x0000000000826123        0x0 comm/libcomm.a(sercomm_cons.o)
                                         0x40 (size before relaxing)
 .rodata        0x0000000000826123        0x6 tiffs/libtiffs.a(init.o)
 *fill*         0x0000000000826129        0x3 00
 .rodata.str1.4
                0x000000000082612c       0xf2 tiffs/libtiffs.a(init.o)
                                         0xf4 (size before relaxing)
 *fill*         0x000000000082621e        0x2 00
 .rodata.str1.4
                0x0000000000826220       0x19 comm/libcomm.a(msgb.o)
                                         0x1c (size before relaxing)
                0x0000000000824814                PROVIDE (_rodata_start, LOADADDR (.rodata))
                0x0000000000826239                PROVIDE (_rodata_end, (LOADADDR (.rodata) + SIZEOF (.rodata)))
                0x000000000082623c                . = ALIGN (0x4)

.data           0x000000000082623c      0x37c
 *(.data)
 .data          0x000000000082623c        0x4 apps/compal_dsp_dump/main.o
                0x000000000082623c                hr
 .data          0x0000000000826240       0x10 fb/font.o
                0x0000000000826240                fb_fonts
 .data          0x0000000000826250       0x4c fb/fb_s6b33b1x.o
                0x0000000000826250                fb_rgb332
                0x0000000000826260                framebuffer
 .data          0x000000000082629c      0x1fc calypso/libcalypso.a(dsp.o)
                0x000000000082629c                dsp_api
 .data          0x0000000000826498       0x15 calypso/libcalypso.a(irq.o)
 .data          0x00000000008264ad      0x100 lib/libmini.a(ctype.o)
                0x00000000008264ad                _ctype
 *fill*         0x00000000008265ad        0x3 00
 .data          0x00000000008265b0        0x8 comm/libcomm.a(timer.o)
                0x000000000082623c                PROVIDE (_data_start, LOADADDR (.data))
                0x00000000008265b8                PROVIDE (_data_end, (LOADADDR (.data) + SIZEOF (.data)))
                0x00000000008265b8                . = ALIGN (0x4)

.got            0x00000000008265b8       0x14
 *(.got)
 .got           0x00000000008265b8        0x8 ../../shared/libosmocore/build-target/src/.libs/libosmocore.a(msgb.o)
 *(.got.plt)
 .got.plt       0x00000000008265c0        0xc ../../shared/libosmocore/build-target/src/.libs/libosmocore.a(msgb.o)
                0x00000000008265c0                _GLOBAL_OFFSET_TABLE_
 *(.igot.plt)
 *(.got)
 *(.igot)
                0x00000000008265b8                PROVIDE (_got_start, LOADADDR (.got))
                0x00000000008265cc                PROVIDE (_got_end, (LOADADDR (.got) + SIZEOF (.got)))

.bss            0x00000000008265cc     0x849c
                0x00000000008265cc                . = ALIGN (0x4)
                0x00000000008265cc                __bss_start = .
 *(.bss)
 .bss           0x00000000008265cc        0x8 abb/twl3025.o
 .bss           0x00000000008265d4     0x4000 fb/fb_s6b33b1x.o
 .bss           0x000000000082a5d4        0x4 calypso/libcalypso.a(dsp.o)
 .bss           0x000000000082a5d8       0x80 calypso/libcalypso.a(irq.o)
 .bss           0x000000000082a658        0x4 calypso/libcalypso.a(rtc.o)
 .bss           0x000000000082a65c       0x24 calypso/libcalypso.a(keypad.o)
                0x000000000082a65c                power_hold
                0x000000000082a660                lastbuttons
 .bss           0x000000000082a680        0x1 calypso/libcalypso.a(uart.o)
 .bss           0x000000000082a681      0x400 lib/libmini.a(printf.o)
 *fill*         0x000000000082aa81        0x3 00
 .bss           0x000000000082aa84     0x1010 lib/libmini.a(console.o)
 .bss           0x000000000082ba94      0x62c comm/libcomm.a(sercomm.o)
 .bss           0x000000000082c0c0        0x4 comm/libcomm.a(sercomm_cons.o)
 .bss           0x000000000082c0c4        0x4 ../../shared/libosmocore/build-target/src/.libs/libosmocore.a(panic.o)
 .bss           0x000000000082c0c8     0x2980 comm/libcomm.a(msgb.o)
 COMMON         0x000000000082ea48        0x4 comm/libcomm.a(timer.o)
                0x000000000082ea48                jiffies
 COMMON         0x000000000082ea4c       0x18 tiffs/libtiffs.a(globals.o)
                0x000000000082ea4c                tiffs_nsectors
                0x000000000082ea50                tiffs_init_done
                0x000000000082ea54                tiffs_base_addr
                0x000000000082ea58                tiffs_sector_size
                0x000000000082ea5c                tiffs_root_ino
                0x000000000082ea60                tiffs_active_index
 COMMON         0x000000000082ea64        0x4 ../../shared/libosmocore/build-target/src/.libs/libosmocore.a(msgb.o)
                0x000000000082ea64                tall_msgb_ctx
                0x000000000082ea68                . = ALIGN (0x4)
                0x000000000082ea68                __bss_end = .
                0x00000000008265cc                PROVIDE (_bss_start, __bss_start)
                0x000000000082ea68                PROVIDE (_bss_end, __bss_end)
                0x000000000082ea68                . = ALIGN (0x4)
                0x000000000082ea68                _end = .
                0x000000000082ea68                PROVIDE (end, .)

.rel.dyn
START GROUP
LOAD apps/compal_dsp_dump/main.o
LOAD abb/twl3025.o
LOAD rf/trf6151.o
LOAD flash/cfi_flash.o
LOAD board/common/calypso_uart.o
LOAD board/common/calypso_pwl.o
LOAD board/common/tx_calchan.o
LOAD board/pirelli_dpl10/init.o
LOAD board/pirelli_dpl10/rffe_dpl10_triband.o
LOAD board/pirelli_dpl10/rf_tables.o
LOAD board/pirelli_dpl10/readcal.o
LOAD battery/dummy.o
LOAD fb/framebuffer.o
LOAD fb/font.o
LOAD fb/helvR08.o
LOAD fb/helvB14.o
LOAD fb/c64.o
LOAD fb/symbols.o
LOAD fb/fb_rgb332.o
LOAD fb/fb_s6b33b1x.o
LOAD board/compal/start.ram.o
LOAD board/compal/exceptions_redirected.o
LOAD board/compal/handlers.o
LOAD board/pirelli_dpl10/compal_dsp_dump.highram.manifest.o
LOAD calypso/libcalypso.a
LOAD layer1/liblayer1.a
LOAD lib/libmini.a
LOAD comm/libcomm.a
LOAD tiffs/libtiffs.a
LOAD ../../shared/libosmocore/build-target/src/.libs/libosmocore.a
LOAD ../../shared/libosmocore/build-target/src/gsm/.libs/libosmogsm.a
LOAD ../../shared/libosmocore/build-target/src/codec/.libs/libosmocodec.a
END GROUP
OUTPUT(board/pirelli_dpl10/compal_dsp_dump.highram.elf elf32-littlearm)

.debug_abbrev   0x0000000000000000     0x382d
 .debug_abbrev  0x0000000000000000      0x179 apps/compal_dsp_dump/main.o
 .debug_abbrev  0x0000000000000179      0x290 abb/twl3025.o
 .debug_abbrev  0x0000000000000409      0x25f rf/trf6151.o
 .debug_abbrev  0x0000000000000668      0x285 flash/cfi_flash.o
 .debug_abbrev  0x00000000000008ed       0x78 board/common/tx_calchan.o
 .debug_abbrev  0x0000000000000965      0x14d board/pirelli_dpl10/init.o
 .debug_abbrev  0x0000000000000ab2       0xf5 board/pirelli_dpl10/rffe_dpl10_triband.o
 .debug_abbrev  0x0000000000000ba7       0x98 board/pirelli_dpl10/rf_tables.o
 .debug_abbrev  0x0000000000000c3f      0x15b board/pirelli_dpl10/readcal.o
 .debug_abbrev  0x0000000000000d9a       0x75 battery/dummy.o
 .debug_abbrev  0x0000000000000e0f       0xc0 fb/framebuffer.o
 .debug_abbrev  0x0000000000000ecf       0xe2 fb/font.o
 .debug_abbrev  0x0000000000000fb1       0xaf fb/helvR08.o
 .debug_abbrev  0x0000000000001060       0xaf fb/helvB14.o
 .debug_abbrev  0x000000000000110f       0xaf fb/c64.o
 .debug_abbrev  0x00000000000011be       0x97 fb/symbols.o
 .debug_abbrev  0x0000000000001255      0x245 fb/fb_rgb332.o
 .debug_abbrev  0x000000000000149a      0x22e fb/fb_s6b33b1x.o
 .debug_abbrev  0x00000000000016c8       0x40 board/pirelli_dpl10/compal_dsp_dump.highram.manifest.o
 .debug_abbrev  0x0000000000001708      0x137 calypso/libcalypso.a(clock.o)
 .debug_abbrev  0x000000000000183f       0x25 calypso/libcalypso.a(dma.o)
 .debug_abbrev  0x0000000000001864      0x361 calypso/libcalypso.a(dsp.o)
 .debug_abbrev  0x0000000000001bc5      0x196 calypso/libcalypso.a(irq.o)
 .debug_abbrev  0x0000000000001d5b       0x86 calypso/libcalypso.a(rtc.o)
 .debug_abbrev  0x0000000000001de1       0xbf calypso/libcalypso.a(spi.o)
 .debug_abbrev  0x0000000000001ea0      0x222 calypso/libcalypso.a(tpu.o)
 .debug_abbrev  0x00000000000020c2       0xe1 calypso/libcalypso.a(tsp.o)
 .debug_abbrev  0x00000000000021a3      0x136 calypso/libcalypso.a(keypad.o)
 .debug_abbrev  0x00000000000022d9       0xa4 calypso/libcalypso.a(misc.o)
 .debug_abbrev  0x000000000000237d       0xfd calypso/libcalypso.a(timer.o)
 .debug_abbrev  0x000000000000247a       0x8c calypso/libcalypso.a(backlight.o)
 .debug_abbrev  0x0000000000002506      0x1dc calypso/libcalypso.a(uart.o)
 .debug_abbrev  0x00000000000026e2       0x74 calypso/libcalypso.a(arm.o)
 .debug_abbrev  0x0000000000002756      0x25a lib/libmini.a(vsprintf.o)
 .debug_abbrev  0x00000000000029b0       0xa8 lib/libmini.a(string.o)
 .debug_abbrev  0x0000000000002a58       0x42 lib/libmini.a(ctype.o)
 .debug_abbrev  0x0000000000002a9a       0xb6 lib/libmini.a(printf.o)
 .debug_abbrev  0x0000000000002b50      0x1e4 lib/libmini.a(console.o)
 .debug_abbrev  0x0000000000002d34       0x81 lib/libmini.a(ctors.o)
 .debug_abbrev  0x0000000000002db5       0x6c lib/libmini.a(delay.o)
 .debug_abbrev  0x0000000000002e21      0x2ab comm/libcomm.a(sercomm.o)
 .debug_abbrev  0x00000000000030cc      0x24f comm/libcomm.a(sercomm_cons.o)
 .debug_abbrev  0x000000000000331b      0x1f9 comm/libcomm.a(timer.o)
 .debug_abbrev  0x0000000000003514      0x140 tiffs/libtiffs.a(init.o)
 .debug_abbrev  0x0000000000003654       0x58 tiffs/libtiffs.a(globals.o)
 .debug_abbrev  0x00000000000036ac      0x181 comm/libcomm.a(msgb.o)

.debug_info     0x0000000000000000     0xa74f
 .debug_info    0x0000000000000000      0x42d apps/compal_dsp_dump/main.o
 .debug_info    0x000000000000042d      0x5fc abb/twl3025.o
 .debug_info    0x0000000000000a29      0x887 rf/trf6151.o
 .debug_info    0x00000000000012b0      0x95d flash/cfi_flash.o
 .debug_info    0x0000000000001c0d      0x110 board/common/tx_calchan.o
 .debug_info    0x0000000000001d1d      0x2a1 board/pirelli_dpl10/init.o
 .debug_info    0x0000000000001fbe      0x275 board/pirelli_dpl10/rffe_dpl10_triband.o
 .debug_info    0x0000000000002233      0x1ed board/pirelli_dpl10/rf_tables.o
 .debug_info    0x0000000000002420      0x364 board/pirelli_dpl10/readcal.o
 .debug_info    0x0000000000002784       0xc2 battery/dummy.o
 .debug_info    0x0000000000002846      0x1fc fb/framebuffer.o
 .debug_info    0x0000000000002a42      0x23a fb/font.o
 .debug_info    0x0000000000002c7c      0x186 fb/helvR08.o
 .debug_info    0x0000000000002e02      0x186 fb/helvB14.o
 .debug_info    0x0000000000002f88      0x186 fb/c64.o
 .debug_info    0x000000000000310e      0x183 fb/symbols.o
 .debug_info    0x0000000000003291      0x801 fb/fb_rgb332.o
 .debug_info    0x0000000000003a92      0x539 fb/fb_s6b33b1x.o
 .debug_info    0x0000000000003fcb       0x80 board/pirelli_dpl10/compal_dsp_dump.highram.manifest.o
 .debug_info    0x000000000000404b      0x402 calypso/libcalypso.a(clock.o)
 .debug_info    0x000000000000444d       0x32 calypso/libcalypso.a(dma.o)
 .debug_info    0x000000000000447f     0x1aa3 calypso/libcalypso.a(dsp.o)
 .debug_info    0x0000000000005f22      0x41f calypso/libcalypso.a(irq.o)
 .debug_info    0x0000000000006341      0x14c calypso/libcalypso.a(rtc.o)
 .debug_info    0x000000000000648d      0x132 calypso/libcalypso.a(spi.o)
 .debug_info    0x00000000000065bf      0x46a calypso/libcalypso.a(tpu.o)
 .debug_info    0x0000000000006a29      0x2a9 calypso/libcalypso.a(tsp.o)
 .debug_info    0x0000000000006cd2      0x434 calypso/libcalypso.a(keypad.o)
 .debug_info    0x0000000000007106      0x110 calypso/libcalypso.a(misc.o)
 .debug_info    0x0000000000007216      0x290 calypso/libcalypso.a(timer.o)
 .debug_info    0x00000000000074a6       0xd0 calypso/libcalypso.a(backlight.o)
 .debug_info    0x0000000000007576      0x689 calypso/libcalypso.a(uart.o)
 .debug_info    0x0000000000007bff       0x8b calypso/libcalypso.a(arm.o)
 .debug_info    0x0000000000007c8a      0xa94 lib/libmini.a(vsprintf.o)
 .debug_info    0x000000000000871e      0x11d lib/libmini.a(string.o)
 .debug_info    0x000000000000883b       0x56 lib/libmini.a(ctype.o)
 .debug_info    0x0000000000008891       0xfe lib/libmini.a(printf.o)
 .debug_info    0x000000000000898f      0x383 lib/libmini.a(console.o)
 .debug_info    0x0000000000008d12       0x98 lib/libmini.a(ctors.o)
 .debug_info    0x0000000000008daa       0x8e lib/libmini.a(delay.o)
 .debug_info    0x0000000000008e38      0x81a comm/libcomm.a(sercomm.o)
 .debug_info    0x0000000000009652      0x50e comm/libcomm.a(sercomm_cons.o)
 .debug_info    0x0000000000009b60      0x57d comm/libcomm.a(timer.o)
 .debug_info    0x000000000000a0dd      0x294 tiffs/libtiffs.a(init.o)
 .debug_info    0x000000000000a371       0xcb tiffs/libtiffs.a(globals.o)
 .debug_info    0x000000000000a43c      0x313 comm/libcomm.a(msgb.o)

.debug_line     0x0000000000000000     0x37b1
 .debug_line    0x0000000000000000      0x150 apps/compal_dsp_dump/main.o
 .debug_line    0x0000000000000150      0x2ef abb/twl3025.o
 .debug_line    0x000000000000043f      0x30e rf/trf6151.o
 .debug_line    0x000000000000074d      0x1bf flash/cfi_flash.o
 .debug_line    0x000000000000090c       0xa3 board/common/tx_calchan.o
 .debug_line    0x00000000000009af      0x123 board/pirelli_dpl10/init.o
 .debug_line    0x0000000000000ad2      0x18d board/pirelli_dpl10/rffe_dpl10_triband.o
 .debug_line    0x0000000000000c5f       0xa9 board/pirelli_dpl10/rf_tables.o
 .debug_line    0x0000000000000d08      0x12d board/pirelli_dpl10/readcal.o
 .debug_line    0x0000000000000e35       0x59 battery/dummy.o
 .debug_line    0x0000000000000e8e       0x96 fb/framebuffer.o
 .debug_line    0x0000000000000f24       0xad fb/font.o
 .debug_line    0x0000000000000fd1       0x95 fb/helvR08.o
 .debug_line    0x0000000000001066       0x95 fb/helvB14.o
 .debug_line    0x00000000000010fb       0x91 fb/c64.o
 .debug_line    0x000000000000118c       0x95 fb/symbols.o
 .debug_line    0x0000000000001221      0x24d fb/fb_rgb332.o
 .debug_line    0x000000000000146e      0x143 fb/fb_s6b33b1x.o
 .debug_line    0x00000000000015b1       0x2e board/pirelli_dpl10/compal_dsp_dump.highram.manifest.o
 .debug_line    0x00000000000015df      0x191 calypso/libcalypso.a(clock.o)
 .debug_line    0x0000000000001770       0x3c calypso/libcalypso.a(dma.o)
 .debug_line    0x00000000000017ac      0x40b calypso/libcalypso.a(dsp.o)
 .debug_line    0x0000000000001bb7      0x178 calypso/libcalypso.a(irq.o)
 .debug_line    0x0000000000001d2f       0x6c calypso/libcalypso.a(rtc.o)
 .debug_line    0x0000000000001d9b       0xd0 calypso/libcalypso.a(spi.o)
 .debug_line    0x0000000000001e6b      0x24a calypso/libcalypso.a(tpu.o)
 .debug_line    0x00000000000020b5      0x172 calypso/libcalypso.a(tsp.o)
 .debug_line    0x0000000000002227      0x194 calypso/libcalypso.a(keypad.o)
 .debug_line    0x00000000000023bb       0x78 calypso/libcalypso.a(misc.o)
 .debug_line    0x0000000000002433      0x154 calypso/libcalypso.a(timer.o)
 .debug_line    0x0000000000002587       0xbd calypso/libcalypso.a(backlight.o)
 .debug_line    0x0000000000002644      0x280 calypso/libcalypso.a(uart.o)
 .debug_line    0x00000000000028c4       0x49 calypso/libcalypso.a(arm.o)
 .debug_line    0x000000000000290d      0x38a lib/libmini.a(vsprintf.o)
 .debug_line    0x0000000000002c97       0x9f lib/libmini.a(string.o)
 .debug_line    0x0000000000002d36       0x29 lib/libmini.a(ctype.o)
 .debug_line    0x0000000000002d5f       0x7d lib/libmini.a(printf.o)
 .debug_line    0x0000000000002ddc      0x122 lib/libmini.a(console.o)
 .debug_line    0x0000000000002efe       0x3b lib/libmini.a(ctors.o)
 .debug_line    0x0000000000002f39       0x4e lib/libmini.a(delay.o)
 .debug_line    0x0000000000002f87      0x2bb comm/libcomm.a(sercomm.o)
 .debug_line    0x0000000000003242      0x18c comm/libcomm.a(sercomm_cons.o)
 .debug_line    0x00000000000033ce      0x177 comm/libcomm.a(timer.o)
 .debug_line    0x0000000000003545       0xe9 tiffs/libtiffs.a(init.o)
 .debug_line    0x000000000000362e       0x83 tiffs/libtiffs.a(globals.o)
 .debug_line    0x00000000000036b1      0x100 comm/libcomm.a(msgb.o)

.debug_frame    0x0000000000000000     0x16a0
 .debug_frame   0x0000000000000000       0x44 apps/compal_dsp_dump/main.o
 .debug_frame   0x0000000000000044      0x1dc abb/twl3025.o
 .debug_frame   0x0000000000000220      0x18c rf/trf6151.o
 .debug_frame   0x00000000000003ac       0xc4 flash/cfi_flash.o
 .debug_frame   0x0000000000000470       0x30 board/pirelli_dpl10/init.o
 .debug_frame   0x00000000000004a0       0xb8 board/pirelli_dpl10/rffe_dpl10_triband.o
 .debug_frame   0x0000000000000558       0x3c board/pirelli_dpl10/readcal.o
 .debug_frame   0x0000000000000594       0x20 battery/dummy.o
 .debug_frame   0x00000000000005b4       0x20 fb/font.o
 .debug_frame   0x00000000000005d4      0x100 fb/fb_rgb332.o
 .debug_frame   0x00000000000006d4       0x68 fb/fb_s6b33b1x.o
 .debug_frame   0x000000000000073c       0xc0 calypso/libcalypso.a(clock.o)
 .debug_frame   0x00000000000007fc       0x20 calypso/libcalypso.a(dma.o)
 .debug_frame   0x000000000000081c      0x18c calypso/libcalypso.a(dsp.o)
 .debug_frame   0x00000000000009a8       0xb8 calypso/libcalypso.a(irq.o)
 .debug_frame   0x0000000000000a60       0x38 calypso/libcalypso.a(rtc.o)
 .debug_frame   0x0000000000000a98       0x3c calypso/libcalypso.a(spi.o)
 .debug_frame   0x0000000000000ad4      0x150 calypso/libcalypso.a(tpu.o)
 .debug_frame   0x0000000000000c24       0xc0 calypso/libcalypso.a(tsp.o)
 .debug_frame   0x0000000000000ce4       0xa4 calypso/libcalypso.a(keypad.o)
 .debug_frame   0x0000000000000d88       0x5c calypso/libcalypso.a(misc.o)
 .debug_frame   0x0000000000000de4       0xa0 calypso/libcalypso.a(timer.o)
 .debug_frame   0x0000000000000e84       0x30 calypso/libcalypso.a(backlight.o)
 .debug_frame   0x0000000000000eb4      0x174 calypso/libcalypso.a(uart.o)
 .debug_frame   0x0000000000001028       0x30 calypso/libcalypso.a(arm.o)
 .debug_frame   0x0000000000001058      0x1d0 lib/libmini.a(vsprintf.o)
 .debug_frame   0x0000000000001228       0x30 lib/libmini.a(string.o)
 .debug_frame   0x0000000000001258       0x38 lib/libmini.a(printf.o)
 .debug_frame   0x0000000000001290       0xfc lib/libmini.a(console.o)
 .debug_frame   0x000000000000138c       0x2c lib/libmini.a(ctors.o)
 .debug_frame   0x00000000000013b8       0x38 lib/libmini.a(delay.o)
 .debug_frame   0x00000000000013f0      0x10c comm/libcomm.a(sercomm.o)
 .debug_frame   0x00000000000014fc       0x84 comm/libcomm.a(sercomm_cons.o)
 .debug_frame   0x0000000000001580       0xb0 comm/libcomm.a(timer.o)
 .debug_frame   0x0000000000001630       0x30 tiffs/libtiffs.a(init.o)
 .debug_frame   0x0000000000001660       0x40 comm/libcomm.a(msgb.o)

.debug_loc      0x0000000000000000     0x3d71
 .debug_loc     0x0000000000000000       0x26 apps/compal_dsp_dump/main.o
 .debug_loc     0x0000000000000026      0x331 abb/twl3025.o
 .debug_loc     0x0000000000000357      0x47f rf/trf6151.o
 .debug_loc     0x00000000000007d6      0x252 flash/cfi_flash.o
 .debug_loc     0x0000000000000a28       0x9e board/pirelli_dpl10/init.o
 .debug_loc     0x0000000000000ac6       0xd7 board/pirelli_dpl10/rffe_dpl10_triband.o
 .debug_loc     0x0000000000000b9d       0x65 board/pirelli_dpl10/readcal.o
 .debug_loc     0x0000000000000c02       0x31 fb/font.o
 .debug_loc     0x0000000000000c33      0x4f8 fb/fb_rgb332.o
 .debug_loc     0x000000000000112b      0x126 fb/fb_s6b33b1x.o
 .debug_loc     0x0000000000001251      0x1fd calypso/libcalypso.a(clock.o)
 .debug_loc     0x000000000000144e      0x44e calypso/libcalypso.a(dsp.o)
 .debug_loc     0x000000000000189c      0x11e calypso/libcalypso.a(irq.o)
 .debug_loc     0x00000000000019ba      0x10c calypso/libcalypso.a(spi.o)
 .debug_loc     0x0000000000001ac6      0x1dd calypso/libcalypso.a(tpu.o)
 .debug_loc     0x0000000000001ca3      0x1bc calypso/libcalypso.a(tsp.o)
 .debug_loc     0x0000000000001e5f       0xbf calypso/libcalypso.a(keypad.o)
 .debug_loc     0x0000000000001f1e       0x31 calypso/libcalypso.a(misc.o)
 .debug_loc     0x0000000000001f4f      0x103 calypso/libcalypso.a(timer.o)
 .debug_loc     0x0000000000002052       0x34 calypso/libcalypso.a(backlight.o)
 .debug_loc     0x0000000000002086      0x39f calypso/libcalypso.a(uart.o)
 .debug_loc     0x0000000000002425       0x13 calypso/libcalypso.a(arm.o)
 .debug_loc     0x0000000000002438     0x10d5 lib/libmini.a(vsprintf.o)
 .debug_loc     0x000000000000350d       0x62 lib/libmini.a(string.o)
 .debug_loc     0x000000000000356f       0x3f lib/libmini.a(printf.o)
 .debug_loc     0x00000000000035ae      0x1b6 lib/libmini.a(console.o)
 .debug_loc     0x0000000000003764       0x3c lib/libmini.a(ctors.o)
 .debug_loc     0x00000000000037a0       0x66 lib/libmini.a(delay.o)
 .debug_loc     0x0000000000003806      0x168 comm/libcomm.a(sercomm.o)
 .debug_loc     0x000000000000396e      0x1aa comm/libcomm.a(sercomm_cons.o)
 .debug_loc     0x0000000000003b18       0xf9 comm/libcomm.a(timer.o)
 .debug_loc     0x0000000000003c11       0xd5 tiffs/libtiffs.a(init.o)
 .debug_loc     0x0000000000003ce6       0x8b comm/libcomm.a(msgb.o)

.debug_pubnames
                0x0000000000000000     0x13ed
 .debug_pubnames
                0x0000000000000000       0x22 apps/compal_dsp_dump/main.o
 .debug_pubnames
                0x0000000000000022      0x16b abb/twl3025.o
 .debug_pubnames
                0x000000000000018d      0x164 rf/trf6151.o
 .debug_pubnames
                0x00000000000002f1       0xb7 flash/cfi_flash.o
 .debug_pubnames
                0x00000000000003a8       0x70 board/common/tx_calchan.o
 .debug_pubnames
                0x0000000000000418       0x21 board/pirelli_dpl10/init.o
 .debug_pubnames
                0x0000000000000439       0xd6 board/pirelli_dpl10/rffe_dpl10_triband.o
 .debug_pubnames
                0x000000000000050f       0xf1 board/pirelli_dpl10/rf_tables.o
 .debug_pubnames
                0x0000000000000600       0x32 board/pirelli_dpl10/readcal.o
 .debug_pubnames
                0x0000000000000632       0x3a battery/dummy.o
 .debug_pubnames
                0x000000000000066c       0x34 fb/font.o
 .debug_pubnames
                0x00000000000006a0       0x23 fb/helvR08.o
 .debug_pubnames
                0x00000000000006c3       0x23 fb/helvB14.o
 .debug_pubnames
                0x00000000000006e6       0x1f fb/c64.o
 .debug_pubnames
                0x0000000000000705       0x23 fb/symbols.o
 .debug_pubnames
                0x0000000000000728       0x64 fb/fb_rgb332.o
 .debug_pubnames
                0x000000000000078c       0x30 fb/fb_s6b33b1x.o
 .debug_pubnames
                0x00000000000007bc       0x6d board/pirelli_dpl10/compal_dsp_dump.highram.manifest.o
 .debug_pubnames
                0x0000000000000829       0xd0 calypso/libcalypso.a(clock.o)
 .debug_pubnames
                0x00000000000008f9       0x1f calypso/libcalypso.a(dma.o)
 .debug_pubnames
                0x0000000000000918      0x12b calypso/libcalypso.a(dsp.o)
 .debug_pubnames
                0x0000000000000a43       0x95 calypso/libcalypso.a(irq.o)
 .debug_pubnames
                0x0000000000000ad8       0x1f calypso/libcalypso.a(rtc.o)
 .debug_pubnames
                0x0000000000000af7       0x2c calypso/libcalypso.a(spi.o)
 .debug_pubnames
                0x0000000000000b23      0x12d calypso/libcalypso.a(tpu.o)
 .debug_pubnames
                0x0000000000000c50       0x9a calypso/libcalypso.a(tsp.o)
 .debug_pubnames
                0x0000000000000cea       0x8a calypso/libcalypso.a(keypad.o)
 .debug_pubnames
                0x0000000000000d74       0x41 calypso/libcalypso.a(misc.o)
 .debug_pubnames
                0x0000000000000db5       0x8a calypso/libcalypso.a(timer.o)
 .debug_pubnames
                0x0000000000000e3f       0x2f calypso/libcalypso.a(backlight.o)
 .debug_pubnames
                0x0000000000000e6e       0xa3 calypso/libcalypso.a(uart.o)
 .debug_pubnames
                0x0000000000000f11       0x47 calypso/libcalypso.a(arm.o)
 .debug_pubnames
                0x0000000000000f58       0xb3 lib/libmini.a(vsprintf.o)
 .debug_pubnames
                0x000000000000100b       0x29 lib/libmini.a(string.o)
 .debug_pubnames
                0x0000000000001034       0x1d lib/libmini.a(ctype.o)
 .debug_pubnames
                0x0000000000001051       0x1d lib/libmini.a(printf.o)
 .debug_pubnames
                0x000000000000106e       0x89 lib/libmini.a(console.o)
 .debug_pubnames
                0x00000000000010f7       0x26 lib/libmini.a(ctors.o)
 .debug_pubnames
                0x000000000000111d       0x2c lib/libmini.a(delay.o)
 .debug_pubnames
                0x0000000000001149       0xdd comm/libcomm.a(sercomm.o)
 .debug_pubnames
                0x0000000000001226       0x37 comm/libcomm.a(sercomm_cons.o)
 .debug_pubnames
                0x000000000000125d       0xaf comm/libcomm.a(timer.o)
 .debug_pubnames
                0x000000000000130c       0x21 tiffs/libtiffs.a(init.o)
 .debug_pubnames
                0x000000000000132d       0x8d tiffs/libtiffs.a(globals.o)
 .debug_pubnames
                0x00000000000013ba       0x33 comm/libcomm.a(msgb.o)

.debug_aranges  0x0000000000000000      0xbc8
 .debug_aranges
                0x0000000000000000       0x30 apps/compal_dsp_dump/main.o
 .debug_aranges
                0x0000000000000030       0xc0 abb/twl3025.o
 .debug_aranges
                0x00000000000000f0       0xb0 rf/trf6151.o
 .debug_aranges
                0x00000000000001a0       0x60 flash/cfi_flash.o
 .debug_aranges
                0x0000000000000200       0x28 board/pirelli_dpl10/init.o
 .debug_aranges
                0x0000000000000228       0x68 board/pirelli_dpl10/rffe_dpl10_triband.o
 .debug_aranges
                0x0000000000000290       0x30 board/pirelli_dpl10/readcal.o
 .debug_aranges
                0x00000000000002c0       0x28 battery/dummy.o
 .debug_aranges
                0x00000000000002e8       0x28 fb/font.o
 .debug_aranges
                0x0000000000000310       0x68 fb/fb_rgb332.o
 .debug_aranges
                0x0000000000000378       0x38 fb/fb_s6b33b1x.o
 .debug_aranges
                0x00000000000003b0       0x70 calypso/libcalypso.a(clock.o)
 .debug_aranges
                0x0000000000000420       0x28 calypso/libcalypso.a(dma.o)
 .debug_aranges
                0x0000000000000448       0xa0 calypso/libcalypso.a(dsp.o)
 .debug_aranges
                0x00000000000004e8       0x68 calypso/libcalypso.a(irq.o)
 .debug_aranges
                0x0000000000000550       0x30 calypso/libcalypso.a(rtc.o)
 .debug_aranges
                0x0000000000000580       0x30 calypso/libcalypso.a(spi.o)
 .debug_aranges
                0x00000000000005b0       0xa8 calypso/libcalypso.a(tpu.o)
 .debug_aranges
                0x0000000000000658       0x68 calypso/libcalypso.a(tsp.o)
 .debug_aranges
                0x00000000000006c0       0x50 calypso/libcalypso.a(keypad.o)
 .debug_aranges
                0x0000000000000710       0x38 calypso/libcalypso.a(misc.o)
 .debug_aranges
                0x0000000000000748       0x60 calypso/libcalypso.a(timer.o)
 .debug_aranges
                0x00000000000007a8       0x30 calypso/libcalypso.a(backlight.o)
 .debug_aranges
                0x00000000000007d8       0x98 calypso/libcalypso.a(uart.o)
 .debug_aranges
                0x0000000000000870       0x30 calypso/libcalypso.a(arm.o)
 .debug_aranges
                0x00000000000008a0       0x98 lib/libmini.a(vsprintf.o)
 .debug_aranges
                0x0000000000000938       0x30 lib/libmini.a(string.o)
 .debug_aranges
                0x0000000000000968       0x28 lib/libmini.a(printf.o)
 .debug_aranges
                0x0000000000000990       0x68 lib/libmini.a(console.o)
 .debug_aranges
                0x00000000000009f8       0x28 lib/libmini.a(ctors.o)
 .debug_aranges
                0x0000000000000a20       0x30 lib/libmini.a(delay.o)
 .debug_aranges
                0x0000000000000a50       0x80 comm/libcomm.a(sercomm.o)
 .debug_aranges
                0x0000000000000ad0       0x40 comm/libcomm.a(sercomm_cons.o)
 .debug_aranges
                0x0000000000000b10       0x60 comm/libcomm.a(timer.o)
 .debug_aranges
                0x0000000000000b70       0x28 tiffs/libtiffs.a(init.o)
 .debug_aranges
                0x0000000000000b98       0x30 comm/libcomm.a(msgb.o)

.debug_str      0x0000000000000000     0x35e7
 .debug_str     0x0000000000000000      0x195 apps/compal_dsp_dump/main.o
                                        0x210 (size before relaxing)
 .debug_str     0x0000000000000195      0x39f abb/twl3025.o
                                        0x4a6 (size before relaxing)
 .debug_str     0x0000000000000534      0x2de rf/trf6151.o
                                        0x449 (size before relaxing)
 .debug_str     0x0000000000000812      0x30f flash/cfi_flash.o
                                        0x428 (size before relaxing)
 .debug_str     0x0000000000000b21       0x83 board/common/tx_calchan.o
                                        0x161 (size before relaxing)
 .debug_str     0x0000000000000ba4       0x4c board/pirelli_dpl10/init.o
                                        0x1e8 (size before relaxing)
 .debug_str     0x0000000000000bf0      0x121 board/pirelli_dpl10/rffe_dpl10_triband.o
                                        0x24c (size before relaxing)
 .debug_str     0x0000000000000d11      0x11d board/pirelli_dpl10/rf_tables.o
                                        0x1fa (size before relaxing)
 .debug_str     0x0000000000000e2e       0x99 board/pirelli_dpl10/readcal.o
                                        0x2ca (size before relaxing)
 .debug_str     0x0000000000000ec7       0xc5 battery/dummy.o
                                        0x10b (size before relaxing)
 .debug_str     0x0000000000000f8c       0x11 fb/framebuffer.o
                                        0x1a5 (size before relaxing)
 .debug_str     0x0000000000000f9d       0xb3 fb/font.o
                                        0x1ab (size before relaxing)
 .debug_str     0x0000000000001050       0x34 fb/helvR08.o
                                        0x164 (size before relaxing)
 .debug_str     0x0000000000001084       0x34 fb/helvB14.o
                                        0x164 (size before relaxing)
 .debug_str     0x00000000000010b8       0x28 fb/c64.o
                                        0x154 (size before relaxing)
 .debug_str     0x00000000000010e0       0x34 fb/symbols.o
                                        0x164 (size before relaxing)
 .debug_str     0x0000000000001114      0x186 fb/fb_rgb332.o
                                        0x3b0 (size before relaxing)
 .debug_str     0x000000000000129a      0x11c fb/fb_s6b33b1x.o
                                        0x300 (size before relaxing)
 .debug_str     0x00000000000013b6       0x5c board/pirelli_dpl10/compal_dsp_dump.highram.manifest.o
                                         0xa1 (size before relaxing)
 .debug_str     0x0000000000001412      0x273 calypso/libcalypso.a(clock.o)
                                        0x38d (size before relaxing)
 .debug_str     0x0000000000001685       0x17 calypso/libcalypso.a(dma.o)
                                         0x57 (size before relaxing)
 .debug_str     0x000000000000169c      0xfbb calypso/libcalypso.a(dsp.o)
                                       0x10db (size before relaxing)
 .debug_str     0x0000000000002657       0xd7 calypso/libcalypso.a(irq.o)
                                        0x313 (size before relaxing)
 .debug_str     0x000000000000272e       0x2d calypso/libcalypso.a(rtc.o)
                                        0x218 (size before relaxing)
 .debug_str     0x000000000000275b       0x57 calypso/libcalypso.a(spi.o)
                                        0x131 (size before relaxing)
 .debug_str     0x00000000000027b2      0x14b calypso/libcalypso.a(tpu.o)
                                        0x264 (size before relaxing)
 .debug_str     0x00000000000028fd       0xbb calypso/libcalypso.a(tsp.o)
                                        0x1cb (size before relaxing)
 .debug_str     0x00000000000029b8      0x1ef calypso/libcalypso.a(keypad.o)
                                        0x41c (size before relaxing)
 .debug_str     0x0000000000002ba7       0x32 calypso/libcalypso.a(misc.o)
                                         0xfb (size before relaxing)
 .debug_str     0x0000000000002bd9       0x8b calypso/libcalypso.a(timer.o)
                                        0x287 (size before relaxing)
 .debug_str     0x0000000000002c64       0x29 calypso/libcalypso.a(backlight.o)
                                        0x104 (size before relaxing)
 .debug_str     0x0000000000002c8d      0x1f6 calypso/libcalypso.a(uart.o)
                                        0x407 (size before relaxing)
 .debug_str     0x0000000000002e83       0x3b calypso/libcalypso.a(arm.o)
                                         0x92 (size before relaxing)
 .debug_str     0x0000000000002ebe       0xf9 lib/libmini.a(vsprintf.o)
                                        0x224 (size before relaxing)
 .debug_str     0x0000000000002fb7       0x1c lib/libmini.a(string.o)
                                         0xf9 (size before relaxing)
 .debug_str     0x0000000000002fd3        0xc lib/libmini.a(ctype.o)
                                         0x73 (size before relaxing)
 .debug_str     0x0000000000002fdf       0x1b lib/libmini.a(printf.o)
                                        0x107 (size before relaxing)
 .debug_str     0x0000000000002ffa       0xe4 lib/libmini.a(console.o)
                                        0x1e2 (size before relaxing)
 .debug_str     0x00000000000030de       0x41 lib/libmini.a(ctors.o)
                                         0x92 (size before relaxing)
 .debug_str     0x000000000000311f       0x1e lib/libmini.a(delay.o)
                                         0x6b (size before relaxing)
 .debug_str     0x000000000000313d      0x1f7 comm/libcomm.a(sercomm.o)
                                        0x345 (size before relaxing)
 .debug_str     0x0000000000003334       0x5d comm/libcomm.a(sercomm_cons.o)
                                        0x212 (size before relaxing)
 .debug_str     0x0000000000003391       0xf8 comm/libcomm.a(timer.o)
                                        0x34a (size before relaxing)
 .debug_str     0x0000000000003489      0x106 tiffs/libtiffs.a(init.o)
                                        0x20d (size before relaxing)
 .debug_str     0x000000000000358f       0x10 tiffs/libtiffs.a(globals.o)
                                        0x14c (size before relaxing)
 .debug_str     0x000000000000359f       0x48 comm/libcomm.a(msgb.o)
                                        0x190 (size before relaxing)

.comment        0x0000000000000000      0x372
 .comment       0x0000000000000000       0x12 apps/compal_dsp_dump/main.o
 .comment       0x0000000000000012       0x12 abb/twl3025.o
 .comment       0x0000000000000024       0x12 rf/trf6151.o
 .comment       0x0000000000000036       0x12 flash/cfi_flash.o
 .comment       0x0000000000000048       0x12 board/common/tx_calchan.o
 .comment       0x000000000000005a       0x12 board/pirelli_dpl10/init.o
 .comment       0x000000000000006c       0x12 board/pirelli_dpl10/rffe_dpl10_triband.o
 .comment       0x000000000000007e       0x12 board/pirelli_dpl10/rf_tables.o
 .comment       0x0000000000000090       0x12 board/pirelli_dpl10/readcal.o
 .comment       0x00000000000000a2       0x12 battery/dummy.o
 .comment       0x00000000000000b4       0x12 fb/framebuffer.o
 .comment       0x00000000000000c6       0x12 fb/font.o
 .comment       0x00000000000000d8       0x12 fb/helvR08.o
 .comment       0x00000000000000ea       0x12 fb/helvB14.o
 .comment       0x00000000000000fc       0x12 fb/c64.o
 .comment       0x000000000000010e       0x12 fb/symbols.o
 .comment       0x0000000000000120       0x12 fb/fb_rgb332.o
 .comment       0x0000000000000132       0x12 fb/fb_s6b33b1x.o
 .comment       0x0000000000000144       0x12 board/pirelli_dpl10/compal_dsp_dump.highram.manifest.o
 .comment       0x0000000000000156       0x12 calypso/libcalypso.a(clock.o)
 .comment       0x0000000000000168       0x12 calypso/libcalypso.a(dma.o)
 .comment       0x000000000000017a       0x12 calypso/libcalypso.a(dsp.o)
 .comment       0x000000000000018c       0x12 calypso/libcalypso.a(irq.o)
 .comment       0x000000000000019e       0x12 calypso/libcalypso.a(rtc.o)
 .comment       0x00000000000001b0       0x12 calypso/libcalypso.a(spi.o)
 .comment       0x00000000000001c2       0x12 calypso/libcalypso.a(tpu.o)
 .comment       0x00000000000001d4       0x12 calypso/libcalypso.a(tsp.o)
 .comment       0x00000000000001e6       0x12 calypso/libcalypso.a(keypad.o)
 .comment       0x00000000000001f8       0x12 calypso/libcalypso.a(misc.o)
 .comment       0x000000000000020a       0x12 calypso/libcalypso.a(timer.o)
 .comment       0x000000000000021c       0x12 calypso/libcalypso.a(backlight.o)
 .comment       0x000000000000022e       0x12 calypso/libcalypso.a(uart.o)
 .comment       0x0000000000000240       0x12 calypso/libcalypso.a(arm.o)
 .comment       0x0000000000000252       0x12 lib/libmini.a(vsprintf.o)
 .comment       0x0000000000000264       0x12 lib/libmini.a(string.o)
 .comment       0x0000000000000276       0x12 lib/libmini.a(ctype.o)
 .comment       0x0000000000000288       0x12 lib/libmini.a(printf.o)
 .comment       0x000000000000029a       0x12 lib/libmini.a(console.o)
 .comment       0x00000000000002ac       0x12 lib/libmini.a(ctors.o)
 .comment       0x00000000000002be       0x12 lib/libmini.a(delay.o)
 .comment       0x00000000000002d0       0x12 comm/libcomm.a(sercomm.o)
 .comment       0x00000000000002e2       0x12 comm/libcomm.a(sercomm_cons.o)
 .comment       0x00000000000002f4       0x12 comm/libcomm.a(timer.o)
 .comment       0x0000000000000306       0x12 tiffs/libtiffs.a(init.o)
 .comment       0x0000000000000318       0x12 tiffs/libtiffs.a(globals.o)
 .comment       0x000000000000032a       0x12 ../../shared/libosmocore/build-target/src/.libs/libosmocore.a(msgb.o)
 .comment       0x000000000000033c       0x12 ../../shared/libosmocore/build-target/src/.libs/libosmocore.a(panic.o)
 .comment       0x000000000000034e       0x12 ../../shared/libosmocore/build-target/src/gsm/.libs/libosmogsm.a(gsm_utils.o)
 .comment       0x0000000000000360       0x12 comm/libcomm.a(msgb.o)

.debug_ranges   0x0000000000000000      0x248
 .debug_ranges  0x0000000000000000       0x18 abb/twl3025.o
 .debug_ranges  0x0000000000000018       0x38 flash/cfi_flash.o
 .debug_ranges  0x0000000000000050       0x18 board/pirelli_dpl10/init.o
 .debug_ranges  0x0000000000000068       0x18 board/pirelli_dpl10/readcal.o
 .debug_ranges  0x0000000000000080       0x80 calypso/libcalypso.a(dsp.o)
 .debug_ranges  0x0000000000000100       0x20 calypso/libcalypso.a(uart.o)
 .debug_ranges  0x0000000000000120       0x58 lib/libmini.a(vsprintf.o)
 .debug_ranges  0x0000000000000178       0x38 lib/libmini.a(console.o)
 .debug_ranges  0x00000000000001b0       0x18 comm/libcomm.a(sercomm.o)
 .debug_ranges  0x00000000000001c8       0x30 comm/libcomm.a(sercomm_cons.o)
 .debug_ranges  0x00000000000001f8       0x50 tiffs/libtiffs.a(init.o)

Cross Reference Table

Symbol                                            File
_GLOBAL_OFFSET_TABLE_                             ../../shared/libosmocore/build-target/src/.libs/libosmocore.a(msgb.o)
                                                  ../../shared/libosmocore/build-target/src/gsm/.libs/libosmogsm.a(gsm_utils.o)
                                                  ../../shared/libosmocore/build-target/src/.libs/libosmocore.a(panic.o)
__aeabi_idiv                                      lib/libmini.a(lib1funcs.o)
__aeabi_idivmod                                   lib/libmini.a(lib1funcs.o)
__aeabi_uidiv                                     lib/libmini.a(lib1funcs.o)
__aeabi_uidivmod                                  lib/libmini.a(lib1funcs.o)
__bss_end                                         board/compal/start.ram.o
__bss_start                                       board/compal/start.ram.o
__div0                                            lib/libmini.a(lib1funcs.o)
                                                  lib/libmini.a(div64.o)
__divsi3                                          lib/libmini.a(lib1funcs.o)
                                                  ../../shared/libosmocore/build-target/src/gsm/.libs/libosmogsm.a(gsm_utils.o)
                                                  comm/libcomm.a(timer.o)
__do_div64                                        lib/libmini.a(div64.o)
                                                  lib/libmini.a(vsprintf.o)
__modsi3                                          lib/libmini.a(lib1funcs.o)
                                                  ../../shared/libosmocore/build-target/src/gsm/.libs/libosmogsm.a(gsm_utils.o)
                                                  calypso/libcalypso.a(tpu.o)
__udivsi3                                         lib/libmini.a(lib1funcs.o)
                                                  ../../shared/libosmocore/build-target/src/gsm/.libs/libosmogsm.a(gsm_utils.o)
                                                  rf/trf6151.o
__umodsi3                                         lib/libmini.a(lib1funcs.o)
                                                  ../../shared/libosmocore/build-target/src/gsm/.libs/libosmogsm.a(gsm_utils.o)
                                                  calypso/libcalypso.a(dsp.o)
_ctor_end                                         board/compal/start.ram.o
_ctor_start                                       board/compal/start.ram.o
_ctype                                            lib/libmini.a(ctype.o)
                                                  ../../shared/libosmocore/build-target/src/gsm/.libs/libosmogsm.a(gsm_utils.o)
                                                  lib/libmini.a(vsprintf.o)
_exceptions                                       calypso/libcalypso.a(irq.o)
_start                                            board/compal/start.ram.o
_talloc_zero                                      comm/libcomm.a(msgb.o)
                                                  ../../shared/libosmocore/build-target/src/.libs/libosmocore.a(msgb.o)
add_mod5000                                       calypso/libcalypso.a(tpu.o)
                                                  rf/trf6151.o
afc_initial_dac_value                             board/pirelli_dpl10/rf_tables.o
                                                  board/pirelli_dpl10/readcal.o
afc_slope                                         board/pirelli_dpl10/rf_tables.o
apc_offset                                        board/pirelli_dpl10/rf_tables.o
arm_disable_interrupts                            calypso/libcalypso.a(arm.o)
arm_enable_interrupts                             calypso/libcalypso.a(arm.o)
                                                  calypso/libcalypso.a(irq.o)
battery_dummy_init                                battery/dummy.o
battery_info                                      battery/dummy.o
bl_level                                          calypso/libcalypso.a(backlight.o)
                                                  board/pirelli_dpl10/init.o
bl_mode_pwl                                       calypso/libcalypso.a(backlight.o)
                                                  board/pirelli_dpl10/init.o
board_init                                        board/pirelli_dpl10/init.o
                                                  apps/compal_dsp_dump/main.o
calloc                                            ../../shared/libosmocore/build-target/src/gsm/.libs/libosmogsm.a(gsm_utils.o)
calypso_bootrom                                   calypso/libcalypso.a(clock.o)
                                                  board/pirelli_dpl10/init.o
calypso_clk_dump                                  calypso/libcalypso.a(clock.o)
calypso_clock_set                                 calypso/libcalypso.a(clock.o)
                                                  board/pirelli_dpl10/init.o
calypso_debugunit                                 calypso/libcalypso.a(clock.o)
calypso_exceptions_install                        calypso/libcalypso.a(irq.o)
                                                  board/pirelli_dpl10/init.o
calypso_mem_cfg                                   calypso/libcalypso.a(clock.o)
                                                  board/pirelli_dpl10/init.o
calypso_pll_set                                   calypso/libcalypso.a(clock.o)
calypso_reset_get                                 calypso/libcalypso.a(clock.o)
calypso_reset_set                                 calypso/libcalypso.a(clock.o)
                                                  calypso/libcalypso.a(dsp.o)
calypso_rhea_cfg                                  calypso/libcalypso.a(clock.o)
                                                  board/pirelli_dpl10/init.o
cons_bind_uart                                    lib/libmini.a(console.o)
                                                  board/pirelli_dpl10/init.o
cons_get_uart                                     lib/libmini.a(console.o)
                                                  calypso/libcalypso.a(uart.o)
cons_init                                         lib/libmini.a(console.o)
                                                  calypso/libcalypso.a(uart.o)
cons_putchar                                      lib/libmini.a(console.o)
cons_puts                                         lib/libmini.a(console.o)
                                                  comm/libcomm.a(msgb.o)
cons_rb_append                                    lib/libmini.a(console.o)
cons_rb_flush                                     lib/libmini.a(console.o)
                                                  calypso/libcalypso.a(uart.o)
dbm2rxlev                                         ../../shared/libosmocore/build-target/src/gsm/.libs/libosmogsm.a(gsm_utils.o)
delay_ms                                          lib/libmini.a(delay.o)
                                                  calypso/libcalypso.a(spi.o)
                                                  calypso/libcalypso.a(dsp.o)
                                                  fb/fb_s6b33b1x.o
                                                  abb/twl3025.o
delay_us                                          lib/libmini.a(delay.o)
                                                  calypso/libcalypso.a(tpu.o)
dispatch_buttons                                  calypso/libcalypso.a(keypad.o)
dma_init                                          calypso/libcalypso.a(dma.o)
                                                  board/pirelli_dpl10/init.o
do_global_ctors                                   lib/libmini.a(ctors.o)
                                                  board/compal/start.ram.o
dsp_api                                           calypso/libcalypso.a(dsp.o)
dsp_api_memset                                    calypso/libcalypso.a(dsp.o)
dsp_checksum_task                                 calypso/libcalypso.a(dsp.o)
dsp_dump                                          calypso/libcalypso.a(dsp.o)
                                                  apps/compal_dsp_dump/main.o
dsp_dump_version                                  calypso/libcalypso.a(dsp.o)
dsp_end_scenario                                  calypso/libcalypso.a(dsp.o)
dsp_load_apc_dac                                  calypso/libcalypso.a(dsp.o)
dsp_load_ciph_param                               calypso/libcalypso.a(dsp.o)
dsp_load_rx_task                                  calypso/libcalypso.a(dsp.o)
dsp_load_tch_param                                calypso/libcalypso.a(dsp.o)
dsp_load_tx_task                                  calypso/libcalypso.a(dsp.o)
dsp_memcpy_from_api                               calypso/libcalypso.a(dsp.o)
dsp_memcpy_to_api                                 calypso/libcalypso.a(dsp.o)
dsp_power_on                                      calypso/libcalypso.a(dsp.o)
dump_dev_id                                       calypso/libcalypso.a(misc.o)
                                                  apps/compal_dsp_dump/main.o
dump_mem                                          calypso/libcalypso.a(misc.o)
emit_key                                          calypso/libcalypso.a(keypad.o)
fb_font_get_char                                  fb/font.o
                                                  fb/fb_rgb332.o
fb_fonts                                          fb/font.o
                                                  fb/fb_rgb332.o
fb_rgb332                                         fb/fb_s6b33b1x.o
                                                  fb/fb_rgb332.o
fb_rgb332_boxto                                   fb/fb_rgb332.o
                                                  fb/fb_s6b33b1x.o
fb_rgb332_clear                                   fb/fb_rgb332.o
                                                  fb/fb_s6b33b1x.o
fb_rgb332_lineto                                  fb/fb_rgb332.o
                                                  fb/fb_s6b33b1x.o
fb_rgb332_putstr                                  fb/fb_rgb332.o
                                                  fb/fb_s6b33b1x.o
fiq                                               calypso/libcalypso.a(irq.o)
                                                  board/compal/handlers.o
fiq_entry                                         board/compal/handlers.o
                                                  board/compal/exceptions_redirected.o
flash_block_erase                                 flash/cfi_flash.o
flash_block_getlock                               flash/cfi_flash.o
flash_block_lock                                  flash/cfi_flash.o
flash_block_lockdown                              flash/cfi_flash.o
flash_block_unlock                                flash/cfi_flash.o
flash_get_id                                      flash/cfi_flash.o
flash_init                                        flash/cfi_flash.o
flash_program                                     flash/cfi_flash.o
font_c64                                          fb/c64.o
                                                  fb/font.o
font_helvB14                                      fb/helvB14.o
                                                  fb/font.o
font_helvR08                                      fb/helvR08.o
                                                  fb/font.o
font_symbols                                      fb/symbols.o
                                                  fb/font.o
framebuffer                                       fb/fb_s6b33b1x.o
                                                  fb/fb_rgb332.o
                                                  board/pirelli_dpl10/init.o
                                                  apps/compal_dsp_dump/main.o
free                                              ../../shared/libosmocore/build-target/src/gsm/.libs/libosmogsm.a(gsm_utils.o)
gprs_tlli_type                                    ../../shared/libosmocore/build-target/src/gsm/.libs/libosmogsm.a(gsm_utils.o)
gprs_tmsi2tlli                                    ../../shared/libosmocore/build-target/src/gsm/.libs/libosmogsm.a(gsm_utils.o)
gsm_7bit_decode                                   ../../shared/libosmocore/build-target/src/gsm/.libs/libosmogsm.a(gsm_utils.o)
gsm_7bit_decode_hdr                               ../../shared/libosmocore/build-target/src/gsm/.libs/libosmogsm.a(gsm_utils.o)
gsm_7bit_encode                                   ../../shared/libosmocore/build-target/src/gsm/.libs/libosmogsm.a(gsm_utils.o)
gsm_arfcn2band                                    ../../shared/libosmocore/build-target/src/gsm/.libs/libosmogsm.a(gsm_utils.o)
                                                  rf/trf6151.o
gsm_arfcn2freq10                                  ../../shared/libosmocore/build-target/src/gsm/.libs/libosmogsm.a(gsm_utils.o)
                                                  rf/trf6151.o
gsm_band_name                                     ../../shared/libosmocore/build-target/src/gsm/.libs/libosmogsm.a(gsm_utils.o)
gsm_band_parse                                    ../../shared/libosmocore/build-target/src/gsm/.libs/libosmogsm.a(gsm_utils.o)
[...]
                                                  comm/libcomm.a(sercomm_cons.o)
                                                  comm/libcomm.a(sercomm.o)
msgb_data                                         ../../shared/libosmocore/build-target/src/.libs/libosmocore.a(msgb.o)
msgb_dequeue                                      ../../shared/libosmocore/build-target/src/.libs/libosmocore.a(msgb.o)
                                                  comm/libcomm.a(sercomm.o)
msgb_enqueue                                      ../../shared/libosmocore/build-target/src/.libs/libosmocore.a(msgb.o)
                                                  comm/libcomm.a(sercomm.o)
msgb_free                                         ../../shared/libosmocore/build-target/src/.libs/libosmocore.a(msgb.o)
                                                  comm/libcomm.a(sercomm.o)
msgb_length                                       ../../shared/libosmocore/build-target/src/.libs/libosmocore.a(msgb.o)
msgb_reset                                        ../../shared/libosmocore/build-target/src/.libs/libosmocore.a(msgb.o)
msgb_set_talloc_ctx                               ../../shared/libosmocore/build-target/src/.libs/libosmocore.a(msgb.o)
osmo_panic                                        ../../shared/libosmocore/build-target/src/.libs/libosmocore.a(panic.o)
                                                  comm/libcomm.a(sercomm_cons.o)
                                                  comm/libcomm.a(sercomm.o)
osmo_set_panic_handler                            ../../shared/libosmocore/build-target/src/.libs/libosmocore.a(panic.o)
osmo_timer_add                                    comm/libcomm.a(timer.o)
osmo_timer_del                                    comm/libcomm.a(timer.o)
osmo_timer_pending                                comm/libcomm.a(timer.o)
osmo_timer_schedule                               comm/libcomm.a(timer.o)
osmo_timers_check                                 comm/libcomm.a(timer.o)
osmo_timers_update                                comm/libcomm.a(timer.o)
                                                  apps/compal_dsp_dump/main.o
phex                                              board/common/calypso_uart.o
                                                  board/compal/handlers.o
phexubf                                           board/common/calypso_uart.o
power_hold                                        calypso/libcalypso.a(keypad.o)
printf                                            lib/libmini.a(printf.o)
                                                  tiffs/libtiffs.a(init.o)
                                                  calypso/libcalypso.a(timer.o)
                                                  calypso/libcalypso.a(misc.o)
                                                  calypso/libcalypso.a(keypad.o)
                                                  calypso/libcalypso.a(dsp.o)
                                                  calypso/libcalypso.a(clock.o)
                                                  fb/fb_s6b33b1x.o
                                                  board/pirelli_dpl10/readcal.o
                                                  flash/cfi_flash.o
                                                  abb/twl3025.o
putchar_asm                                       board/common/calypso_uart.o
                                                  board/compal/handlers.o
puts                                              lib/libmini.a(vsprintf.o)
                                                  tiffs/libtiffs.a(init.o)
                                                  lib/libmini.a(printf.o)
                                                  calypso/libcalypso.a(uart.o)
                                                  calypso/libcalypso.a(timer.o)
                                                  calypso/libcalypso.a(misc.o)
                                                  calypso/libcalypso.a(tpu.o)
                                                  calypso/libcalypso.a(dsp.o)
                                                  board/pirelli_dpl10/readcal.o
                                                  rf/trf6151.o
                                                  abb/twl3025.o
                                                  apps/compal_dsp_dump/main.o
puts_asm                                          board/common/calypso_uart.o
pwl_init                                          board/common/calypso_pwl.o
pwl_set_level                                     board/common/calypso_pwl.o
read_factory_rf_calibration                       board/pirelli_dpl10/readcal.o
rf_arfcn                                          rf/trf6151.o
rf_tx_chan_cal_1800                               board/common/tx_calchan.o
                                                  board/pirelli_dpl10/readcal.o
rf_tx_chan_cal_1900                               board/common/tx_calchan.o
                                                  board/pirelli_dpl10/readcal.o
rf_tx_chan_cal_850                                board/common/tx_calchan.o
rf_tx_chan_cal_900                                board/common/tx_calchan.o
                                                  board/pirelli_dpl10/readcal.o
rf_tx_levels_1800                                 board/pirelli_dpl10/rf_tables.o
                                                  board/pirelli_dpl10/readcal.o
rf_tx_levels_1900                                 board/pirelli_dpl10/rf_tables.o
                                                  board/pirelli_dpl10/readcal.o
rf_tx_levels_850                                  board/pirelli_dpl10/rf_tables.o
rf_tx_levels_900                                  board/pirelli_dpl10/rf_tables.o
                                                  board/pirelli_dpl10/readcal.o
rf_tx_ramps_1800                                  board/pirelli_dpl10/rf_tables.o
                                                  board/pirelli_dpl10/readcal.o
rf_tx_ramps_1900                                  board/pirelli_dpl10/rf_tables.o
                                                  board/pirelli_dpl10/readcal.o
rf_tx_ramps_850                                   board/pirelli_dpl10/rf_tables.o
rf_tx_ramps_900                                   board/pirelli_dpl10/rf_tables.o
                                                  board/pirelli_dpl10/readcal.o
rffe_compute_gain                                 board/pirelli_dpl10/rffe_dpl10_triband.o
rffe_get_gain                                     board/pirelli_dpl10/rffe_dpl10_triband.o
rffe_get_rx_ports                                 board/pirelli_dpl10/rffe_dpl10_triband.o
                                                  rf/trf6151.o
rffe_get_tx_ports                                 board/pirelli_dpl10/rffe_dpl10_triband.o
rffe_init                                         board/pirelli_dpl10/rffe_dpl10_triband.o
rffe_iq_swapped                                   board/pirelli_dpl10/rffe_dpl10_triband.o
rffe_mode                                         board/pirelli_dpl10/rffe_dpl10_triband.o
rffe_rx_win_ctrl                                  board/pirelli_dpl10/rffe_dpl10_triband.o
rffe_set_gain                                     board/pirelli_dpl10/rffe_dpl10_triband.o
rtc_init                                          calypso/libcalypso.a(rtc.o)
                                                  board/pirelli_dpl10/init.o
rxlev2dbm                                         ../../shared/libosmocore/build-target/src/gsm/.libs/libosmogsm.a(gsm_utils.o)
scnprintf                                         lib/libmini.a(vsprintf.o)
sercomm_bind_uart                                 comm/libcomm.a(sercomm.o)
                                                  board/pirelli_dpl10/init.o
sercomm_drv_pull                                  comm/libcomm.a(sercomm.o)
                                                  calypso/libcalypso.a(uart.o)
sercomm_drv_rx_char                               comm/libcomm.a(sercomm.o)
                                                  calypso/libcalypso.a(uart.o)
sercomm_get_uart                                  comm/libcomm.a(sercomm.o)
                                                  comm/libcomm.a(sercomm_cons.o)
                                                  calypso/libcalypso.a(uart.o)
sercomm_init                                      comm/libcomm.a(sercomm.o)
                                                  calypso/libcalypso.a(uart.o)
sercomm_initialized                               comm/libcomm.a(sercomm.o)
                                                  comm/libcomm.a(sercomm_cons.o)
sercomm_putchar                                   comm/libcomm.a(sercomm_cons.o)
                                                  calypso/libcalypso.a(misc.o)
sercomm_puts                                      comm/libcomm.a(sercomm_cons.o)
                                                  lib/libmini.a(vsprintf.o)
sercomm_register_rx_cb                            comm/libcomm.a(sercomm.o)
sercomm_sendmsg                                   comm/libcomm.a(sercomm.o)
                                                  comm/libcomm.a(sercomm_cons.o)
sercomm_tx_queue_depth                            comm/libcomm.a(sercomm.o)
                                                  comm/libcomm.a(sercomm_cons.o)
snprintf                                          lib/libmini.a(vsprintf.o)
spi_init                                          calypso/libcalypso.a(spi.o)
                                                  abb/twl3025.o
spi_xfer                                          calypso/libcalypso.a(spi.o)
                                                  abb/twl3025.o
sprintf                                           lib/libmini.a(vsprintf.o)
sscanf                                            lib/libmini.a(vsprintf.o)
strlen                                            lib/libmini.a(string.o)
                                                  ../../shared/libosmocore/build-target/src/gsm/.libs/libosmogsm.a(gsm_utils.o)
                                                  comm/libcomm.a(sercomm_cons.o)
                                                  lib/libmini.a(console.o)
strnlen                                           lib/libmini.a(string.o)
                                                  lib/libmini.a(vsprintf.o)
strtol                                            lib/libmini.a(vsprintf.o)
                                                  ../../shared/libosmocore/build-target/src/gsm/.libs/libosmogsm.a(gsm_utils.o)
strtoll                                           lib/libmini.a(vsprintf.o)
strtoul                                           lib/libmini.a(vsprintf.o)
strtoull                                          lib/libmini.a(vsprintf.o)
system_inherent_gain                              board/pirelli_dpl10/rffe_dpl10_triband.o
                                                  rf/trf6151.o
tall_msgb_ctx                                     ../../shared/libosmocore/build-target/src/.libs/libosmocore.a(msgb.o)
talloc_free                                       comm/libcomm.a(msgb.o)
                                                  ../../shared/libosmocore/build-target/src/.libs/libosmocore.a(msgb.o)
tiffs_active_index                                tiffs/libtiffs.a(globals.o)
                                                  tiffs/libtiffs.a(init.o)
tiffs_base_addr                                   tiffs/libtiffs.a(globals.o)
                                                  tiffs/libtiffs.a(init.o)
tiffs_init                                        tiffs/libtiffs.a(init.o)
                                                  board/pirelli_dpl10/init.o
tiffs_init_done                                   tiffs/libtiffs.a(globals.o)
                                                  tiffs/libtiffs.a(init.o)
tiffs_nsectors                                    tiffs/libtiffs.a(globals.o)
                                                  tiffs/libtiffs.a(init.o)
tiffs_root_ino                                    tiffs/libtiffs.a(globals.o)
                                                  tiffs/libtiffs.a(init.o)
tiffs_sector_size                                 tiffs/libtiffs.a(globals.o)
                                                  tiffs/libtiffs.a(init.o)
timer_init                                        comm/libcomm.a(timer.o)
                                                  board/pirelli_dpl10/init.o
tpu_clk_enable                                    calypso/libcalypso.a(tpu.o)
tpu_dsp_fameirq_pending                           calypso/libcalypso.a(tpu.o)
tpu_dsp_frameirq_enable                           calypso/libcalypso.a(tpu.o)
                                                  calypso/libcalypso.a(dsp.o)
tpu_enable                                        calypso/libcalypso.a(tpu.o)
                                                  rf/trf6151.o
tpu_enqueue                                       calypso/libcalypso.a(tpu.o)
                                                  calypso/libcalypso.a(tsp.o)
                                                  rf/trf6151.o
                                                  abb/twl3025.o
tpu_force_dsp_frame_irq                           calypso/libcalypso.a(tpu.o)
tpu_frame_irq_en                                  calypso/libcalypso.a(tpu.o)
                                                  calypso/libcalypso.a(dsp.o)
tpu_get_offset                                    calypso/libcalypso.a(tpu.o)
tpu_get_synchro                                   calypso/libcalypso.a(tpu.o)
tpu_init                                          calypso/libcalypso.a(tpu.o)
tpu_reset                                         calypso/libcalypso.a(tpu.o)
tpu_rewind                                        calypso/libcalypso.a(tpu.o)
tpu_test                                          calypso/libcalypso.a(tpu.o)
tpu_wait_idle                                     calypso/libcalypso.a(tpu.o)
                                                  rf/trf6151.o
trf6151_calib_dc_offs                             rf/trf6151.o
trf6151_compute_gain                              rf/trf6151.o
                                                  board/pirelli_dpl10/rffe_dpl10_triband.o
trf6151_get_gain                                  rf/trf6151.o
                                                  board/pirelli_dpl10/rffe_dpl10_triband.o
trf6151_get_gain_reg                              rf/trf6151.o
trf6151_init                                      rf/trf6151.o
                                                  board/pirelli_dpl10/rffe_dpl10_triband.o
trf6151_iq_swapped                                rf/trf6151.o
                                                  board/pirelli_dpl10/rffe_dpl10_triband.o
trf6151_power                                     rf/trf6151.o
trf6151_rx_window                                 rf/trf6151.o
trf6151_set_arfcn                                 rf/trf6151.o
trf6151_set_gain                                  rf/trf6151.o
                                                  board/pirelli_dpl10/rffe_dpl10_triband.o
trf6151_set_gain_reg                              rf/trf6151.o
trf6151_set_mode                                  rf/trf6151.o
trf6151_test                                      rf/trf6151.o
trf6151_tx_test                                   rf/trf6151.o
trf6151_tx_window                                 rf/trf6151.o
tsp_act_disable                                   calypso/libcalypso.a(tsp.o)
                                                  calypso/libcalypso.a(tpu.o)
                                                  rf/trf6151.o
tsp_act_enable                                    calypso/libcalypso.a(tsp.o)
                                                  calypso/libcalypso.a(tpu.o)
                                                  rf/trf6151.o
tsp_act_state                                     calypso/libcalypso.a(tsp.o)
                                                  board/pirelli_dpl10/rffe_dpl10_triband.o
tsp_act_toggle                                    calypso/libcalypso.a(tsp.o)
tsp_act_update                                    calypso/libcalypso.a(tsp.o)
                                                  board/pirelli_dpl10/rffe_dpl10_triband.o
tsp_init                                          calypso/libcalypso.a(tsp.o)
tsp_setup                                         calypso/libcalypso.a(tsp.o)
                                                  board/pirelli_dpl10/rffe_dpl10_triband.o
                                                  rf/trf6151.o
tsp_write                                         calypso/libcalypso.a(tsp.o)
                                                  rf/trf6151.o
                                                  abb/twl3025.o
twl3025_afc_get                                   abb/twl3025.o
twl3025_afc_set                                   abb/twl3025.o
twl3025_afcout_get                                abb/twl3025.o
twl3025_afcout_set                                abb/twl3025.o
twl3025_clk13m                                    abb/twl3025.o
twl3025_default_ramp                              abb/twl3025.o
twl3025_downlink                                  abb/twl3025.o
twl3025_get_pwon                                  abb/twl3025.o
                                                  calypso/libcalypso.a(keypad.o)
twl3025_init                                      abb/twl3025.o
                                                  board/pirelli_dpl10/init.o
twl3025_power_off                                 abb/twl3025.o
                                                  calypso/libcalypso.a(keypad.o)
twl3025_power_off_now                             abb/twl3025.o
twl3025_reg_read                                  abb/twl3025.o
twl3025_reg_write                                 abb/twl3025.o
                                                  board/pirelli_dpl10/init.o
twl3025_tsp_write                                 abb/twl3025.o
twl3025_unit_enable                               abb/twl3025.o
twl3025_uplink                                    abb/twl3025.o
uart_baudrate                                     calypso/libcalypso.a(uart.o)
                                                  board/pirelli_dpl10/init.o
uart_getchar_nb                                   calypso/libcalypso.a(uart.o)
uart_init                                         calypso/libcalypso.a(uart.o)
                                                  board/pirelli_dpl10/init.o
uart_irq_enable                                   calypso/libcalypso.a(uart.o)
                                                  comm/libcomm.a(sercomm.o)
                                                  lib/libmini.a(console.o)
uart_poll                                         calypso/libcalypso.a(uart.o)
uart_putchar_nb                                   calypso/libcalypso.a(uart.o)
                                                  lib/libmini.a(console.o)
uart_putchar_wait                                 calypso/libcalypso.a(uart.o)
                                                  comm/libcomm.a(sercomm_cons.o)
                                                  lib/libmini.a(console.o)
uart_tx_busy                                      calypso/libcalypso.a(uart.o)
                                                  lib/libmini.a(console.o)
vscnprintf                                        lib/libmini.a(vsprintf.o)
vsnprintf                                         lib/libmini.a(vsprintf.o)
                                                  lib/libmini.a(printf.o)
vsprintf                                          lib/libmini.a(vsprintf.o)
vsscanf                                           lib/libmini.a(vsprintf.o)
wdog_enable                                       calypso/libcalypso.a(timer.o)
wdog_reset                                        calypso/libcalypso.a(timer.o)
