Archive member included because of file (symbol)

calypso/libcalypso.a(clock.o)
                              apps/hello_world/main.o (calypso_clk_dump)
calypso/libcalypso.a(dma.o)   board/se_j100/init.o (dma_init)
calypso/libcalypso.a(irq.o)   abb/twl3025.o (irq_enable)
calypso/libcalypso.a(rtc.o)   board/se_j100/init.o (rtc_init)
calypso/libcalypso.a(spi.o)   abb/twl3025.o (spi_init)
calypso/libcalypso.a(tpu.o)   abb/twl3025.o (tpu_enqueue)
calypso/libcalypso.a(tsp.o)   abb/twl3025.o (tsp_write)
calypso/libcalypso.a(keypad.o)
                              board/se_j100/init.o (keypad_init)
calypso/libcalypso.a(misc.o)  apps/hello_world/main.o (dump_dev_id)
calypso/libcalypso.a(timer.o)
                              board/se_j100/init.o (hwtimer_init)
calypso/libcalypso.a(backlight.o)
                              board/se_j100/init.o (bl_mode_pwl)
calypso/libcalypso.a(uart.o)  board/se_j100/init.o (uart_init)
calypso/libcalypso.a(uwire.o)
                              fb/fb_ssd1963.o (uwire_init)
calypso/libcalypso.a(arm.o)   calypso/libcalypso.a(irq.o) (arm_enable_interrupts)
lib/libmini.a(vsprintf.o)     apps/hello_world/main.o (snprintf)
lib/libmini.a(string.o)       lib/libmini.a(vsprintf.o) (strnlen)
lib/libmini.a(ctype.o)        lib/libmini.a(vsprintf.o) (_ctype)
lib/libmini.a(printf.o)       apps/hello_world/main.o (printf)
lib/libmini.a(console.o)      board/se_j100/init.o (cons_bind_uart)
lib/libmini.a(ctors.o)        board/compal/start.ram.o (do_global_ctors)
lib/libmini.a(delay.o)        calypso/libcalypso.a(tpu.o) (delay_us)
lib/libmini.a(div64.o)        lib/libmini.a(vsprintf.o) (__do_div64)
lib/libmini.a(lib1funcs.o)    rf/trf6151.o (__udivsi3)
lib/libmini.a(memcpy.o)       fb/fb_ssd1963.o (memcpy)
lib/libmini.a(memset.o)       lib/libmini.a(console.o) (memset)
comm/libcomm.a(sercomm.o)     board/se_j100/init.o (sercomm_bind_uart)
comm/libcomm.a(sercomm_cons.o)
                              lib/libmini.a(vsprintf.o) (sercomm_puts)
comm/libcomm.a(timer.o)       calypso/libcalypso.a(keypad.o) (jiffies)
../../shared/libosmocore/build-target/src/.libs/libosmocore.a(msgb.o)
                              comm/libcomm.a(sercomm.o) (msgb_alloc)
../../shared/libosmocore/build-target/src/.libs/libosmocore.a(panic.o)
                              comm/libcomm.a(sercomm.o) (osmo_panic)
../../shared/libosmocore/build-target/src/gsm/.libs/libosmogsm.a(gsm_utils.o)
                              rf/trf6151.o (gsm_arfcn2band)
comm/libcomm.a(msgb.o)        ../../shared/libosmocore/build-target/src/.libs/libosmocore.a(msgb.o) (_talloc_zero)

Allocating common symbols
Common symbol       size              file

tall_msgb_ctx       0x4               ../../shared/libosmocore/build-target/src/.libs/libosmocore.a(msgb.o)
battery_info        0x14              battery/dummy.o
jiffies             0x4               comm/libcomm.a(timer.o)

Memory Configuration

Name             Origin             Length             Attributes
LRAM             0x0000000000800000 0x0000000000010000 rw
IRAM             0x0000000000810000 0x0000000000030000 rw
*default*        0x0000000000000000 0xffffffffffffffff

Linker script and memory map

                0x0000000000800000                . = 0x800000

.compal.loader  0x0000000000800000       0x1c
                0x000000000080001c                . = 0x1c
 *fill*         0x0000000000800000       0x1c 00

.compal.header  0x0000000000800100        0x4
                0x0000000000800104                . = 0x4
 *fill*         0x0000000000800100        0x4 00
                0x0000000000800104                . = ALIGN (0x4)

.text.start     0x0000000000800104       0x6c
                0x0000000000800104                PROVIDE (_start, .)
 *(.text.start)
 .text.start    0x0000000000800104       0x6c board/compal/start.ram.o
                0x0000000000800104                _start
 *(.text.start)

.text.exceptions
                0x000000000080001c       0x1c load address 0x0000000000800170
 *(.text.exceptions)
 .text.exceptions
                0x000000000080001c       0x1c board/compal/exceptions_redirected.o
 *(.text.exceptions)
                0x0000000000800038                . = ALIGN (0x4)
                0x0000000000800170                PROVIDE (_exceptions, LOADADDR (.text.exceptions))
                0x0000000000800038                . = ALIGN (0x4)

.text           0x000000000080018c     0x4748 load address 0x000000000080018c
 *(.text*)
 .text.fb_putstr
                0x000000000080018c       0x1c apps/hello_world/main.o
 .text.fb_flush
                0x00000000008001a8       0x1c apps/hello_world/main.o
 .text.console_rx_cb
                0x00000000008001c4       0x48 apps/hello_world/main.o
 .text.l1a_l23_rx_cb
                0x000000000080020c       0x50 apps/hello_world/main.o
 .text.key_handler
                0x000000000080025c        0x4 apps/hello_world/main.o
                0x000000000080025c                key_handler
 .text.write_battery_info
                0x0000000000800260       0xf8 apps/hello_world/main.o
                0x0000000000800260                write_battery_info
 .text.main     0x0000000000800358      0x164 apps/hello_world/main.o
                0x0000000000800358                main
 .text.twl3025_reg_write
                0x00000000008004bc       0x68 abb/twl3025.o
                0x00000000008004bc                twl3025_reg_write
 .text.twl3025_unit_enable
                0x0000000000800524       0x6c abb/twl3025.o
                0x0000000000800524                twl3025_unit_enable
 .text.twl3025_switch_page
                0x0000000000800590       0x30 abb/twl3025.o
 .text.twl3025_reg_read
                0x00000000008005c0       0x80 abb/twl3025.o
                0x00000000008005c0                twl3025_reg_read
 .text.twl3025_power_off
                0x0000000000800640       0x30 abb/twl3025.o
                0x0000000000800640                twl3025_power_off
 .text.twl3025_irq
                0x0000000000800670       0x70 abb/twl3025.o
 .text.twl3025_wait_ibic_access
                0x00000000008006e0        0x8 abb/twl3025.o
 .text.twl3025_clk13m
                0x00000000008006e8       0x38 abb/twl3025.o
                0x00000000008006e8                twl3025_clk13m
 .text.twl3025_init
                0x0000000000800720       0x9c abb/twl3025.o
                0x0000000000800720                twl3025_init
 .text.twl3025_get_pwon
                0x00000000008007bc       0x58 abb/twl3025.o
                0x00000000008007bc                twl3025_get_pwon
 .text          0x0000000000800814       0xfc board/common/calypso_uart.o
                0x0000000000800820                phex
                0x0000000000800854                puts_asm
                0x00000000008008a0                memdump_asm
                0x0000000000800890                putchar_asm
 .text.board_init
                0x0000000000800910      0x1d8 board/se_j100/init.o
                0x0000000000800910                board_init
 .text.fb_font_get_char
                0x0000000000800ae8       0x50 fb/font.o
                0x0000000000800ae8                fb_font_get_char
 .text.fb_limit_fb_range
                0x0000000000800b38       0x38 fb/fb_rgb332.o
 .text.fb_sanitize_box
                0x0000000000800b70       0x50 fb/fb_rgb332.o
 .text.fb_rgb332_clear
                0x0000000000800bc0       0x74 fb/fb_rgb332.o
                0x0000000000800bc0                fb_rgb332_clear
 .text.fb_rgb332_update_damage
                0x0000000000800c34       0xd8 fb/fb_rgb332.o
 .text.rgb_to_pixel
                0x0000000000800d0c       0x24 fb/fb_rgb332.o
 .text.set_pix  0x0000000000800d30       0x24 fb/fb_rgb332.o
 .text.fb_rgb332_boxto
                0x0000000000800d54      0x11c fb/fb_rgb332.o
                0x0000000000800d54                fb_rgb332_boxto
 .text.fb_rgb332_lineto
                0x0000000000800e70      0x138 fb/fb_rgb332.o
                0x0000000000800e70                fb_rgb332_lineto
 .text.fb_rgb332_putstr
                0x0000000000800fa8      0x2b8 fb/fb_rgb332.o
                0x0000000000800fa8                fb_rgb332_putstr
 .text.fb_ssd1963_send_cmdlist
                0x0000000000801260       0x50 fb/fb_ssd1963.o
 .text.fb_ssd1963_init
                0x00000000008012b0       0x48 fb/fb_ssd1963.o
 .text.fb_ssd1963_flush
                0x00000000008012f8      0x184 fb/fb_ssd1963.o
 .text          0x000000000080147c       0x90 board/compal/handlers.o
                0x000000000080147c                handle_abort
                0x00000000008014bc                irq_entry
                0x00000000008014e4                fiq_entry
 .text.dump_reg16
                0x000000000080150c       0x10 calypso/libcalypso.a(clock.o)
 .text.calypso_clk_dump
                0x000000000080151c       0x6c calypso/libcalypso.a(clock.o)
                0x000000000080151c                calypso_clk_dump
 .text.calypso_pll_set
                0x0000000000801588       0x38 calypso/libcalypso.a(clock.o)
                0x0000000000801588                calypso_pll_set
 .text.calypso_reset_set
                0x00000000008015c0       0x2c calypso/libcalypso.a(clock.o)
                0x00000000008015c0                calypso_reset_set
 .text.calypso_clock_set
                0x00000000008015ec       0xa0 calypso/libcalypso.a(clock.o)
                0x00000000008015ec                calypso_clock_set
 .text.calypso_mem_cfg
                0x000000000080168c       0x20 calypso/libcalypso.a(clock.o)
                0x000000000080168c                calypso_mem_cfg
 .text.calypso_bootrom
                0x00000000008016ac       0x28 calypso/libcalypso.a(clock.o)
                0x00000000008016ac                calypso_bootrom
 .text.calypso_rhea_cfg
                0x00000000008016d4       0x58 calypso/libcalypso.a(clock.o)
                0x00000000008016d4                calypso_rhea_cfg
 .text.dma_init
                0x000000000080172c       0x14 calypso/libcalypso.a(dma.o)
                0x000000000080172c                dma_init
 .text._irq_enable
                0x0000000000801740       0x48 calypso/libcalypso.a(irq.o)
 .text.irq_enable
                0x0000000000801788        0x8 calypso/libcalypso.a(irq.o)
                0x0000000000801788                irq_enable
 .text.irq_disable
                0x0000000000801790        0x8 calypso/libcalypso.a(irq.o)
                0x0000000000801790                irq_disable
 .text.irq_config
                0x0000000000801798       0x50 calypso/libcalypso.a(irq.o)
                0x0000000000801798                irq_config
 .text.irq      0x00000000008017e8       0x44 calypso/libcalypso.a(irq.o)
                0x00000000008017e8                irq
 .text.fiq      0x000000000080182c       0x44 calypso/libcalypso.a(irq.o)
                0x000000000080182c                fiq
 .text.irq_register_handler
                0x0000000000801870       0x14 calypso/libcalypso.a(irq.o)
                0x0000000000801870                irq_register_handler
 .text.calypso_exceptions_install
                0x0000000000801884       0x30 calypso/libcalypso.a(irq.o)
                0x0000000000801884                calypso_exceptions_install
 .text.irq_init
                0x00000000008018b4       0x6c calypso/libcalypso.a(irq.o)
                0x00000000008018b4                irq_init
 .text.rtc_irq_tick
                0x0000000000801920       0x18 calypso/libcalypso.a(rtc.o)
 .text.rtc_init
                0x0000000000801938       0x5c calypso/libcalypso.a(rtc.o)
                0x0000000000801938                rtc_init
 .text.spi_init
                0x0000000000801994       0x20 calypso/libcalypso.a(spi.o)
                0x0000000000801994                spi_init
 .text.spi_xfer
                0x00000000008019b4      0x120 calypso/libcalypso.a(spi.o)
                0x00000000008019b4                spi_xfer
 .text.emit_key
                0x0000000000801ad4       0x58 calypso/libcalypso.a(keypad.o)
                0x0000000000801ad4                emit_key
 .text.dispatch_buttons
                0x0000000000801b2c       0xd4 calypso/libcalypso.a(keypad.o)
                0x0000000000801b2c                dispatch_buttons
 .text.keypad_irq
                0x0000000000801c00       0x18 calypso/libcalypso.a(keypad.o)
 .text.keypad_init
                0x0000000000801c18       0x88 calypso/libcalypso.a(keypad.o)
                0x0000000000801c18                keypad_init
 .text.keypad_set_handler
                0x0000000000801ca0       0x10 calypso/libcalypso.a(keypad.o)
                0x0000000000801ca0                keypad_set_handler
 .text.keypad_poll
                0x0000000000801cb0      0x250 calypso/libcalypso.a(keypad.o)
                0x0000000000801cb0                keypad_poll
 .text.dump_dev_id
                0x0000000000801f00       0xa4 calypso/libcalypso.a(misc.o)
                0x0000000000801f00                dump_dev_id
 .text.hwtimer_enable
                0x0000000000801fa4       0x70 calypso/libcalypso.a(timer.o)
                0x0000000000801fa4                hwtimer_enable
 .text.hwtimer_config
                0x0000000000802014       0x30 calypso/libcalypso.a(timer.o)
                0x0000000000802014                hwtimer_config
 .text.hwtimer_load
                0x0000000000802044       0x28 calypso/libcalypso.a(timer.o)
                0x0000000000802044                hwtimer_load
 .text.hwtimer_init
                0x000000000080206c       0x1c calypso/libcalypso.a(timer.o)
                0x000000000080206c                hwtimer_init
 .text.wdog_irq
                0x0000000000802088        0xc calypso/libcalypso.a(timer.o)
 .text.wdog_enable
                0x0000000000802094       0x64 calypso/libcalypso.a(timer.o)
                0x0000000000802094                wdog_enable
 .text.bl_mode_pwl
                0x00000000008020f8       0x44 calypso/libcalypso.a(backlight.o)
                0x00000000008020f8                bl_mode_pwl
 .text.bl_level
                0x000000000080213c       0x34 calypso/libcalypso.a(backlight.o)
                0x000000000080213c                bl_level
 .text.uart_set_lcr7bit
                0x0000000000802170       0x28 calypso/libcalypso.a(uart.o)
 .text.uart_set_lcr_bf
                0x0000000000802198       0x34 calypso/libcalypso.a(uart.o)
 .text.uart_set_mcr6bit
                0x00000000008021cc       0x28 calypso/libcalypso.a(uart.o)
 .text.uart_reg_write
                0x00000000008021f4       0x9c calypso/libcalypso.a(uart.o)
 .text.uart_reg_read
                0x0000000000802290       0x9c calypso/libcalypso.a(uart.o)
 .text.uart_irq_handler_cons
                0x000000000080232c       0x5c calypso/libcalypso.a(uart.o)
 .text.uart_irq_enable
                0x0000000000802388       0x58 calypso/libcalypso.a(uart.o)
                0x0000000000802388                uart_irq_enable
 .text.uart_tx_busy
                0x00000000008023e0       0x18 calypso/libcalypso.a(uart.o)
                0x00000000008023e0                uart_tx_busy
 .text.uart_putchar_nb
                0x00000000008023f8       0x34 calypso/libcalypso.a(uart.o)
                0x00000000008023f8                uart_putchar_nb
 .text.uart_getchar_nb
                0x000000000080242c       0x88 calypso/libcalypso.a(uart.o)
                0x000000000080242c                uart_getchar_nb
 .text.uart_irq_handler_sercomm
                0x00000000008024b4      0x118 calypso/libcalypso.a(uart.o)
 .text.uart_init
                0x00000000008025cc      0x188 calypso/libcalypso.a(uart.o)
                0x00000000008025cc                uart_init
 .text.uart_putchar_wait
                0x0000000000802754       0x2c calypso/libcalypso.a(uart.o)
                0x0000000000802754                uart_putchar_wait
 .text.uart_baudrate
                0x0000000000802780       0x74 calypso/libcalypso.a(uart.o)
                0x0000000000802780                uart_baudrate
 .text.uwire_init
                0x00000000008027f4       0x40 calypso/libcalypso.a(uwire.o)
                0x00000000008027f4                uwire_init
 .text.uwire_xfer
                0x0000000000802834      0x114 calypso/libcalypso.a(uwire.o)
                0x0000000000802834                uwire_xfer
 .text.arm_enable_interrupts
                0x0000000000802948       0x10 calypso/libcalypso.a(arm.o)
                0x0000000000802948                arm_enable_interrupts
 .text.skip_atoi
                0x0000000000802958       0x48 lib/libmini.a(vsprintf.o)
 .text.number   0x00000000008029a0      0x2a0 lib/libmini.a(vsprintf.o)
 .text.vsnprintf
                0x0000000000802c40      0x540 lib/libmini.a(vsprintf.o)
                0x0000000000802c40                vsnprintf
 .text.snprintf
                0x0000000000803180       0x30 lib/libmini.a(vsprintf.o)
                0x0000000000803180                snprintf
 .text.puts     0x00000000008031b0        0x4 lib/libmini.a(vsprintf.o)
                0x00000000008031b0                puts
 .text.strnlen  0x00000000008031b4       0x2c lib/libmini.a(string.o)
                0x00000000008031b4                strnlen
 .text.strlen   0x00000000008031e0       0x20 lib/libmini.a(string.o)
                0x00000000008031e0                strlen
 .text.printf   0x0000000000803200       0x50 lib/libmini.a(printf.o)
                0x0000000000803200                printf
 .text.cons_bind_uart
                0x0000000000803250       0x18 lib/libmini.a(console.o)
                0x0000000000803250                cons_bind_uart
 .text.cons_get_uart
                0x0000000000803268       0x18 lib/libmini.a(console.o)
                0x0000000000803268                cons_get_uart
 .text.cons_init
                0x0000000000803280       0x40 lib/libmini.a(console.o)
                0x0000000000803280                cons_init
 .text.cons_rb_pull
                0x00000000008032c0       0x6c lib/libmini.a(console.o)
 .text.cons_rb_flush
                0x000000000080332c       0x58 lib/libmini.a(console.o)
                0x000000000080332c                cons_rb_flush
 .text.__cons_rb_append
                0x0000000000803384       0x6c lib/libmini.a(console.o)
 .text.cons_rb_append
                0x00000000008033f0       0xe4 lib/libmini.a(console.o)
                0x00000000008033f0                cons_rb_append
 .text.cons_puts
                0x00000000008034d4       0x70 lib/libmini.a(console.o)
                0x00000000008034d4                cons_puts
 .text.do_global_ctors
                0x0000000000803544       0x30 lib/libmini.a(ctors.o)
                0x0000000000803544                do_global_ctors
 .text.delay_ms
                0x0000000000803574       0x3c lib/libmini.a(delay.o)
                0x0000000000803574                delay_ms
 .text          0x00000000008035b0      0x130 lib/libmini.a(div64.o)
                0x00000000008035b0                __do_div64
 .text          0x00000000008036e0      0x3d4 lib/libmini.a(lib1funcs.o)
                0x00000000008036e0                __udivsi3
                0x00000000008037c8                __umodsi3
                0x0000000000803884                __aeabi_idiv
                0x0000000000803ab0                __div0
                0x00000000008036e0                __aeabi_uidiv
                0x0000000000803884                __divsi3
                0x0000000000803a70                __aeabi_uidivmod
                0x000000000080399c                __modsi3
                0x0000000000803a88                __aeabi_idivmod
 .text          0x0000000000803ab4      0x29c lib/libmini.a(memcpy.o)
                0x0000000000803ab4                memcpy
 *fill*         0x0000000000803d50       0x10 00
 .text          0x0000000000803d60       0xc0 lib/libmini.a(memset.o)
                0x0000000000803d80                memset
 .text.msgb_tailroom
                0x0000000000803e20       0x18 comm/libcomm.a(sercomm.o)
 .text.msgb_put
                0x0000000000803e38       0x50 comm/libcomm.a(sercomm.o)
 .text.sercomm_alloc_msgb
                0x0000000000803e88       0x40 comm/libcomm.a(sercomm.o)
 .text.sercomm_bind_uart
                0x0000000000803ec8       0x10 comm/libcomm.a(sercomm.o)
                0x0000000000803ec8                sercomm_bind_uart
 .text.sercomm_get_uart
                0x0000000000803ed8       0x10 comm/libcomm.a(sercomm.o)
                0x0000000000803ed8                sercomm_get_uart
 .text.sercomm_register_rx_cb
                0x0000000000803ee8       0x34 comm/libcomm.a(sercomm.o)
                0x0000000000803ee8                sercomm_register_rx_cb
 .text.sercomm_init
                0x0000000000803f1c       0x4c comm/libcomm.a(sercomm.o)
                0x0000000000803f1c                sercomm_init
 .text.sercomm_initialized
                0x0000000000803f68       0x10 comm/libcomm.a(sercomm.o)
                0x0000000000803f68                sercomm_initialized
 .text.sercomm_drv_rx_char
                0x0000000000803f78      0x17c comm/libcomm.a(sercomm.o)
                0x0000000000803f78                sercomm_drv_rx_char
 .text.sercomm_drv_pull
                0x00000000008040f4      0x11c comm/libcomm.a(sercomm.o)
                0x00000000008040f4                sercomm_drv_pull
 .text.sercomm_tx_queue_depth
                0x0000000000804210       0x34 comm/libcomm.a(sercomm.o)
                0x0000000000804210                sercomm_tx_queue_depth
 .text.sercomm_sendmsg
                0x0000000000804244       0x94 comm/libcomm.a(sercomm.o)
                0x0000000000804244                sercomm_sendmsg
 .text.msgb_tailroom
                0x00000000008042d8       0x18 comm/libcomm.a(sercomm_cons.o)
 .text.raw_puts
                0x00000000008042f0       0x3c comm/libcomm.a(sercomm_cons.o)
 .text.sercomm_puts
                0x000000000080432c      0x180 comm/libcomm.a(sercomm_cons.o)
                0x000000000080432c                sercomm_puts
 .text.sercomm_putchar
                0x00000000008044ac       0x30 comm/libcomm.a(sercomm_cons.o)
                0x00000000008044ac                sercomm_putchar
 .text.osmo_timer_del
                0x00000000008044dc       0x4c comm/libcomm.a(timer.o)
                0x00000000008044dc                osmo_timer_del
 .text.timer_irq
                0x0000000000804528       0x18 comm/libcomm.a(timer.o)
 .text.timer_init
                0x0000000000804540       0x6c comm/libcomm.a(timer.o)
                0x0000000000804540                timer_init
 .text.osmo_timer_add
                0x00000000008045ac       0x58 comm/libcomm.a(timer.o)
                0x00000000008045ac                osmo_timer_add
 .text.osmo_timer_schedule
                0x0000000000804604       0x34 comm/libcomm.a(timer.o)
                0x0000000000804604                osmo_timer_schedule
 .text.osmo_timers_update
                0x0000000000804638       0xe4 comm/libcomm.a(timer.o)
                0x0000000000804638                osmo_timers_update
 .text.msgb_alloc
                0x000000000080471c       0x5c ../../shared/libosmocore/build-target/src/.libs/libosmocore.a(msgb.o)
                0x000000000080471c                msgb_alloc
 .text.msgb_free
                0x0000000000804778        0x4 ../../shared/libosmocore/build-target/src/.libs/libosmocore.a(msgb.o)
                0x0000000000804778                msgb_free
 .text.msgb_enqueue
                0x000000000080477c       0x18 ../../shared/libosmocore/build-target/src/.libs/libosmocore.a(msgb.o)
                0x000000000080477c                msgb_enqueue
 .text.msgb_dequeue
                0x0000000000804794       0x40 ../../shared/libosmocore/build-target/src/.libs/libosmocore.a(msgb.o)
                0x0000000000804794                msgb_dequeue
 .text.osmo_panic
                0x00000000008047d4       0x58 ../../shared/libosmocore/build-target/src/.libs/libosmocore.a(panic.o)
                0x00000000008047d4                osmo_panic
 .text._talloc_zero
                0x000000000080482c       0x9c comm/libcomm.a(msgb.o)
                0x000000000080482c                _talloc_zero
 .text.talloc_free
                0x00000000008048c8        0xc comm/libcomm.a(msgb.o)
                0x00000000008048c8                talloc_free
 *(.ramtext*)
 *(.glue_7t)
 *(.glue_7)
 *(.vfp11_veneer)
 *(.v4_bx)
                0x00000000008048d4                . = ALIGN (0x4)
                0x000000000080018c                PROVIDE (_text_start, LOADADDR (.text))
                0x00000000008048d4                PROVIDE (_text_end, (LOADADDR (.text) + SIZEOF (.text)))

.ctors          0x00000000008048d4        0x8
                0x00000000008048d4        0x4 LONG 0x0 ((SIZEOF (.ctors) / 0x4) - 0x2)
 *(SORT(.ctors))
 *(SORT(.init_array))
                0x00000000008048d8        0x4 LONG 0x0
                0x00000000008048d4                PROVIDE (_ctor_start, LOADADDR (.ctors))
                0x00000000008048dc                PROVIDE (_ctor_end, (LOADADDR (.ctors) + SIZEOF (.ctors)))

.dtors          0x00000000008048dc        0x8
                0x00000000008048dc        0x4 LONG 0x0 ((SIZEOF (.dtors) / 0x4) - 0x2)
 *(SORT(.dtors))
                0x00000000008048e0        0x4 LONG 0x0
                0x00000000008048dc                PROVIDE (_dtor_start, LOADADDR (.dtors))
                0x00000000008048e4                PROVIDE (_dtor_end, (LOADADDR (.dtors) + SIZEOF (.dtors)))
                0x00000000008048e4                . = ALIGN (0x4)

.rodata         0x00000000008048e4     0x178d
 *(.rodata*)
 .rodata.str1.4
                0x00000000008048e4      0x139 apps/hello_world/main.o
                                        0x140 (size before relaxing)
 *fill*         0x0000000000804a1d        0x3 00
 .rodata.str1.4
                0x0000000000804a20       0x5d abb/twl3025.o
                                         0x60 (size before relaxing)
 .rodata        0x0000000000804a7d       0x18 board/se_j100/init.o
 *fill*         0x0000000000804a95        0x3 00
 .rodata        0x0000000000804a98      0x4bc fb/helvR08.o
                0x0000000000804a98                font_helvR08
 .rodata        0x0000000000804f54      0x70c fb/helvB14.o
                0x0000000000804f54                font_helvB14
 .rodata        0x0000000000805660      0x5b0 fb/c64.o
                0x0000000000805660                font_c64
 .rodata        0x0000000000805c10       0x98 fb/symbols.o
                0x0000000000805c10                font_symbols
 .rodata        0x0000000000805ca8       0xa0 fb/fb_ssd1963.o
 .rodata.str1.4
                0x0000000000805d48       0x27 fb/fb_ssd1963.o
                                         0x28 (size before relaxing)
 *fill*         0x0000000000805d6f        0x1 00
 .rodata.str1.4
                0x0000000000805d70       0x4d calypso/libcalypso.a(clock.o)
                                         0x50 (size before relaxing)
 *fill*         0x0000000000805dbd        0x3 00
 .rodata.str1.4
                0x0000000000805dc0       0x1f calypso/libcalypso.a(keypad.o)
                                         0x20 (size before relaxing)
 *fill*         0x0000000000805ddf        0x1 00
 .rodata.str1.4
                0x0000000000805de0      0x10d calypso/libcalypso.a(misc.o)
                                        0x118 (size before relaxing)
 *fill*         0x0000000000805eed        0x3 00
 .rodata.str1.4
                0x0000000000805ef0       0x21 calypso/libcalypso.a(timer.o)
                                         0x24 (size before relaxing)
 *fill*         0x0000000000805f11        0x1 00
 .rodata        0x0000000000805f12       0x10 calypso/libcalypso.a(uart.o)
 *fill*         0x0000000000805f22        0x2 00
 .rodata.str1.4
                0x0000000000805f24       0x6d calypso/libcalypso.a(uart.o)
                                         0x70 (size before relaxing)
 *fill*         0x0000000000805f91        0x3 00
 .rodata        0x0000000000805f94       0x50 lib/libmini.a(vsprintf.o)
 .rodata.str1.4
                0x0000000000805fe4       0x73 comm/libcomm.a(sercomm.o)
                                         0x74 (size before relaxing)
 .rodata.str1.4
                0x0000000000806057        0x0 comm/libcomm.a(sercomm_cons.o)
                                         0x40 (size before relaxing)
 *fill*         0x0000000000806057        0x1 00
 .rodata.str1.4
                0x0000000000806058       0x19 comm/libcomm.a(msgb.o)
                                         0x1c (size before relaxing)
                0x00000000008048e4                PROVIDE (_rodata_start, LOADADDR (.rodata))
                0x0000000000806071                PROVIDE (_rodata_end, (LOADADDR (.rodata) + SIZEOF (.rodata)))
                0x0000000000806074                . = ALIGN (0x4)

.data           0x0000000000806074      0x198
 *(.data)
 .data          0x0000000000806074       0x1c apps/hello_world/main.o
                0x0000000000806074                hr
 .data          0x0000000000806090       0x10 fb/font.o
                0x0000000000806090                fb_fonts
 .data          0x00000000008060a0       0x4c fb/fb_ssd1963.o
                0x00000000008060a0                fb_rgb332
                0x00000000008060b0                framebuffer
 .data          0x00000000008060ec       0x15 calypso/libcalypso.a(irq.o)
 .data          0x0000000000806101      0x100 lib/libmini.a(ctype.o)
                0x0000000000806101                _ctype
 *fill*         0x0000000000806201        0x3 00
 .data          0x0000000000806204        0x8 comm/libcomm.a(timer.o)
                0x0000000000806074                PROVIDE (_data_start, LOADADDR (.data))
                0x000000000080620c                PROVIDE (_data_end, (LOADADDR (.data) + SIZEOF (.data)))
                0x000000000080620c                . = ALIGN (0x4)

.got            0x000000000080620c       0x14
 *(.got)
 .got           0x000000000080620c        0x8 ../../shared/libosmocore/build-target/src/.libs/libosmocore.a(msgb.o)
 *(.got.plt)
 .got.plt       0x0000000000806214        0xc ../../shared/libosmocore/build-target/src/.libs/libosmocore.a(msgb.o)
                0x0000000000806214                _GLOBAL_OFFSET_TABLE_
 *(.igot.plt)
 *(.got)
 *(.igot)
                0x000000000080620c                PROVIDE (_got_start, LOADADDR (.got))
                0x0000000000806220                PROVIDE (_got_end, (LOADADDR (.got) + SIZEOF (.got)))

.bss            0x0000000000810000     0x5c94
                0x0000000000810000                . = ALIGN (0x4)
                0x0000000000810000                __bss_start = .
 *(.bss)
 .bss           0x0000000000810000        0x8 abb/twl3025.o
 .bss           0x0000000000810008     0x1800 fb/fb_ssd1963.o
 .bss           0x0000000000811808       0x80 calypso/libcalypso.a(irq.o)
 .bss           0x0000000000811888        0x4 calypso/libcalypso.a(rtc.o)
 .bss           0x000000000081188c       0x24 calypso/libcalypso.a(keypad.o)
                0x000000000081188c                power_hold
                0x0000000000811890                lastbuttons
 .bss           0x00000000008118b0        0x1 calypso/libcalypso.a(uart.o)
 .bss           0x00000000008118b1      0x400 lib/libmini.a(printf.o)
 *fill*         0x0000000000811cb1        0x3 00
 .bss           0x0000000000811cb4     0x1010 lib/libmini.a(console.o)
 .bss           0x0000000000812cc4      0x62c comm/libcomm.a(sercomm.o)
 .bss           0x00000000008132f0        0x4 comm/libcomm.a(sercomm_cons.o)
 .bss           0x00000000008132f4        0x4 ../../shared/libosmocore/build-target/src/.libs/libosmocore.a(panic.o)
 .bss           0x00000000008132f8     0x2980 comm/libcomm.a(msgb.o)
 COMMON         0x0000000000815c78       0x14 battery/dummy.o
                0x0000000000815c78                battery_info
 COMMON         0x0000000000815c8c        0x4 comm/libcomm.a(timer.o)
                0x0000000000815c8c                jiffies
 COMMON         0x0000000000815c90        0x4 ../../shared/libosmocore/build-target/src/.libs/libosmocore.a(msgb.o)
                0x0000000000815c90                tall_msgb_ctx
                0x0000000000815c94                . = ALIGN (0x4)
                0x0000000000815c94                __bss_end = .
                0x0000000000810000                PROVIDE (_bss_start, __bss_start)
                0x0000000000815c94                PROVIDE (_bss_end, __bss_end)
                0x0000000000815c94                . = ALIGN (0x4)
                0x0000000000815c94                _end = .
                0x0000000000815c94                PROVIDE (end, .)

.rel.dyn
START GROUP
LOAD apps/hello_world/main.o
LOAD abb/twl3025.o
LOAD rf/trf6151.o
LOAD flash/cfi_flash.o
LOAD board/common/calypso_uart.o
LOAD board/common/calypso_pwl.o
LOAD board/common/tx_calchan.o
LOAD board/compal/rffe_dualband.o
LOAD board/compal/rf_tables.o
LOAD board/compal/readcal_common.o
LOAD board/se_j100/init.o
LOAD board/compal/readcal_small.o
LOAD board/se_j100/tx_ramps.o
LOAD battery/dummy.o
LOAD fb/framebuffer.o
LOAD fb/font.o
LOAD fb/helvR08.o
LOAD fb/helvB14.o
LOAD fb/c64.o
LOAD fb/symbols.o
LOAD fb/fb_rgb332.o
LOAD fb/fb_ssd1963.o
LOAD board/compal/start.ram.o
LOAD board/compal/exceptions_redirected.o
LOAD board/compal/handlers.o
LOAD board/se_j100/hello_world.compalram.manifest.o
LOAD calypso/libcalypso.a
LOAD layer1/liblayer1.a
LOAD lib/libmini.a
LOAD comm/libcomm.a
LOAD tiffs/libtiffs.a
LOAD ../../shared/libosmocore/build-target/src/.libs/libosmocore.a
LOAD ../../shared/libosmocore/build-target/src/gsm/.libs/libosmogsm.a
LOAD ../../shared/libosmocore/build-target/src/codec/.libs/libosmocodec.a
END GROUP
OUTPUT(board/se_j100/hello_world.compalram.elf elf32-littlearm)

.debug_abbrev   0x0000000000000000     0x34db
 .debug_abbrev  0x0000000000000000      0x270 apps/hello_world/main.o
 .debug_abbrev  0x0000000000000270      0x290 abb/twl3025.o
 .debug_abbrev  0x0000000000000500      0x25f rf/trf6151.o
 .debug_abbrev  0x000000000000075f      0x285 flash/cfi_flash.o
 .debug_abbrev  0x00000000000009e4       0x78 board/common/tx_calchan.o
 .debug_abbrev  0x0000000000000a5c       0xf5 board/compal/rffe_dualband.o
 .debug_abbrev  0x0000000000000b51       0x87 board/compal/rf_tables.o
 .debug_abbrev  0x0000000000000bd8      0x115 board/compal/readcal_common.o
 .debug_abbrev  0x0000000000000ced      0x14d board/se_j100/init.o
 .debug_abbrev  0x0000000000000e3a       0x3b board/compal/readcal_small.o
 .debug_abbrev  0x0000000000000e75       0x89 board/se_j100/tx_ramps.o
 .debug_abbrev  0x0000000000000efe       0x75 battery/dummy.o
 .debug_abbrev  0x0000000000000f73       0xc0 fb/framebuffer.o
 .debug_abbrev  0x0000000000001033       0xe2 fb/font.o
 .debug_abbrev  0x0000000000001115       0xaf fb/helvR08.o
 .debug_abbrev  0x00000000000011c4       0xaf fb/helvB14.o
 .debug_abbrev  0x0000000000001273       0xaf fb/c64.o
 .debug_abbrev  0x0000000000001322       0x97 fb/symbols.o
 .debug_abbrev  0x00000000000013b9      0x245 fb/fb_rgb332.o
 .debug_abbrev  0x00000000000015fe      0x182 fb/fb_ssd1963.o
 .debug_abbrev  0x0000000000001780       0x40 board/se_j100/hello_world.compalram.manifest.o
 .debug_abbrev  0x00000000000017c0      0x137 calypso/libcalypso.a(clock.o)
 .debug_abbrev  0x00000000000018f7       0x25 calypso/libcalypso.a(dma.o)
 .debug_abbrev  0x000000000000191c      0x196 calypso/libcalypso.a(irq.o)
 .debug_abbrev  0x0000000000001ab2       0x86 calypso/libcalypso.a(rtc.o)
 .debug_abbrev  0x0000000000001b38       0xbf calypso/libcalypso.a(spi.o)
 .debug_abbrev  0x0000000000001bf7      0x222 calypso/libcalypso.a(tpu.o)
 .debug_abbrev  0x0000000000001e19       0xe1 calypso/libcalypso.a(tsp.o)
 .debug_abbrev  0x0000000000001efa      0x136 calypso/libcalypso.a(keypad.o)
 .debug_abbrev  0x0000000000002030       0xa4 calypso/libcalypso.a(misc.o)
 .debug_abbrev  0x00000000000020d4       0xfd calypso/libcalypso.a(timer.o)
 .debug_abbrev  0x00000000000021d1       0x8c calypso/libcalypso.a(backlight.o)
 .debug_abbrev  0x000000000000225d      0x1dc calypso/libcalypso.a(uart.o)
 .debug_abbrev  0x0000000000002439       0xef calypso/libcalypso.a(uwire.o)
 .debug_abbrev  0x0000000000002528       0x74 calypso/libcalypso.a(arm.o)
 .debug_abbrev  0x000000000000259c      0x25a lib/libmini.a(vsprintf.o)
 .debug_abbrev  0x00000000000027f6       0xa8 lib/libmini.a(string.o)
 .debug_abbrev  0x000000000000289e       0x42 lib/libmini.a(ctype.o)
 .debug_abbrev  0x00000000000028e0       0xb6 lib/libmini.a(printf.o)
 .debug_abbrev  0x0000000000002996      0x1e4 lib/libmini.a(console.o)
 .debug_abbrev  0x0000000000002b7a       0x81 lib/libmini.a(ctors.o)
 .debug_abbrev  0x0000000000002bfb       0x6c lib/libmini.a(delay.o)
 .debug_abbrev  0x0000000000002c67      0x2ab comm/libcomm.a(sercomm.o)
 .debug_abbrev  0x0000000000002f12      0x24f comm/libcomm.a(sercomm_cons.o)
 .debug_abbrev  0x0000000000003161      0x1f9 comm/libcomm.a(timer.o)
 .debug_abbrev  0x000000000000335a      0x181 comm/libcomm.a(msgb.o)

.debug_info     0x0000000000000000     0x8eae
 .debug_info    0x0000000000000000      0x8f8 apps/hello_world/main.o
 .debug_info    0x00000000000008f8      0x5fc abb/twl3025.o
 .debug_info    0x0000000000000ef4      0x887 rf/trf6151.o
 .debug_info    0x000000000000177b      0x95d flash/cfi_flash.o
 .debug_info    0x00000000000020d8      0x110 board/common/tx_calchan.o
 .debug_info    0x00000000000021e8      0x275 board/compal/rffe_dualband.o
 .debug_info    0x000000000000245d      0x147 board/compal/rf_tables.o
 .debug_info    0x00000000000025a4      0x225 board/compal/readcal_common.o
 .debug_info    0x00000000000027c9      0x2a1 board/se_j100/init.o
 .debug_info    0x0000000000002a6a       0x78 board/compal/readcal_small.o
 .debug_info    0x0000000000002ae2      0x122 board/se_j100/tx_ramps.o
 .debug_info    0x0000000000002c04       0xc2 battery/dummy.o
 .debug_info    0x0000000000002cc6      0x1fc fb/framebuffer.o
 .debug_info    0x0000000000002ec2      0x23a fb/font.o
 .debug_info    0x00000000000030fc      0x186 fb/helvR08.o
 .debug_info    0x0000000000003282      0x186 fb/helvB14.o
 .debug_info    0x0000000000003408      0x186 fb/c64.o
 .debug_info    0x000000000000358e      0x183 fb/symbols.o
 .debug_info    0x0000000000003711      0x801 fb/fb_rgb332.o
 .debug_info    0x0000000000003f12      0x46c fb/fb_ssd1963.o
 .debug_info    0x000000000000437e       0x80 board/se_j100/hello_world.compalram.manifest.o
 .debug_info    0x00000000000043fe      0x402 calypso/libcalypso.a(clock.o)
 .debug_info    0x0000000000004800       0x32 calypso/libcalypso.a(dma.o)
 .debug_info    0x0000000000004832      0x41f calypso/libcalypso.a(irq.o)
 .debug_info    0x0000000000004c51      0x14c calypso/libcalypso.a(rtc.o)
 .debug_info    0x0000000000004d9d      0x132 calypso/libcalypso.a(spi.o)
 .debug_info    0x0000000000004ecf      0x46a calypso/libcalypso.a(tpu.o)
 .debug_info    0x0000000000005339      0x2a9 calypso/libcalypso.a(tsp.o)
 .debug_info    0x00000000000055e2      0x434 calypso/libcalypso.a(keypad.o)
 .debug_info    0x0000000000005a16      0x110 calypso/libcalypso.a(misc.o)
 .debug_info    0x0000000000005b26      0x290 calypso/libcalypso.a(timer.o)
 .debug_info    0x0000000000005db6       0xd0 calypso/libcalypso.a(backlight.o)
 .debug_info    0x0000000000005e86      0x689 calypso/libcalypso.a(uart.o)
 .debug_info    0x000000000000650f      0x1ae calypso/libcalypso.a(uwire.o)
 .debug_info    0x00000000000066bd       0x8b calypso/libcalypso.a(arm.o)
 .debug_info    0x0000000000006748      0xa94 lib/libmini.a(vsprintf.o)
 .debug_info    0x00000000000071dc      0x11d lib/libmini.a(string.o)
 .debug_info    0x00000000000072f9       0x56 lib/libmini.a(ctype.o)
 .debug_info    0x000000000000734f       0xfe lib/libmini.a(printf.o)
 .debug_info    0x000000000000744d      0x383 lib/libmini.a(console.o)
 .debug_info    0x00000000000077d0       0x98 lib/libmini.a(ctors.o)
 .debug_info    0x0000000000007868       0x8e lib/libmini.a(delay.o)
 .debug_info    0x00000000000078f6      0x81a comm/libcomm.a(sercomm.o)
 .debug_info    0x0000000000008110      0x50e comm/libcomm.a(sercomm_cons.o)
 .debug_info    0x000000000000861e      0x57d comm/libcomm.a(timer.o)
 .debug_info    0x0000000000008b9b      0x313 comm/libcomm.a(msgb.o)

.debug_line     0x0000000000000000     0x3504
 .debug_line    0x0000000000000000      0x2c0 apps/hello_world/main.o
 .debug_line    0x00000000000002c0      0x2ef abb/twl3025.o
 .debug_line    0x00000000000005af      0x30e rf/trf6151.o
 .debug_line    0x00000000000008bd      0x1bf flash/cfi_flash.o
 .debug_line    0x0000000000000a7c       0xa3 board/common/tx_calchan.o
 .debug_line    0x0000000000000b1f      0x178 board/compal/rffe_dualband.o
 .debug_line    0x0000000000000c97       0xa2 board/compal/rf_tables.o
 .debug_line    0x0000000000000d39       0xf5 board/compal/readcal_common.o
 .debug_line    0x0000000000000e2e      0x126 board/se_j100/init.o
 .debug_line    0x0000000000000f54       0x4a board/compal/readcal_small.o
 .debug_line    0x0000000000000f9e       0xa2 board/se_j100/tx_ramps.o
 .debug_line    0x0000000000001040       0x59 battery/dummy.o
 .debug_line    0x0000000000001099       0x96 fb/framebuffer.o
 .debug_line    0x000000000000112f       0xad fb/font.o
 .debug_line    0x00000000000011dc       0x95 fb/helvR08.o
 .debug_line    0x0000000000001271       0x95 fb/helvB14.o
 .debug_line    0x0000000000001306       0x91 fb/c64.o
 .debug_line    0x0000000000001397       0x95 fb/symbols.o
 .debug_line    0x000000000000142c      0x24d fb/fb_rgb332.o
 .debug_line    0x0000000000001679      0x125 fb/fb_ssd1963.o
 .debug_line    0x000000000000179e       0x2e board/se_j100/hello_world.compalram.manifest.o
 .debug_line    0x00000000000017cc      0x191 calypso/libcalypso.a(clock.o)
 .debug_line    0x000000000000195d       0x3c calypso/libcalypso.a(dma.o)
 .debug_line    0x0000000000001999      0x178 calypso/libcalypso.a(irq.o)
 .debug_line    0x0000000000001b11       0x6c calypso/libcalypso.a(rtc.o)
 .debug_line    0x0000000000001b7d       0xd0 calypso/libcalypso.a(spi.o)
 .debug_line    0x0000000000001c4d      0x24a calypso/libcalypso.a(tpu.o)
 .debug_line    0x0000000000001e97      0x172 calypso/libcalypso.a(tsp.o)
 .debug_line    0x0000000000002009      0x194 calypso/libcalypso.a(keypad.o)
 .debug_line    0x000000000000219d       0x78 calypso/libcalypso.a(misc.o)
 .debug_line    0x0000000000002215      0x154 calypso/libcalypso.a(timer.o)
 .debug_line    0x0000000000002369       0xbd calypso/libcalypso.a(backlight.o)
 .debug_line    0x0000000000002426      0x280 calypso/libcalypso.a(uart.o)
 .debug_line    0x00000000000026a6       0xdd calypso/libcalypso.a(uwire.o)
 .debug_line    0x0000000000002783       0x49 calypso/libcalypso.a(arm.o)
 .debug_line    0x00000000000027cc      0x38a lib/libmini.a(vsprintf.o)
 .debug_line    0x0000000000002b56       0x9f lib/libmini.a(string.o)
 .debug_line    0x0000000000002bf5       0x29 lib/libmini.a(ctype.o)
 .debug_line    0x0000000000002c1e       0x7d lib/libmini.a(printf.o)
 .debug_line    0x0000000000002c9b      0x122 lib/libmini.a(console.o)
 .debug_line    0x0000000000002dbd       0x3b lib/libmini.a(ctors.o)
 .debug_line    0x0000000000002df8       0x4e lib/libmini.a(delay.o)
 .debug_line    0x0000000000002e46      0x2bb comm/libcomm.a(sercomm.o)
 .debug_line    0x0000000000003101      0x18c comm/libcomm.a(sercomm_cons.o)
 .debug_line    0x000000000000328d      0x177 comm/libcomm.a(timer.o)
 .debug_line    0x0000000000003404      0x100 comm/libcomm.a(msgb.o)

.debug_frame    0x0000000000000000     0x15b8
 .debug_frame   0x0000000000000000       0xc4 apps/hello_world/main.o
 .debug_frame   0x00000000000000c4      0x1dc abb/twl3025.o
 .debug_frame   0x00000000000002a0      0x18c rf/trf6151.o
 .debug_frame   0x000000000000042c       0xc4 flash/cfi_flash.o
 .debug_frame   0x00000000000004f0       0xb8 board/compal/rffe_dualband.o
 .debug_frame   0x00000000000005a8       0x40 board/compal/readcal_common.o
 .debug_frame   0x00000000000005e8       0x30 board/se_j100/init.o
 .debug_frame   0x0000000000000618       0x20 board/compal/readcal_small.o
 .debug_frame   0x0000000000000638       0x20 battery/dummy.o
 .debug_frame   0x0000000000000658       0x20 fb/font.o
 .debug_frame   0x0000000000000678      0x100 fb/fb_rgb332.o
 .debug_frame   0x0000000000000778       0x68 fb/fb_ssd1963.o
 .debug_frame   0x00000000000007e0       0xc0 calypso/libcalypso.a(clock.o)
 .debug_frame   0x00000000000008a0       0x20 calypso/libcalypso.a(dma.o)
 .debug_frame   0x00000000000008c0       0xb8 calypso/libcalypso.a(irq.o)
 .debug_frame   0x0000000000000978       0x38 calypso/libcalypso.a(rtc.o)
 .debug_frame   0x00000000000009b0       0x3c calypso/libcalypso.a(spi.o)
 .debug_frame   0x00000000000009ec      0x150 calypso/libcalypso.a(tpu.o)
 .debug_frame   0x0000000000000b3c       0xc0 calypso/libcalypso.a(tsp.o)
 .debug_frame   0x0000000000000bfc       0xa4 calypso/libcalypso.a(keypad.o)
 .debug_frame   0x0000000000000ca0       0x5c calypso/libcalypso.a(misc.o)
 .debug_frame   0x0000000000000cfc       0xa0 calypso/libcalypso.a(timer.o)
 .debug_frame   0x0000000000000d9c       0x30 calypso/libcalypso.a(backlight.o)
 .debug_frame   0x0000000000000dcc      0x174 calypso/libcalypso.a(uart.o)
 .debug_frame   0x0000000000000f40       0x30 calypso/libcalypso.a(uwire.o)
 .debug_frame   0x0000000000000f70       0x30 calypso/libcalypso.a(arm.o)
 .debug_frame   0x0000000000000fa0      0x1d0 lib/libmini.a(vsprintf.o)
 .debug_frame   0x0000000000001170       0x30 lib/libmini.a(string.o)
 .debug_frame   0x00000000000011a0       0x38 lib/libmini.a(printf.o)
 .debug_frame   0x00000000000011d8       0xfc lib/libmini.a(console.o)
 .debug_frame   0x00000000000012d4       0x2c lib/libmini.a(ctors.o)
 .debug_frame   0x0000000000001300       0x38 lib/libmini.a(delay.o)
 .debug_frame   0x0000000000001338      0x10c comm/libcomm.a(sercomm.o)
 .debug_frame   0x0000000000001444       0x84 comm/libcomm.a(sercomm_cons.o)
 .debug_frame   0x00000000000014c8       0xb0 comm/libcomm.a(timer.o)
 .debug_frame   0x0000000000001578       0x40 comm/libcomm.a(msgb.o)

.debug_loc      0x0000000000000000     0x38e3
 .debug_loc     0x0000000000000000       0xf3 apps/hello_world/main.o
 .debug_loc     0x00000000000000f3      0x331 abb/twl3025.o
 .debug_loc     0x0000000000000424      0x47f rf/trf6151.o
 .debug_loc     0x00000000000008a3      0x252 flash/cfi_flash.o
 .debug_loc     0x0000000000000af5       0xc1 board/compal/rffe_dualband.o
 .debug_loc     0x0000000000000bb6       0x44 board/compal/readcal_common.o
 .debug_loc     0x0000000000000bfa       0x72 board/se_j100/init.o
 .debug_loc     0x0000000000000c6c       0x31 fb/font.o
 .debug_loc     0x0000000000000c9d      0x4f8 fb/fb_rgb332.o
 .debug_loc     0x0000000000001195       0x8f fb/fb_ssd1963.o
 .debug_loc     0x0000000000001224      0x1fd calypso/libcalypso.a(clock.o)
 .debug_loc     0x0000000000001421      0x11e calypso/libcalypso.a(irq.o)
 .debug_loc     0x000000000000153f      0x10c calypso/libcalypso.a(spi.o)
 .debug_loc     0x000000000000164b      0x1dd calypso/libcalypso.a(tpu.o)
 .debug_loc     0x0000000000001828      0x1bc calypso/libcalypso.a(tsp.o)
 .debug_loc     0x00000000000019e4       0xbf calypso/libcalypso.a(keypad.o)
 .debug_loc     0x0000000000001aa3       0x31 calypso/libcalypso.a(misc.o)
 .debug_loc     0x0000000000001ad4      0x103 calypso/libcalypso.a(timer.o)
 .debug_loc     0x0000000000001bd7       0x34 calypso/libcalypso.a(backlight.o)
 .debug_loc     0x0000000000001c0b      0x39f calypso/libcalypso.a(uart.o)
 .debug_loc     0x0000000000001faa       0xc2 calypso/libcalypso.a(uwire.o)
 .debug_loc     0x000000000000206c       0x13 calypso/libcalypso.a(arm.o)
 .debug_loc     0x000000000000207f     0x10d5 lib/libmini.a(vsprintf.o)
 .debug_loc     0x0000000000003154       0x62 lib/libmini.a(string.o)
 .debug_loc     0x00000000000031b6       0x3f lib/libmini.a(printf.o)
 .debug_loc     0x00000000000031f5      0x1b6 lib/libmini.a(console.o)
 .debug_loc     0x00000000000033ab       0x3c lib/libmini.a(ctors.o)
 .debug_loc     0x00000000000033e7       0x66 lib/libmini.a(delay.o)
 .debug_loc     0x000000000000344d      0x168 comm/libcomm.a(sercomm.o)
 .debug_loc     0x00000000000035b5      0x1aa comm/libcomm.a(sercomm_cons.o)
 .debug_loc     0x000000000000375f       0xf9 comm/libcomm.a(timer.o)
 .debug_loc     0x0000000000003858       0x8b comm/libcomm.a(msgb.o)

.debug_pubnames
                0x0000000000000000     0x12af
 .debug_pubnames
                0x0000000000000000       0x49 apps/hello_world/main.o
 .debug_pubnames
                0x0000000000000049      0x16b abb/twl3025.o
 .debug_pubnames
                0x00000000000001b4      0x164 rf/trf6151.o
 .debug_pubnames
                0x0000000000000318       0xb7 flash/cfi_flash.o
 .debug_pubnames
                0x00000000000003cf       0x70 board/common/tx_calchan.o
 .debug_pubnames
                0x000000000000043f       0xd6 board/compal/rffe_dualband.o
 .debug_pubnames
                0x0000000000000515       0x90 board/compal/rf_tables.o
 .debug_pubnames
                0x00000000000005a5       0x32 board/compal/readcal_common.o
 .debug_pubnames
                0x00000000000005d7       0x21 board/se_j100/init.o
 .debug_pubnames
                0x00000000000005f8       0x32 board/compal/readcal_small.o
 .debug_pubnames
                0x000000000000062a       0x73 board/se_j100/tx_ramps.o
 .debug_pubnames
                0x000000000000069d       0x3a battery/dummy.o
 .debug_pubnames
                0x00000000000006d7       0x34 fb/font.o
 .debug_pubnames
                0x000000000000070b       0x23 fb/helvR08.o
 .debug_pubnames
                0x000000000000072e       0x23 fb/helvB14.o
 .debug_pubnames
                0x0000000000000751       0x1f fb/c64.o
 .debug_pubnames
                0x0000000000000770       0x23 fb/symbols.o
 .debug_pubnames
                0x0000000000000793       0x64 fb/fb_rgb332.o
 .debug_pubnames
                0x00000000000007f7       0x30 fb/fb_ssd1963.o
 .debug_pubnames
                0x0000000000000827       0x6d board/se_j100/hello_world.compalram.manifest.o
 .debug_pubnames
                0x0000000000000894       0xd0 calypso/libcalypso.a(clock.o)
 .debug_pubnames
                0x0000000000000964       0x1f calypso/libcalypso.a(dma.o)
 .debug_pubnames
                0x0000000000000983       0x95 calypso/libcalypso.a(irq.o)
 .debug_pubnames
                0x0000000000000a18       0x1f calypso/libcalypso.a(rtc.o)
 .debug_pubnames
                0x0000000000000a37       0x2c calypso/libcalypso.a(spi.o)
 .debug_pubnames
                0x0000000000000a63      0x12d calypso/libcalypso.a(tpu.o)
 .debug_pubnames
                0x0000000000000b90       0x9a calypso/libcalypso.a(tsp.o)
 .debug_pubnames
                0x0000000000000c2a       0x8a calypso/libcalypso.a(keypad.o)
 .debug_pubnames
                0x0000000000000cb4       0x41 calypso/libcalypso.a(misc.o)
 .debug_pubnames
                0x0000000000000cf5       0x8a calypso/libcalypso.a(timer.o)
 .debug_pubnames
                0x0000000000000d7f       0x2f calypso/libcalypso.a(backlight.o)
 .debug_pubnames
                0x0000000000000dae       0xa3 calypso/libcalypso.a(uart.o)
 .debug_pubnames
                0x0000000000000e51       0x30 calypso/libcalypso.a(uwire.o)
 .debug_pubnames
                0x0000000000000e81       0x47 calypso/libcalypso.a(arm.o)
 .debug_pubnames
                0x0000000000000ec8       0xb3 lib/libmini.a(vsprintf.o)
 .debug_pubnames
                0x0000000000000f7b       0x29 lib/libmini.a(string.o)
 .debug_pubnames
                0x0000000000000fa4       0x1d lib/libmini.a(ctype.o)
 .debug_pubnames
                0x0000000000000fc1       0x1d lib/libmini.a(printf.o)
 .debug_pubnames
                0x0000000000000fde       0x89 lib/libmini.a(console.o)
 .debug_pubnames
                0x0000000000001067       0x26 lib/libmini.a(ctors.o)
 .debug_pubnames
                0x000000000000108d       0x2c lib/libmini.a(delay.o)
 .debug_pubnames
                0x00000000000010b9       0xdd comm/libcomm.a(sercomm.o)
 .debug_pubnames
                0x0000000000001196       0x37 comm/libcomm.a(sercomm_cons.o)
 .debug_pubnames
                0x00000000000011cd       0xaf comm/libcomm.a(timer.o)
 .debug_pubnames
                0x000000000000127c       0x33 comm/libcomm.a(msgb.o)

.debug_aranges  0x0000000000000000      0xb80
 .debug_aranges
                0x0000000000000000       0x58 apps/hello_world/main.o
 .debug_aranges
                0x0000000000000058       0xc0 abb/twl3025.o
 .debug_aranges
                0x0000000000000118       0xb0 rf/trf6151.o
 .debug_aranges
                0x00000000000001c8       0x60 flash/cfi_flash.o
 .debug_aranges
                0x0000000000000228       0x68 board/compal/rffe_dualband.o
 .debug_aranges
                0x0000000000000290       0x30 board/compal/readcal_common.o
 .debug_aranges
                0x00000000000002c0       0x28 board/se_j100/init.o
 .debug_aranges
                0x00000000000002e8       0x28 board/compal/readcal_small.o
 .debug_aranges
                0x0000000000000310       0x28 battery/dummy.o
 .debug_aranges
                0x0000000000000338       0x28 fb/font.o
 .debug_aranges
                0x0000000000000360       0x68 fb/fb_rgb332.o
 .debug_aranges
                0x00000000000003c8       0x38 fb/fb_ssd1963.o
 .debug_aranges
                0x0000000000000400       0x70 calypso/libcalypso.a(clock.o)
 .debug_aranges
                0x0000000000000470       0x28 calypso/libcalypso.a(dma.o)
 .debug_aranges
                0x0000000000000498       0x68 calypso/libcalypso.a(irq.o)
 .debug_aranges
                0x0000000000000500       0x30 calypso/libcalypso.a(rtc.o)
 .debug_aranges
                0x0000000000000530       0x30 calypso/libcalypso.a(spi.o)
 .debug_aranges
                0x0000000000000560       0xa8 calypso/libcalypso.a(tpu.o)
 .debug_aranges
                0x0000000000000608       0x68 calypso/libcalypso.a(tsp.o)
 .debug_aranges
                0x0000000000000670       0x50 calypso/libcalypso.a(keypad.o)
 .debug_aranges
                0x00000000000006c0       0x38 calypso/libcalypso.a(misc.o)
 .debug_aranges
                0x00000000000006f8       0x60 calypso/libcalypso.a(timer.o)
 .debug_aranges
                0x0000000000000758       0x30 calypso/libcalypso.a(backlight.o)
 .debug_aranges
                0x0000000000000788       0x98 calypso/libcalypso.a(uart.o)
 .debug_aranges
                0x0000000000000820       0x30 calypso/libcalypso.a(uwire.o)
 .debug_aranges
                0x0000000000000850       0x30 calypso/libcalypso.a(arm.o)
 .debug_aranges
                0x0000000000000880       0x98 lib/libmini.a(vsprintf.o)
 .debug_aranges
                0x0000000000000918       0x30 lib/libmini.a(string.o)
 .debug_aranges
                0x0000000000000948       0x28 lib/libmini.a(printf.o)
 .debug_aranges
                0x0000000000000970       0x68 lib/libmini.a(console.o)
 .debug_aranges
                0x00000000000009d8       0x28 lib/libmini.a(ctors.o)
 .debug_aranges
                0x0000000000000a00       0x30 lib/libmini.a(delay.o)
 .debug_aranges
                0x0000000000000a30       0x80 comm/libcomm.a(sercomm.o)
 .debug_aranges
                0x0000000000000ab0       0x40 comm/libcomm.a(sercomm_cons.o)
 .debug_aranges
                0x0000000000000af0       0x60 comm/libcomm.a(timer.o)
 .debug_aranges
                0x0000000000000b50       0x30 comm/libcomm.a(msgb.o)

.debug_str      0x0000000000000000     0x25ec
 .debug_str     0x0000000000000000      0x3f0 apps/hello_world/main.o
                                        0x4ae (size before relaxing)
 .debug_str     0x00000000000003f0      0x39c abb/twl3025.o
                                        0x4a6 (size before relaxing)
 .debug_str     0x000000000000078c      0x2ee rf/trf6151.o
                                        0x449 (size before relaxing)
 .debug_str     0x0000000000000a7a      0x319 flash/cfi_flash.o
                                        0x428 (size before relaxing)
 .debug_str     0x0000000000000d93       0x83 board/common/tx_calchan.o
                                        0x161 (size before relaxing)
 .debug_str     0x0000000000000e16      0x115 board/compal/rffe_dualband.o
                                        0x240 (size before relaxing)
 .debug_str     0x0000000000000f2b       0xa8 board/compal/rf_tables.o
                                        0x185 (size before relaxing)
 .debug_str     0x0000000000000fd3       0xc9 board/compal/readcal_common.o
                                        0x220 (size before relaxing)
 .debug_str     0x000000000000109c       0x46 board/se_j100/init.o
                                        0x1e2 (size before relaxing)
 .debug_str     0x00000000000010e2       0x39 board/compal/readcal_small.o
                                         0xfd (size before relaxing)
 .debug_str     0x000000000000111b       0x87 board/se_j100/tx_ramps.o
                                        0x153 (size before relaxing)
 .debug_str     0x00000000000011a2       0x23 battery/dummy.o
                                        0x10b (size before relaxing)
 .debug_str     0x00000000000011c5       0x11 fb/framebuffer.o
                                        0x1a5 (size before relaxing)
 .debug_str     0x00000000000011d6       0xb3 fb/font.o
                                        0x1ab (size before relaxing)
 .debug_str     0x0000000000001289       0x34 fb/helvR08.o
                                        0x164 (size before relaxing)
 .debug_str     0x00000000000012bd       0x34 fb/helvB14.o
                                        0x164 (size before relaxing)
 .debug_str     0x00000000000012f1       0x28 fb/c64.o
                                        0x154 (size before relaxing)
 .debug_str     0x0000000000001319       0x34 fb/symbols.o
                                        0x164 (size before relaxing)
 .debug_str     0x000000000000134d      0x18b fb/fb_rgb332.o
                                        0x3b0 (size before relaxing)
 .debug_str     0x00000000000014d8       0xe6 fb/fb_ssd1963.o
                                        0x2be (size before relaxing)
 .debug_str     0x00000000000015be       0x5c board/se_j100/hello_world.compalram.manifest.o
                                         0xa1 (size before relaxing)
 .debug_str     0x000000000000161a      0x278 calypso/libcalypso.a(clock.o)
                                        0x38d (size before relaxing)
 .debug_str     0x0000000000001892       0x17 calypso/libcalypso.a(dma.o)
                                         0x57 (size before relaxing)
 .debug_str     0x00000000000018a9       0xd7 calypso/libcalypso.a(irq.o)
                                        0x313 (size before relaxing)
 .debug_str     0x0000000000001980       0x2d calypso/libcalypso.a(rtc.o)
                                        0x218 (size before relaxing)
 .debug_str     0x00000000000019ad       0x57 calypso/libcalypso.a(spi.o)
                                        0x131 (size before relaxing)
 .debug_str     0x0000000000001a04      0x14b calypso/libcalypso.a(tpu.o)
                                        0x264 (size before relaxing)
 .debug_str     0x0000000000001b4f       0xbb calypso/libcalypso.a(tsp.o)
                                        0x1cb (size before relaxing)
 .debug_str     0x0000000000001c0a       0xe8 calypso/libcalypso.a(keypad.o)
                                        0x41c (size before relaxing)
 .debug_str     0x0000000000001cf2       0x32 calypso/libcalypso.a(misc.o)
                                         0xfb (size before relaxing)
 .debug_str     0x0000000000001d24       0x8b calypso/libcalypso.a(timer.o)
                                        0x287 (size before relaxing)
 .debug_str     0x0000000000001daf       0x29 calypso/libcalypso.a(backlight.o)
                                        0x104 (size before relaxing)
 .debug_str     0x0000000000001dd8      0x1f6 calypso/libcalypso.a(uart.o)
                                        0x407 (size before relaxing)
 .debug_str     0x0000000000001fce       0x32 calypso/libcalypso.a(uwire.o)
                                        0x115 (size before relaxing)
 .debug_str     0x0000000000002000       0x3b calypso/libcalypso.a(arm.o)
                                         0x92 (size before relaxing)
 .debug_str     0x000000000000203b       0xf9 lib/libmini.a(vsprintf.o)
                                        0x224 (size before relaxing)
 .debug_str     0x0000000000002134       0x1c lib/libmini.a(string.o)
                                         0xf9 (size before relaxing)
 .debug_str     0x0000000000002150        0xc lib/libmini.a(ctype.o)
                                         0x73 (size before relaxing)
 .debug_str     0x000000000000215c       0x1b lib/libmini.a(printf.o)
                                        0x107 (size before relaxing)
 .debug_str     0x0000000000002177       0xe4 lib/libmini.a(console.o)
                                        0x1e2 (size before relaxing)
 .debug_str     0x000000000000225b       0x41 lib/libmini.a(ctors.o)
                                         0x92 (size before relaxing)
 .debug_str     0x000000000000229c       0x1e lib/libmini.a(delay.o)
                                         0x6b (size before relaxing)
 .debug_str     0x00000000000022ba      0x1c3 comm/libcomm.a(sercomm.o)
                                        0x345 (size before relaxing)
 .debug_str     0x000000000000247d       0x5d comm/libcomm.a(sercomm_cons.o)
                                        0x212 (size before relaxing)
 .debug_str     0x00000000000024da       0xca comm/libcomm.a(timer.o)
                                        0x34a (size before relaxing)
 .debug_str     0x00000000000025a4       0x48 comm/libcomm.a(msgb.o)
                                        0x190 (size before relaxing)

.comment        0x0000000000000000      0x372
 .comment       0x0000000000000000       0x12 apps/hello_world/main.o
 .comment       0x0000000000000012       0x12 abb/twl3025.o
 .comment       0x0000000000000024       0x12 rf/trf6151.o
 .comment       0x0000000000000036       0x12 flash/cfi_flash.o
 .comment       0x0000000000000048       0x12 board/common/tx_calchan.o
 .comment       0x000000000000005a       0x12 board/compal/rffe_dualband.o
 .comment       0x000000000000006c       0x12 board/compal/rf_tables.o
 .comment       0x000000000000007e       0x12 board/compal/readcal_common.o
 .comment       0x0000000000000090       0x12 board/se_j100/init.o
 .comment       0x00000000000000a2       0x12 board/compal/readcal_small.o
 .comment       0x00000000000000b4       0x12 board/se_j100/tx_ramps.o
 .comment       0x00000000000000c6       0x12 battery/dummy.o
 .comment       0x00000000000000d8       0x12 fb/framebuffer.o
 .comment       0x00000000000000ea       0x12 fb/font.o
 .comment       0x00000000000000fc       0x12 fb/helvR08.o
 .comment       0x000000000000010e       0x12 fb/helvB14.o
 .comment       0x0000000000000120       0x12 fb/c64.o
 .comment       0x0000000000000132       0x12 fb/symbols.o
 .comment       0x0000000000000144       0x12 fb/fb_rgb332.o
 .comment       0x0000000000000156       0x12 fb/fb_ssd1963.o
 .comment       0x0000000000000168       0x12 board/se_j100/hello_world.compalram.manifest.o
 .comment       0x000000000000017a       0x12 calypso/libcalypso.a(clock.o)
 .comment       0x000000000000018c       0x12 calypso/libcalypso.a(dma.o)
 .comment       0x000000000000019e       0x12 calypso/libcalypso.a(irq.o)
 .comment       0x00000000000001b0       0x12 calypso/libcalypso.a(rtc.o)
 .comment       0x00000000000001c2       0x12 calypso/libcalypso.a(spi.o)
 .comment       0x00000000000001d4       0x12 calypso/libcalypso.a(tpu.o)
 .comment       0x00000000000001e6       0x12 calypso/libcalypso.a(tsp.o)
 .comment       0x00000000000001f8       0x12 calypso/libcalypso.a(keypad.o)
 .comment       0x000000000000020a       0x12 calypso/libcalypso.a(misc.o)
 .comment       0x000000000000021c       0x12 calypso/libcalypso.a(timer.o)
 .comment       0x000000000000022e       0x12 calypso/libcalypso.a(backlight.o)
 .comment       0x0000000000000240       0x12 calypso/libcalypso.a(uart.o)
 .comment       0x0000000000000252       0x12 calypso/libcalypso.a(uwire.o)
 .comment       0x0000000000000264       0x12 calypso/libcalypso.a(arm.o)
 .comment       0x0000000000000276       0x12 lib/libmini.a(vsprintf.o)
 .comment       0x0000000000000288       0x12 lib/libmini.a(string.o)
 .comment       0x000000000000029a       0x12 lib/libmini.a(ctype.o)
 .comment       0x00000000000002ac       0x12 lib/libmini.a(printf.o)
 .comment       0x00000000000002be       0x12 lib/libmini.a(console.o)
 .comment       0x00000000000002d0       0x12 lib/libmini.a(ctors.o)
 .comment       0x00000000000002e2       0x12 lib/libmini.a(delay.o)
 .comment       0x00000000000002f4       0x12 comm/libcomm.a(sercomm.o)
 .comment       0x0000000000000306       0x12 comm/libcomm.a(sercomm_cons.o)
 .comment       0x0000000000000318       0x12 comm/libcomm.a(timer.o)
 .comment       0x000000000000032a       0x12 ../../shared/libosmocore/build-target/src/.libs/libosmocore.a(msgb.o)
 .comment       0x000000000000033c       0x12 ../../shared/libosmocore/build-target/src/.libs/libosmocore.a(panic.o)
 .comment       0x000000000000034e       0x12 ../../shared/libosmocore/build-target/src/gsm/.libs/libosmogsm.a(gsm_utils.o)
 .comment       0x0000000000000360       0x12 comm/libcomm.a(msgb.o)

.debug_ranges   0x0000000000000000      0x1a0
 .debug_ranges  0x0000000000000000       0x18 abb/twl3025.o
 .debug_ranges  0x0000000000000018       0x38 flash/cfi_flash.o
 .debug_ranges  0x0000000000000050       0x18 board/se_j100/init.o
 .debug_ranges  0x0000000000000068       0x40 fb/fb_ssd1963.o
 .debug_ranges  0x00000000000000a8       0x20 calypso/libcalypso.a(uart.o)
 .debug_ranges  0x00000000000000c8       0x58 lib/libmini.a(vsprintf.o)
 .debug_ranges  0x0000000000000120       0x38 lib/libmini.a(console.o)
 .debug_ranges  0x0000000000000158       0x18 comm/libcomm.a(sercomm.o)
 .debug_ranges  0x0000000000000170       0x30 comm/libcomm.a(sercomm_cons.o)

Cross Reference Table

Symbol                                            File
_GLOBAL_OFFSET_TABLE_                             ../../shared/libosmocore/build-target/src/.libs/libosmocore.a(msgb.o)
                                                  ../../shared/libosmocore/build-target/src/gsm/.libs/libosmogsm.a(gsm_utils.o)
                                                  ../../shared/libosmocore/build-target/src/.libs/libosmocore.a(panic.o)
__aeabi_idiv                                      lib/libmini.a(lib1funcs.o)
__aeabi_idivmod                                   lib/libmini.a(lib1funcs.o)
__aeabi_uidiv                                     lib/libmini.a(lib1funcs.o)
__aeabi_uidivmod                                  lib/libmini.a(lib1funcs.o)
__bss_end                                         board/compal/start.ram.o
__bss_start                                       board/compal/start.ram.o
__div0                                            lib/libmini.a(lib1funcs.o)
                                                  lib/libmini.a(div64.o)
__divsi3                                          lib/libmini.a(lib1funcs.o)
                                                  ../../shared/libosmocore/build-target/src/gsm/.libs/libosmogsm.a(gsm_utils.o)
                                                  comm/libcomm.a(timer.o)
__do_div64                                        lib/libmini.a(div64.o)
                                                  lib/libmini.a(vsprintf.o)
__modsi3                                          lib/libmini.a(lib1funcs.o)
                                                  ../../shared/libosmocore/build-target/src/gsm/.libs/libosmogsm.a(gsm_utils.o)
                                                  calypso/libcalypso.a(tpu.o)
__udivsi3                                         lib/libmini.a(lib1funcs.o)
                                                  ../../shared/libosmocore/build-target/src/gsm/.libs/libosmogsm.a(gsm_utils.o)
                                                  rf/trf6151.o
__umodsi3                                         lib/libmini.a(lib1funcs.o)
                                                  ../../shared/libosmocore/build-target/src/gsm/.libs/libosmogsm.a(gsm_utils.o)
_ctor_end                                         board/compal/start.ram.o
_ctor_start                                       board/compal/start.ram.o
_ctype                                            lib/libmini.a(ctype.o)
                                                  ../../shared/libosmocore/build-target/src/gsm/.libs/libosmogsm.a(gsm_utils.o)
                                                  lib/libmini.a(vsprintf.o)
_exceptions                                       calypso/libcalypso.a(irq.o)
_start                                            board/compal/start.ram.o
_talloc_zero                                      comm/libcomm.a(msgb.o)
                                                  ../../shared/libosmocore/build-target/src/.libs/libosmocore.a(msgb.o)
add_mod5000                                       calypso/libcalypso.a(tpu.o)
                                                  rf/trf6151.o
afc_initial_dac_value                             board/compal/rf_tables.o
afc_slope                                         board/compal/rf_tables.o
apc_offset                                        board/se_j100/tx_ramps.o
arm_disable_interrupts                            calypso/libcalypso.a(arm.o)
arm_enable_interrupts                             calypso/libcalypso.a(arm.o)
                                                  calypso/libcalypso.a(irq.o)
battery_dummy_init                                battery/dummy.o
battery_info                                      battery/dummy.o
                                                  apps/hello_world/main.o
bl_level                                          calypso/libcalypso.a(backlight.o)
                                                  board/se_j100/init.o
bl_mode_pwl                                       calypso/libcalypso.a(backlight.o)
                                                  board/se_j100/init.o
board_init                                        board/se_j100/init.o
                                                  apps/hello_world/main.o
calloc                                            ../../shared/libosmocore/build-target/src/gsm/.libs/libosmogsm.a(gsm_utils.o)
calypso_bootrom                                   calypso/libcalypso.a(clock.o)
                                                  board/se_j100/init.o
calypso_clk_dump                                  calypso/libcalypso.a(clock.o)
                                                  apps/hello_world/main.o
calypso_clock_set                                 calypso/libcalypso.a(clock.o)
                                                  board/se_j100/init.o
calypso_debugunit                                 calypso/libcalypso.a(clock.o)
calypso_exceptions_install                        calypso/libcalypso.a(irq.o)
                                                  board/se_j100/init.o
calypso_mem_cfg                                   calypso/libcalypso.a(clock.o)
                                                  board/se_j100/init.o
calypso_pll_set                                   calypso/libcalypso.a(clock.o)
calypso_reset_get                                 calypso/libcalypso.a(clock.o)
calypso_reset_set                                 calypso/libcalypso.a(clock.o)
                                                  fb/fb_ssd1963.o
calypso_rhea_cfg                                  calypso/libcalypso.a(clock.o)
                                                  board/se_j100/init.o
cons_bind_uart                                    lib/libmini.a(console.o)
                                                  board/se_j100/init.o
cons_get_uart                                     lib/libmini.a(console.o)
                                                  calypso/libcalypso.a(uart.o)
cons_init                                         lib/libmini.a(console.o)
                                                  calypso/libcalypso.a(uart.o)
cons_putchar                                      lib/libmini.a(console.o)
cons_puts                                         lib/libmini.a(console.o)
                                                  comm/libcomm.a(msgb.o)
cons_rb_append                                    lib/libmini.a(console.o)
cons_rb_flush                                     lib/libmini.a(console.o)
                                                  calypso/libcalypso.a(uart.o)
dbm2rxlev                                         ../../shared/libosmocore/build-target/src/gsm/.libs/libosmogsm.a(gsm_utils.o)
delay_ms                                          lib/libmini.a(delay.o)
                                                  calypso/libcalypso.a(spi.o)
                                                  fb/fb_ssd1963.o
                                                  abb/twl3025.o
delay_us                                          lib/libmini.a(delay.o)
                                                  calypso/libcalypso.a(tpu.o)
dispatch_buttons                                  calypso/libcalypso.a(keypad.o)
dma_init                                          calypso/libcalypso.a(dma.o)
                                                  board/se_j100/init.o
do_global_ctors                                   lib/libmini.a(ctors.o)
                                                  board/compal/start.ram.o
dump_dev_id                                       calypso/libcalypso.a(misc.o)
                                                  apps/hello_world/main.o
dump_mem                                          calypso/libcalypso.a(misc.o)
emit_key                                          calypso/libcalypso.a(keypad.o)
fb_font_get_char                                  fb/font.o
                                                  fb/fb_rgb332.o
fb_fonts                                          fb/font.o
                                                  fb/fb_rgb332.o
fb_rgb332                                         fb/fb_ssd1963.o
                                                  fb/fb_rgb332.o
fb_rgb332_boxto                                   fb/fb_rgb332.o
                                                  fb/fb_ssd1963.o
fb_rgb332_clear                                   fb/fb_rgb332.o
                                                  fb/fb_ssd1963.o
fb_rgb332_lineto                                  fb/fb_rgb332.o
                                                  fb/fb_ssd1963.o
fb_rgb332_putstr                                  fb/fb_rgb332.o
                                                  fb/fb_ssd1963.o
fiq                                               calypso/libcalypso.a(irq.o)
                                                  board/compal/handlers.o
fiq_entry                                         board/compal/handlers.o
                                                  board/compal/exceptions_redirected.o
flash_block_erase                                 flash/cfi_flash.o
flash_block_getlock                               flash/cfi_flash.o
flash_block_lock                                  flash/cfi_flash.o
flash_block_lockdown                              flash/cfi_flash.o
flash_block_unlock                                flash/cfi_flash.o
flash_get_id                                      flash/cfi_flash.o
flash_init                                        flash/cfi_flash.o
flash_program                                     flash/cfi_flash.o
font_c64                                          fb/c64.o
                                                  fb/font.o
font_helvB14                                      fb/helvB14.o
                                                  fb/font.o
font_helvR08                                      fb/helvR08.o
                                                  fb/font.o
font_symbols                                      fb/symbols.o
                                                  fb/font.o
framebuffer                                       fb/fb_ssd1963.o
                                                  fb/fb_rgb332.o
                                                  board/se_j100/init.o
                                                  apps/hello_world/main.o
free                                              ../../shared/libosmocore/build-target/src/gsm/.libs/libosmogsm.a(gsm_utils.o)
gprs_tlli_type                                    ../../shared/libosmocore/build-target/src/gsm/.libs/libosmogsm.a(gsm_utils.o)
gprs_tmsi2tlli                                    ../../shared/libosmocore/build-target/src/gsm/.libs/libosmogsm.a(gsm_utils.o)
gsm_7bit_decode                                   ../../shared/libosmocore/build-target/src/gsm/.libs/libosmogsm.a(gsm_utils.o)
gsm_7bit_decode_hdr                               ../../shared/libosmocore/build-target/src/gsm/.libs/libosmogsm.a(gsm_utils.o)
gsm_7bit_encode                                   ../../shared/libosmocore/build-target/src/gsm/.libs/libosmogsm.a(gsm_utils.o)
gsm_arfcn2band                                    ../../shared/libosmocore/build-target/src/gsm/.libs/libosmogsm.a(gsm_utils.o)
                                                  rf/trf6151.o
gsm_arfcn2freq10                                  ../../shared/libosmocore/build-target/src/gsm/.libs/libosmogsm.a(gsm_utils.o)
                                                  rf/trf6151.o
gsm_band_name                                     ../../shared/libosmocore/build-target/src/gsm/.libs/libosmogsm.a(gsm_utils.o)
gsm_band_parse                                    ../../shared/libosmocore/build-target/src/gsm/.libs/libosmogsm.a(gsm_utils.o)
gsm_fn2gsmtime                                    ../../shared/libosmocore/build-target/src/gsm/.libs/libosmogsm.a(gsm_utils.o)
gsm_get_octet_len                                 ../../shared/libosmocore/build-target/src/gsm/.libs/libosmogsm.a(gsm_utils.o)
gsm_gsmtime2fn                                    ../../shared/libosmocore/build-target/src/gsm/.libs/libosmogsm.a(gsm_utils.o)
gsm_septet_encode                                 ../../shared/libosmocore/build-target/src/gsm/.libs/libosmogsm.a(gsm_utils.o)
gsm_septets2octets                                ../../shared/libosmocore/build-target/src/gsm/.libs/libosmogsm.a(gsm_utils.o)
handle_abort                                      board/compal/handlers.o
                                                  board/compal/exceptions_redirected.o
hr                                                apps/hello_world/main.o
hwtimer_config                                    calypso/libcalypso.a(timer.o)
                                                  comm/libcomm.a(timer.o)
hwtimer_enable                                    calypso/libcalypso.a(timer.o)
                                                  comm/libcomm.a(timer.o)
hwtimer_init                                      calypso/libcalypso.a(timer.o)
                                                  board/se_j100/init.o
hwtimer_load                                      calypso/libcalypso.a(timer.o)
                                                  comm/libcomm.a(timer.o)
hwtimer_read                                      calypso/libcalypso.a(timer.o)
irq                                               calypso/libcalypso.a(irq.o)
[...]
manifest_revision                                 board/se_j100/hello_world.compalram.manifest.o
memcpy                                            lib/libmini.a(memcpy.o)
                                                  ../../shared/libosmocore/build-target/src/gsm/.libs/libosmogsm.a(gsm_utils.o)
                                                  lib/libmini.a(console.o)
                                                  fb/fb_ssd1963.o
memdump_asm                                       board/common/calypso_uart.o
memdump_range                                     calypso/libcalypso.a(misc.o)
memset                                            lib/libmini.a(memset.o)
                                                  comm/libcomm.a(msgb.o)
                                                  ../../shared/libosmocore/build-target/src/.libs/libosmocore.a(msgb.o)
                                                  lib/libmini.a(console.o)
ms_class_gmsk_dbm                                 ../../shared/libosmocore/build-target/src/gsm/.libs/libosmogsm.a(gsm_utils.o)
ms_pwr_ctl_lvl                                    ../../shared/libosmocore/build-target/src/gsm/.libs/libosmogsm.a(gsm_utils.o)
ms_pwr_dbm                                        ../../shared/libosmocore/build-target/src/gsm/.libs/libosmogsm.a(gsm_utils.o)
msgb_alloc                                        ../../shared/libosmocore/build-target/src/.libs/libosmocore.a(msgb.o)
                                                  comm/libcomm.a(sercomm_cons.o)
                                                  comm/libcomm.a(sercomm.o)
msgb_data                                         ../../shared/libosmocore/build-target/src/.libs/libosmocore.a(msgb.o)
msgb_dequeue                                      ../../shared/libosmocore/build-target/src/.libs/libosmocore.a(msgb.o)
                                                  comm/libcomm.a(sercomm.o)
msgb_enqueue                                      ../../shared/libosmocore/build-target/src/.libs/libosmocore.a(msgb.o)
                                                  comm/libcomm.a(sercomm.o)
msgb_free                                         ../../shared/libosmocore/build-target/src/.libs/libosmocore.a(msgb.o)
                                                  comm/libcomm.a(sercomm.o)
                                                  apps/hello_world/main.o
msgb_length                                       ../../shared/libosmocore/build-target/src/.libs/libosmocore.a(msgb.o)
msgb_reset                                        ../../shared/libosmocore/build-target/src/.libs/libosmocore.a(msgb.o)
msgb_set_talloc_ctx                               ../../shared/libosmocore/build-target/src/.libs/libosmocore.a(msgb.o)
osmo_panic                                        ../../shared/libosmocore/build-target/src/.libs/libosmocore.a(panic.o)
                                                  comm/libcomm.a(sercomm_cons.o)
                                                  comm/libcomm.a(sercomm.o)
osmo_set_panic_handler                            ../../shared/libosmocore/build-target/src/.libs/libosmocore.a(panic.o)
osmo_timer_add                                    comm/libcomm.a(timer.o)
osmo_timer_del                                    comm/libcomm.a(timer.o)
osmo_timer_pending                                comm/libcomm.a(timer.o)
osmo_timer_schedule                               comm/libcomm.a(timer.o)
                                                  apps/hello_world/main.o
osmo_timers_check                                 comm/libcomm.a(timer.o)
osmo_timers_update                                comm/libcomm.a(timer.o)
                                                  apps/hello_world/main.o
phex                                              board/common/calypso_uart.o
                                                  board/compal/handlers.o
phexubf                                           board/common/calypso_uart.o
power_hold                                        calypso/libcalypso.a(keypad.o)
printf                                            lib/libmini.a(printf.o)
                                                  calypso/libcalypso.a(timer.o)
                                                  calypso/libcalypso.a(misc.o)
                                                  calypso/libcalypso.a(keypad.o)
                                                  calypso/libcalypso.a(clock.o)
                                                  fb/fb_ssd1963.o
                                                  board/compal/readcal_common.o
                                                  flash/cfi_flash.o
                                                  abb/twl3025.o
                                                  apps/hello_world/main.o
putchar_asm                                       board/common/calypso_uart.o
                                                  board/compal/handlers.o
puts                                              lib/libmini.a(vsprintf.o)
                                                  lib/libmini.a(printf.o)
                                                  calypso/libcalypso.a(uart.o)
                                                  calypso/libcalypso.a(timer.o)
                                                  calypso/libcalypso.a(misc.o)
                                                  calypso/libcalypso.a(tpu.o)
                                                  rf/trf6151.o
                                                  abb/twl3025.o
                                                  apps/hello_world/main.o
puts_asm                                          board/common/calypso_uart.o
pwl_init                                          board/common/calypso_pwl.o
pwl_set_level                                     board/common/calypso_pwl.o
read_compal_factory_records                       board/compal/readcal_common.o
                                                  board/compal/readcal_small.o
read_factory_rf_calibration                       board/compal/readcal_small.o
rf_arfcn                                          rf/trf6151.o
rf_tx_chan_cal_1800                               board/common/tx_calchan.o
rf_tx_chan_cal_1900                               board/common/tx_calchan.o
rf_tx_chan_cal_850                                board/common/tx_calchan.o
rf_tx_chan_cal_900                                board/common/tx_calchan.o
rf_tx_levels_1800                                 board/compal/rf_tables.o
                                                  board/compal/readcal_common.o
rf_tx_levels_1900                                 board/compal/rf_tables.o
                                                  board/compal/readcal_common.o
rf_tx_levels_850                                  board/compal/rf_tables.o
                                                  board/compal/readcal_common.o
rf_tx_levels_900                                  board/compal/rf_tables.o
                                                  board/compal/readcal_common.o
rf_tx_ramps_1800                                  board/se_j100/tx_ramps.o
rf_tx_ramps_1900                                  board/se_j100/tx_ramps.o
rf_tx_ramps_850                                   board/se_j100/tx_ramps.o
rf_tx_ramps_900                                   board/se_j100/tx_ramps.o
rffe_compute_gain                                 board/compal/rffe_dualband.o
rffe_get_gain                                     board/compal/rffe_dualband.o
rffe_get_rx_ports                                 board/compal/rffe_dualband.o
                                                  rf/trf6151.o
rffe_get_tx_ports                                 board/compal/rffe_dualband.o
rffe_init                                         board/compal/rffe_dualband.o
rffe_iq_swapped                                   board/compal/rffe_dualband.o
rffe_mode                                         board/compal/rffe_dualband.o
rffe_rx_win_ctrl                                  board/compal/rffe_dualband.o
rffe_set_gain                                     board/compal/rffe_dualband.o
rtc_init                                          calypso/libcalypso.a(rtc.o)
                                                  board/se_j100/init.o
rxlev2dbm                                         ../../shared/libosmocore/build-target/src/gsm/.libs/libosmogsm.a(gsm_utils.o)
scnprintf                                         lib/libmini.a(vsprintf.o)
sercomm_bind_uart                                 comm/libcomm.a(sercomm.o)
                                                  board/se_j100/init.o
sercomm_drv_pull                                  comm/libcomm.a(sercomm.o)
                                                  calypso/libcalypso.a(uart.o)
sercomm_drv_rx_char                               comm/libcomm.a(sercomm.o)
                                                  calypso/libcalypso.a(uart.o)
sercomm_get_uart                                  comm/libcomm.a(sercomm.o)
                                                  comm/libcomm.a(sercomm_cons.o)
                                                  calypso/libcalypso.a(uart.o)
sercomm_init                                      comm/libcomm.a(sercomm.o)
                                                  calypso/libcalypso.a(uart.o)
sercomm_initialized                               comm/libcomm.a(sercomm.o)
                                                  comm/libcomm.a(sercomm_cons.o)
sercomm_putchar                                   comm/libcomm.a(sercomm_cons.o)
                                                  calypso/libcalypso.a(misc.o)
sercomm_puts                                      comm/libcomm.a(sercomm_cons.o)
                                                  lib/libmini.a(vsprintf.o)
sercomm_register_rx_cb                            comm/libcomm.a(sercomm.o)
                                                  apps/hello_world/main.o
sercomm_sendmsg                                   comm/libcomm.a(sercomm.o)
                                                  comm/libcomm.a(sercomm_cons.o)
sercomm_tx_queue_depth                            comm/libcomm.a(sercomm.o)
                                                  comm/libcomm.a(sercomm_cons.o)
snprintf                                          lib/libmini.a(vsprintf.o)
                                                  apps/hello_world/main.o
spi_init                                          calypso/libcalypso.a(spi.o)
                                                  abb/twl3025.o
spi_xfer                                          calypso/libcalypso.a(spi.o)
                                                  abb/twl3025.o
sprintf                                           lib/libmini.a(vsprintf.o)
sscanf                                            lib/libmini.a(vsprintf.o)
strlen                                            lib/libmini.a(string.o)
                                                  ../../shared/libosmocore/build-target/src/gsm/.libs/libosmogsm.a(gsm_utils.o)
                                                  comm/libcomm.a(sercomm_cons.o)
                                                  lib/libmini.a(console.o)
strnlen                                           lib/libmini.a(string.o)
                                                  lib/libmini.a(vsprintf.o)
strtol                                            lib/libmini.a(vsprintf.o)
                                                  ../../shared/libosmocore/build-target/src/gsm/.libs/libosmogsm.a(gsm_utils.o)
strtoll                                           lib/libmini.a(vsprintf.o)
strtoul                                           lib/libmini.a(vsprintf.o)
strtoull                                          lib/libmini.a(vsprintf.o)
system_inherent_gain                              board/compal/rffe_dualband.o
                                                  rf/trf6151.o
tall_msgb_ctx                                     ../../shared/libosmocore/build-target/src/.libs/libosmocore.a(msgb.o)
talloc_free                                       comm/libcomm.a(msgb.o)
                                                  ../../shared/libosmocore/build-target/src/.libs/libosmocore.a(msgb.o)
timer_init                                        comm/libcomm.a(timer.o)
                                                  board/se_j100/init.o
tpu_clk_enable                                    calypso/libcalypso.a(tpu.o)
tpu_dsp_fameirq_pending                           calypso/libcalypso.a(tpu.o)
tpu_dsp_frameirq_enable                           calypso/libcalypso.a(tpu.o)
tpu_enable                                        calypso/libcalypso.a(tpu.o)
                                                  rf/trf6151.o
tpu_enqueue                                       calypso/libcalypso.a(tpu.o)
                                                  calypso/libcalypso.a(tsp.o)
                                                  rf/trf6151.o
                                                  abb/twl3025.o
tpu_force_dsp_frame_irq                           calypso/libcalypso.a(tpu.o)
tpu_frame_irq_en                                  calypso/libcalypso.a(tpu.o)
tpu_get_offset                                    calypso/libcalypso.a(tpu.o)
tpu_get_synchro                                   calypso/libcalypso.a(tpu.o)
tpu_init                                          calypso/libcalypso.a(tpu.o)
tpu_reset                                         calypso/libcalypso.a(tpu.o)
tpu_rewind                                        calypso/libcalypso.a(tpu.o)
tpu_test                                          calypso/libcalypso.a(tpu.o)
tpu_wait_idle                                     calypso/libcalypso.a(tpu.o)
                                                  rf/trf6151.o
trf6151_calib_dc_offs                             rf/trf6151.o
trf6151_compute_gain                              rf/trf6151.o
                                                  board/compal/rffe_dualband.o
trf6151_get_gain                                  rf/trf6151.o
                                                  board/compal/rffe_dualband.o
trf6151_get_gain_reg                              rf/trf6151.o
trf6151_init                                      rf/trf6151.o
                                                  board/compal/rffe_dualband.o
trf6151_iq_swapped                                rf/trf6151.o
                                                  board/compal/rffe_dualband.o
trf6151_power                                     rf/trf6151.o
trf6151_rx_window                                 rf/trf6151.o
trf6151_set_arfcn                                 rf/trf6151.o
trf6151_set_gain                                  rf/trf6151.o
                                                  board/compal/rffe_dualband.o
trf6151_set_gain_reg                              rf/trf6151.o
trf6151_set_mode                                  rf/trf6151.o
trf6151_test                                      rf/trf6151.o
trf6151_tx_test                                   rf/trf6151.o
trf6151_tx_window                                 rf/trf6151.o
tsp_act_disable                                   calypso/libcalypso.a(tsp.o)
                                                  calypso/libcalypso.a(tpu.o)
                                                  rf/trf6151.o
tsp_act_enable                                    calypso/libcalypso.a(tsp.o)
                                                  calypso/libcalypso.a(tpu.o)
                                                  rf/trf6151.o
tsp_act_state                                     calypso/libcalypso.a(tsp.o)
                                                  board/compal/rffe_dualband.o
tsp_act_toggle                                    calypso/libcalypso.a(tsp.o)
tsp_act_update                                    calypso/libcalypso.a(tsp.o)
                                                  board/compal/rffe_dualband.o
tsp_init                                          calypso/libcalypso.a(tsp.o)
tsp_setup                                         calypso/libcalypso.a(tsp.o)
                                                  board/compal/rffe_dualband.o
                                                  rf/trf6151.o
tsp_write                                         calypso/libcalypso.a(tsp.o)
                                                  rf/trf6151.o
                                                  abb/twl3025.o
twl3025_afc_get                                   abb/twl3025.o
twl3025_afc_set                                   abb/twl3025.o
twl3025_afcout_get                                abb/twl3025.o
twl3025_afcout_set                                abb/twl3025.o
twl3025_clk13m                                    abb/twl3025.o
twl3025_default_ramp                              abb/twl3025.o
twl3025_downlink                                  abb/twl3025.o
twl3025_get_pwon                                  abb/twl3025.o
                                                  calypso/libcalypso.a(keypad.o)
twl3025_init                                      abb/twl3025.o
                                                  board/se_j100/init.o
twl3025_power_off                                 abb/twl3025.o
                                                  calypso/libcalypso.a(keypad.o)
twl3025_power_off_now                             abb/twl3025.o
twl3025_reg_read                                  abb/twl3025.o
twl3025_reg_write                                 abb/twl3025.o
twl3025_tsp_write                                 abb/twl3025.o
twl3025_unit_enable                               abb/twl3025.o
twl3025_uplink                                    abb/twl3025.o
uart_baudrate                                     calypso/libcalypso.a(uart.o)
                                                  board/se_j100/init.o
uart_getchar_nb                                   calypso/libcalypso.a(uart.o)
uart_init                                         calypso/libcalypso.a(uart.o)
                                                  board/se_j100/init.o
uart_irq_enable                                   calypso/libcalypso.a(uart.o)
                                                  comm/libcomm.a(sercomm.o)
                                                  lib/libmini.a(console.o)
uart_poll                                         calypso/libcalypso.a(uart.o)
uart_putchar_nb                                   calypso/libcalypso.a(uart.o)
                                                  lib/libmini.a(console.o)
uart_putchar_wait                                 calypso/libcalypso.a(uart.o)
                                                  comm/libcomm.a(sercomm_cons.o)
                                                  lib/libmini.a(console.o)
uart_tx_busy                                      calypso/libcalypso.a(uart.o)
                                                  lib/libmini.a(console.o)
uwire_init                                        calypso/libcalypso.a(uwire.o)
                                                  fb/fb_ssd1963.o
uwire_xfer                                        calypso/libcalypso.a(uwire.o)
                                                  fb/fb_ssd1963.o
vscnprintf                                        lib/libmini.a(vsprintf.o)
vsnprintf                                         lib/libmini.a(vsprintf.o)
                                                  lib/libmini.a(printf.o)
vsprintf                                          lib/libmini.a(vsprintf.o)
vsscanf                                           lib/libmini.a(vsprintf.o)
wdog_enable                                       calypso/libcalypso.a(timer.o)
                                                  board/se_j100/init.o
wdog_reset                                        calypso/libcalypso.a(timer.o)
write_battery_info                                apps/hello_world/main.o
